<html>
<body>
<pre>
<h1>µVision Build Log</h1>
<h2>Tool Versions:</h2>
IDE-Version: ¦ÌVision V5.25.3.0
Copyright (C) 2018 ARM Ltd and ARM Germany GmbH. All rights reserved.
License Information: lei yu, ASRST, LIC=YA39H-W203V-ARLXW-QCCU5-79GM0-UEGNN
 
Tool Versions:
Toolchain:       MDK-ARM Plus  Version: 5.30.0.0
Toolchain Path:  C:\Program Files\Keil\ARM\ARMCC\Bin
C Compiler:      Armcc.exe V5.06 update 6 (build 750)
Assembler:       Armasm.exe V5.06 update 6 (build 750)
Linker/Locator:  ArmLink.exe V5.06 update 6 (build 750)
Library Manager: ArmAr.exe V5.06 update 6 (build 750)
Hex Converter:   FromElf.exe V5.06 update 6 (build 750)
CPU DLL:         SARMCM3.DLL V5.30.0.0
Dialog DLL:      DCM.DLL V1.17.3.0
Target DLL:      STLink\ST-LINKIII-KEIL_SWO.dll V3.0.7.0
Dialog DLL:      TCM.DLL V1.42.0.0
 
<h2>Project:</h2>
D:\Program\FMU\MDK-ARM\FMU.uvprojx
Project File Date:  05/23/2024

<h2>Output:</h2>
*** Using Compiler 'V5.06 update 6 (build 750)', folder: 'C:\Program Files\Keil\ARM\ARMCC\Bin'
Rebuild target 'FMU'
assembling startup_stm32h743xx.s...
compiling freertos.c...
compiling stm32h7xx_hal_timebase_tim.c...
compiling stm32h7xx_hal_msp.c...
compiling stm32h7xx_hal_adc.c...
compiling stm32h7xx_hal_flash_ex.c...
compiling stm32h7xx_hal_flash.c...
compiling stm32h7xx_it.c...
compiling stm32h7xx_hal_rcc.c...
compiling stm32h7xx_hal_adc_ex.c...
compiling stm32h7xx_hal_rcc_ex.c...
compiling main.c...
../Program/Inc/airspeed.h(12): warning:  #1-D: last line of file ends without a newline
  #endif
../Core/Src/main.c(209): warning:  #167-D: argument of type "uint8_t *" is incompatible with parameter of type "char *__restrict__"
  	sprintf(SendBuff,"%s:FMU is checking!\r\n");
../Core/Src/main.c(209): warning:  #224-D: the format string requires additional arguments
  	sprintf(SendBuff,"%s:FMU is checking!\r\n");
../Core/Src/main.c(210): warning:  #167-D: argument of type "uint8_t *" is incompatible with parameter of type "char *"
  	InfoPrint(PrintChannel,SendBuff);
../Core/Src/main.c: 4 warnings, 0 errors
compiling stm32h7xx_hal.c...
compiling stm32h7xx_hal_pwr.c...
compiling stm32h7xx_hal_mdma.c...
compiling stm32h7xx_hal_hsem.c...
compiling stm32h7xx_hal_i2c_ex.c...
compiling stm32h7xx_hal_gpio.c...
compiling stm32h7xx_hal_i2c.c...
compiling stm32h7xx_hal_cortex.c...
compiling stm32h7xx_hal_dma_ex.c...
compiling stm32h7xx_hal_pwr_ex.c...
compiling stm32h7xx_hal_dma.c...
compiling stm32h7xx_hal_spi_ex.c...
compiling stm32h7xx_hal_spi.c...
compiling stm32h7xx_ll_delayblock.c...
compiling stm32h7xx_hal_tim_ex.c...
compiling stm32h7xx_hal_sd_ex.c...
compiling stm32h7xx_ll_sdmmc.c...
compiling stm32h7xx_hal_uart_ex.c...
compiling stm32h7xx_hal_sd.c...
compiling stm32h7xx_hal_exti.c...
compiling stm32h7xx_hal_uart.c...
compiling stm32h7xx_hal_tim.c...
compiling croutine.c...
compiling event_groups.c...
compiling list.c...
compiling queue.c...
compiling stream_buffer.c...
compiling tasks.c...
compiling timers.c...
compiling cmsis_os.c...
compiling heap_4.c...
compiling port.c...
compiling ff.c...
compiling bsp_driver_sd.c...
compiling fatfs_platform.c...
compiling system_stm32h7xx.c...
compiling delay.c...
compiling cc936.c...
compiling fatfs.c...
compiling ff_gen_drv.c...
compiling syscall.c...
compiling diskio.c...
compiling airspeed.c...
../Program/Inc/airspeed.h(12): warning:  #1-D: last line of file ends without a newline
  #endif
..\Program\Src\airspeed.c(4): warning:  #550-D: parameter "tube_dia_mm"  was set but never used
  float calc_IAS_corrected(float tube_len, float tube_dia_mm, float differential_pressure, float pressure_ambient, float temperature_celsius)
..\Program\Src\airspeed.c: 2 warnings, 0 errors
compiling sd_diskio.c...
compiling ms5525.c...
compiling teleport.c...
..\Program\Src\teleport.c(21): warning:  #167-D: argument of type "char *" is incompatible with parameter of type "const uint8_t *"
  		HAL_UART_Transmit_DMA(TeleHandle,info,strlen(info));
..\Program\Src\teleport.c: 1 warning, 0 errors
compiling printf.c...
compiling control.c...
compiling navigation.c...
..\Program\Src\navigation.c(15): warning:  #550-D: variable "a_n"  was set but never used
  	static double a_n=0,a_e=0,a_u=0;
..\Program\Src\navigation.c(15): warning:  #550-D: variable "a_e"  was set but never used
  	static double a_n=0,a_e=0,a_u=0;
..\Program\Src\navigation.c(15): warning:  #550-D: variable "a_u"  was set but never used
  	static double a_n=0,a_e=0,a_u=0;
..\Program\Src\navigation.c(16): warning:  #177-D: variable "v_n"  was declared but never referenced
  	static double v_n=0,v_e=0,v_u=0;
..\Program\Src\navigation.c(16): warning:  #177-D: variable "v_e"  was declared but never referenced
  	static double v_n=0,v_e=0,v_u=0;
..\Program\Src\navigation.c(16): warning:  #177-D: variable "v_u"  was declared but never referenced
  	static double v_n=0,v_e=0,v_u=0;
..\Program\Src\navigation.c(17): warning:  #177-D: variable "p_n"  was declared but never referenced
  	static double p_n=0,p_e=0,p_u=0;
..\Program\Src\navigation.c(17): warning:  #177-D: variable "p_e"  was declared but never referenced
  	static double p_n=0,p_e=0,p_u=0;
..\Program\Src\navigation.c(17): warning:  #177-D: variable "p_u"  was declared but never referenced
  	static double p_n=0,p_e=0,p_u=0;
..\Program\Src\navigation.c: 9 warnings, 0 errors
compiling imu.c...
compiling tf.c...
compiling taskinit.c...
..\Program\Src\taskinit.c(316): warning:  #167-D: argument of type "uint8_t *" is incompatible with parameter of type "char *__restrict__"
  				sprintf(ControlMode,"Manual");
..\Program\Src\taskinit.c(319): warning:  #167-D: argument of type "uint8_t *" is incompatible with parameter of type "char *__restrict__"
  				sprintf(ControlMode,"Stable");
..\Program\Src\taskinit.c(322): warning:  #167-D: argument of type "uint8_t *" is incompatible with parameter of type "char *__restrict__"
  				sprintf(ControlMode,"Height");
..\Program\Src\taskinit.c(325): warning:  #167-D: argument of type "uint8_t *" is incompatible with parameter of type "char *__restrict__"
  		sprintf(SendBuff,"%s  p:%0.2f  r:%0.2f  y:%0.2f  h:%0.2f  lat:%0.8f  lon:%0.8f  s:%0.2f  v:%0.2f\r\n",ControlMode,IMUData.pitch,IMUData.roll,IMUData.yaw,GNSSData.alt,GNSSData.lat,GNSSData.lon,GNSSData.velocity,voltage);
..\Program\Src\taskinit.c(326): warning:  #167-D: argument of type "uint8_t *" is incompatible with parameter of type "char *"
  		InfoPrint(PrintChannel,SendBuff);
..\Program\Src\taskinit.c(299): warning:  #550-D: variable "current"  was set but never used
  	double voltage,current;
..\Program\Src\taskinit.c: 6 warnings, 0 errors
compiling gnss.c...
..\Program\Src\gnss.c(65): warning:  #550-D: variable "angle"  was set but never used
  	double angle,velocity;
..\Program\Src\gnss.c: 1 warning, 0 errors
compiling receiver.c...
linking...
Program Size: Code=62672 RO-data=1672 RW-data=424 ZI-data=35808  
FromELF: creating hex file...
"FMU\FMU.axf" - 0 Error(s), 23 Warning(s).

<h2>Software Packages used:</h2>

Package Vendor: ARM
                http://www.keil.com/pack/ARM.CMSIS.5.7.0.pack
                ARM.CMSIS.5.7.0
                CMSIS (Cortex Microcontroller Software Interface Standard)
   * Component: CORE Version: 5.4.0

Package Vendor: Keil
                https://www.keil.com/pack/Keil.STM32H7xx_DFP.3.1.1.pack
                Keil.STM32H7xx_DFP.3.1.1
                STMicroelectronics STM32H7 Series Device Support and Examples

<h2>Collection of Component include folders:</h2>
  .\RTE\_FMU
  C:\Users\13728\AppData\Local\Arm\Packs\ARM\CMSIS\5.7.0\CMSIS\Core\Include
  C:\Users\13728\AppData\Local\Arm\Packs\Keil\STM32H7xx_DFP\3.1.1\Drivers\CMSIS\Device\ST\STM32H7xx\Include

<h2>Collection of Component Files used:</h2>

   * Component: ARM::CMSIS:CORE:5.4.0
Build Time Elapsed:  00:01:50
</pre>
</body>
</html>
