Component: ARM Compiler 5.06 update 6 (build 750) Tool: armlink [4d35ed]

==============================================================================

Section Cross References

    startup_stm32h743xx.o(STACK) refers (Special) to heapauxi.o(.text) for __use_two_region_memory
    startup_stm32h743xx.o(HEAP) refers (Special) to heapauxi.o(.text) for __use_two_region_memory
    startup_stm32h743xx.o(RESET) refers (Special) to heapauxi.o(.text) for __use_two_region_memory
    startup_stm32h743xx.o(RESET) refers to startup_stm32h743xx.o(STACK) for __initial_sp
    startup_stm32h743xx.o(RESET) refers to startup_stm32h743xx.o(.text) for Reset_Handler
    startup_stm32h743xx.o(RESET) refers to stm32h7xx_it.o(i.NMI_Handler) for NMI_Handler
    startup_stm32h743xx.o(RESET) refers to stm32h7xx_it.o(i.HardFault_Handler) for HardFault_Handler
    startup_stm32h743xx.o(RESET) refers to stm32h7xx_it.o(i.MemManage_Handler) for MemManage_Handler
    startup_stm32h743xx.o(RESET) refers to stm32h7xx_it.o(i.BusFault_Handler) for BusFault_Handler
    startup_stm32h743xx.o(RESET) refers to stm32h7xx_it.o(i.UsageFault_Handler) for UsageFault_Handler
    startup_stm32h743xx.o(RESET) refers to port.o(.emb_text) for SVC_Handler
    startup_stm32h743xx.o(RESET) refers to stm32h7xx_it.o(i.DebugMon_Handler) for DebugMon_Handler
    startup_stm32h743xx.o(RESET) refers to port.o(i.SysTick_Handler) for SysTick_Handler
    startup_stm32h743xx.o(RESET) refers to stm32h7xx_it.o(i.DMA1_Stream0_IRQHandler) for DMA1_Stream0_IRQHandler
    startup_stm32h743xx.o(RESET) refers to stm32h7xx_it.o(i.DMA1_Stream1_IRQHandler) for DMA1_Stream1_IRQHandler
    startup_stm32h743xx.o(RESET) refers to stm32h7xx_it.o(i.DMA1_Stream2_IRQHandler) for DMA1_Stream2_IRQHandler
    startup_stm32h743xx.o(RESET) refers to stm32h7xx_it.o(i.DMA1_Stream3_IRQHandler) for DMA1_Stream3_IRQHandler
    startup_stm32h743xx.o(RESET) refers to stm32h7xx_it.o(i.DMA1_Stream4_IRQHandler) for DMA1_Stream4_IRQHandler
    startup_stm32h743xx.o(RESET) refers to stm32h7xx_it.o(i.DMA1_Stream5_IRQHandler) for DMA1_Stream5_IRQHandler
    startup_stm32h743xx.o(RESET) refers to stm32h7xx_it.o(i.DMA1_Stream6_IRQHandler) for DMA1_Stream6_IRQHandler
    startup_stm32h743xx.o(RESET) refers to stm32h7xx_it.o(i.USART1_IRQHandler) for USART1_IRQHandler
    startup_stm32h743xx.o(RESET) refers to stm32h7xx_it.o(i.USART2_IRQHandler) for USART2_IRQHandler
    startup_stm32h743xx.o(RESET) refers to stm32h7xx_it.o(i.USART3_IRQHandler) for USART3_IRQHandler
    startup_stm32h743xx.o(RESET) refers to stm32h7xx_it.o(i.SDMMC1_IRQHandler) for SDMMC1_IRQHandler
    startup_stm32h743xx.o(RESET) refers to stm32h7xx_it.o(i.UART5_IRQHandler) for UART5_IRQHandler
    startup_stm32h743xx.o(RESET) refers to stm32h7xx_it.o(i.TIM6_DAC_IRQHandler) for TIM6_DAC_IRQHandler
    startup_stm32h743xx.o(RESET) refers to stm32h7xx_it.o(i.TIM7_IRQHandler) for TIM7_IRQHandler
    startup_stm32h743xx.o(RESET) refers to stm32h7xx_it.o(i.USART6_IRQHandler) for USART6_IRQHandler
    startup_stm32h743xx.o(RESET) refers to stm32h7xx_it.o(i.UART8_IRQHandler) for UART8_IRQHandler
    startup_stm32h743xx.o(RESET) refers to stm32h7xx_it.o(i.TIM17_IRQHandler) for TIM17_IRQHandler
    startup_stm32h743xx.o(.text) refers (Special) to heapauxi.o(.text) for __use_two_region_memory
    startup_stm32h743xx.o(.text) refers to system_stm32h7xx.o(i.SystemInit) for SystemInit
    startup_stm32h743xx.o(.text) refers to __main.o(!!!main) for __main
    startup_stm32h743xx.o(.text) refers to startup_stm32h743xx.o(HEAP) for Heap_Mem
    startup_stm32h743xx.o(.text) refers to startup_stm32h743xx.o(STACK) for Stack_Mem
    main.o(i.HAL_TIM_PeriodElapsedCallback) refers to stm32h7xx_hal.o(i.HAL_IncTick) for HAL_IncTick
    main.o(i.HAL_TIM_PeriodElapsedCallback) refers to control.o(i.ControlUpdata) for ControlUpdata
    main.o(i.HAL_TIM_PeriodElapsedCallback) refers to main.o(.data) for .data
    main.o(i.MX_ADC3_Init) refers to rt_memclr_w.o(.text) for __aeabi_memclr4
    main.o(i.MX_ADC3_Init) refers to stm32h7xx_hal_adc.o(i.HAL_ADC_Init) for HAL_ADC_Init
    main.o(i.MX_ADC3_Init) refers to stm32h7xx_hal_adc.o(i.HAL_ADC_ConfigChannel) for HAL_ADC_ConfigChannel
    main.o(i.MX_ADC3_Init) refers to main.o(.bss) for .bss
    main.o(i.MX_DMA_Init) refers to stm32h7xx_hal_cortex.o(i.HAL_NVIC_SetPriority) for HAL_NVIC_SetPriority
    main.o(i.MX_DMA_Init) refers to stm32h7xx_hal_cortex.o(i.HAL_NVIC_EnableIRQ) for HAL_NVIC_EnableIRQ
    main.o(i.MX_GPIO_Init) refers to rt_memclr_w.o(.text) for __aeabi_memclr4
    main.o(i.MX_GPIO_Init) refers to stm32h7xx_hal_gpio.o(i.HAL_GPIO_WritePin) for HAL_GPIO_WritePin
    main.o(i.MX_GPIO_Init) refers to stm32h7xx_hal_gpio.o(i.HAL_GPIO_Init) for HAL_GPIO_Init
    main.o(i.MX_I2C1_Init) refers to stm32h7xx_hal_i2c.o(i.HAL_I2C_Init) for HAL_I2C_Init
    main.o(i.MX_I2C1_Init) refers to stm32h7xx_hal_i2c_ex.o(i.HAL_I2CEx_ConfigAnalogFilter) for HAL_I2CEx_ConfigAnalogFilter
[...]
    LEDTwink_Prio                            0x240000b0   Data           4  taskinit.o(.data)
    FMUCheck_Prio                            0x240000b4   Data           4  taskinit.o(.data)
    FMUControlCalculation_Prio               0x240000b8   Data           4  taskinit.o(.data)
    SDWrite_Prio                             0x240000bc   Data           4  taskinit.o(.data)
    IMUReceive_Prio                          0x240000c0   Data           4  taskinit.o(.data)
    GNSSReceive_Prio                         0x240000c4   Data           4  taskinit.o(.data)
    ReceiverReceive_Prio                     0x240000c8   Data           4  taskinit.o(.data)
    TeleportTransmit_Prio                    0x240000cc   Data           4  taskinit.o(.data)
    FMUCheckEvent                            0x240000d0   Data           4  taskinit.o(.data)
    LEDTwink_Ret                             0x240000d4   Data           4  taskinit.o(.data)
    LEDTwink_TCB                             0x240000d8   Data           4  taskinit.o(.data)
    FMUCheck_Ret                             0x240000dc   Data           4  taskinit.o(.data)
    FMUCheck_TCB                             0x240000e0   Data           4  taskinit.o(.data)
    FMUControlCalculation_Ret                0x240000e4   Data           4  taskinit.o(.data)
    FMUControlCalculation_TCB                0x240000e8   Data           4  taskinit.o(.data)
    SDWrite_Ret                              0x240000ec   Data           4  taskinit.o(.data)
    SDWrite_TCB                              0x240000f0   Data           4  taskinit.o(.data)
    IMUReceive_Ret                           0x240000f4   Data           4  taskinit.o(.data)
    IMUReceive_TCB                           0x240000f8   Data           4  taskinit.o(.data)
    GNSSReceive_Ret                          0x240000fc   Data           4  taskinit.o(.data)
    GNSSReceive_TCB                          0x24000100   Data           4  taskinit.o(.data)
    ReceiverReceive_Ret                      0x24000104   Data           4  taskinit.o(.data)
    ReceiverReceive_TCB                      0x24000108   Data           4  taskinit.o(.data)
    TeleportTransmit_Ret                     0x2400010c   Data           4  taskinit.o(.data)
    TeleportTransmit_TCB                     0x24000110   Data           4  taskinit.o(.data)
    IMUSemaphore                             0x24000114   Data           4  imu.o(.data)
    IMUHigherTaskSwitch                      0x24000118   Data           4  imu.o(.data)
    ReceiverChannelPrevious                  0x2400011c   Data          32  receiver.o(.data)
    ReceiverChannelNeutral                   0x2400013c   Data          32  receiver.o(.data)
    ReceiverSemaphore                        0x2400015c   Data           4  receiver.o(.data)
    ReceiverHigherTaskSwitch                 0x24000160   Data           4  receiver.o(.data)
    TeleHandle                               0x24000164   Data           4  teleport.o(.data)
    PrintChannel                             0x24000168   Data           1  teleport.o(.data)
    GNSSHandle                               0x2400016c   Data           4  gnss.o(.data)
    GNSSSemaphore                            0x24000170   Data           4  gnss.o(.data)
    GNSSHigherTaskSwitch                     0x24000174   Data           4  gnss.o(.data)
    FMUControlMode                           0x24000178   Data           1  control.o(.data)
    ControlSemaphore                         0x2400017c   Data           4  control.o(.data)
    ControlHigherTaskSwitch                  0x24000180   Data           4  control.o(.data)
    PitchNeutral                             0x24000188   Data           8  control.o(.data)
    RollNeutral                              0x24000190   Data           8  control.o(.data)
    ControlTime                              0x24000198   Data           8  control.o(.data)
    expected_roll                            0x240001a0   Data           8  control.o(.data)
    expected_pitch                           0x240001a8   Data           8  control.o(.data)
    expected_yaw                             0x240001b0   Data           8  control.o(.data)
    expected_height                          0x240001b8   Data           8  control.o(.data)
    servo_roll                               0x240001c0   Data           8  control.o(.data)
    servo_pitch                              0x240001c8   Data           8  control.o(.data)
    integtal_pitch                           0x240001d0   Data           8  control.o(.data)
    FMUControlModePrevious                   0x240001d8   Data           1  control.o(.data)
    SDRet                                    0x240001d9   Data           1  tf.o(.data)
    FMUReturnFlag                            0x240001e0   Data           1  navigation.o(.data)
    ReturnDire                               0x24000248   Data           1  navigation.o(.data)
    hadc3                                    0x2400024c   Data         100  main.o(.bss)
    hi2c1                                    0x240002b0   Data          84  main.o(.bss)
    hsd1                                     0x24000304   Data         124  main.o(.bss)
    hspi1                                    0x24000380   Data         136  main.o(.bss)
    hspi2                                    0x24000408   Data         136  main.o(.bss)
    htim2                                    0x24000490   Data          76  main.o(.bss)
    htim3                                    0x240004dc   Data          76  main.o(.bss)
    htim4                                    0x24000528   Data          76  main.o(.bss)
    htim5                                    0x24000574   Data          76  main.o(.bss)
    htim6                                    0x240005c0   Data          76  main.o(.bss)
    htim7                                    0x2400060c   Data          76  main.o(.bss)
    huart4                                   0x24000658   Data         148  main.o(.bss)
    huart5                                   0x240006ec   Data         148  main.o(.bss)
    huart7                                   0x24000780   Data         148  main.o(.bss)
    huart8                                   0x24000814   Data         148  main.o(.bss)
    huart1                                   0x240008a8   Data         148  main.o(.bss)
    huart2                                   0x2400093c   Data         148  main.o(.bss)
    huart3                                   0x240009d0   Data         148  main.o(.bss)
    huart6                                   0x24000a64   Data         148  main.o(.bss)
    hdma_uart4_rx                            0x24000af8   Data         120  main.o(.bss)
    hdma_uart5_rx                            0x24000b70   Data         120  main.o(.bss)
    hdma_uart8_tx                            0x24000be8   Data         120  main.o(.bss)
    hdma_usart1_tx                           0x24000c60   Data         120  main.o(.bss)
    hdma_usart2_rx                           0x24000cd8   Data         120  main.o(.bss)
    hdma_usart3_rx                           0x24000d50   Data         120  main.o(.bss)
    hdma_usart6_rx                           0x24000dc8   Data         120  main.o(.bss)
    work                                     0x24000e40   Data         512  main.o(.bss)
    htim17                                   0x240011c4   Data          76  stm32h7xx_hal_timebase_tim.o(.bss)
    SDFatFS                                  0x24001210   Data         568  fatfs.o(.bss)
    SDFile                                   0x24001448   Data         560  fatfs.o(.bss)
    disk                                     0x24001698   Data          12  ff_gen_drv.o(.bss)
    xQueueRegistry                           0x240016a4   Data          64  queue.o(.bss)
    IMUReceiveBuff                           0x240055c8   Data          60  imu.o(.bss)
    IMUFifoBuff                              0x24005604   Data          60  imu.o(.bss)
    IMUData                                  0x24005640   Data         136  imu.o(.bss)
    ReceiverReceiveBuff                      0x240056c8   Data          25  receiver.o(.bss)
    ReceiverFifoBuff                         0x240056e1   Data          25  receiver.o(.bss)
    ReceiverChannel                          0x240056fa   Data          32  receiver.o(.bss)
    SendBuff                                 0x2400571a   Data         100  teleport.o(.bss)
    GNSSReceiveBuff                          0x2400577e   Data        1024  gnss.o(.bss)
    GNSSFifoBuff                             0x24005b7e   Data        1024  gnss.o(.bss)
    GNSSData                                 0x24005f80   Data          88  gnss.o(.bss)
    GNSS_msg                                 0x24005fd8   Data         168  gnss.o(.bss)
    FileName                                 0x24006080   Data          50  tf.o(.bss)
    StorageBuff                              0x240060b2   Data         512  tf.o(.bss)
    __libspace_start                         0x240062b4   Data          96  libspace.o(.bss)
    __temporary_stack_top$libspace           0x24006314   Data           0  libspace.o(.bss)



==============================================================================

Memory Map of the image

  Image Entry point : 0x08000299

  Load Region LR_IROM1 (Base: 0x08000000, Size: 0x0003dd20, Max: 0x00200000, ABSOLUTE, COMPRESSED[0x0003db18])

    Execution Region ER_IROM1 (Exec base: 0x08000000, Load base: 0x08000000, Size: 0x0003dad4, Max: 0x00200000, ABSOLUTE)

    Exec Addr    Load Addr    Size         Type   Attr      Idx    E Section Name        Object

    0x08000000   0x08000000   0x00000298   Data   RO            3    RESET               startup_stm32h743xx.o
    0x08000298   0x08000298   0x00000008   Code   RO         9276  * !!!main             c_w.l(__main.o)
    0x080002a0   0x080002a0   0x00000034   Code   RO         9652    !!!scatter          c_w.l(__scatter.o)
    0x080002d4   0x080002d4   0x0000005a   Code   RO         9650    !!dczerorl2         c_w.l(__dczerorl2.o)
    0x0800032e   0x0800032e   0x00000002   PAD
    0x08000330   0x08000330   0x0000001c   Code   RO         9654    !!handler_zi        c_w.l(__scatter_zi.o)
    0x0800034c   0x0800034c   0x00000000   Code   RO         9255    .ARM.Collect$$_printf_percent$$00000000  c_w.l(_printf_percent.o)
    0x0800034c   0x0800034c   0x00000006   Code   RO         9254    .ARM.Collect$$_printf_percent$$00000003  c_w.l(_printf_f.o)
    0x08000352   0x08000352   0x00000006   Code   RO         9252    .ARM.Collect$$_printf_percent$$00000009  c_w.l(_printf_d.o)
    0x08000358   0x08000358   0x00000006   Code   RO         9253    .ARM.Collect$$_printf_percent$$0000000A  c_w.l(_printf_u.o)
    0x0800035e   0x0800035e   0x00000006   Code   RO         9251    .ARM.Collect$$_printf_percent$$00000014  c_w.l(_printf_s.o)
    0x08000364   0x08000364   0x00000004   Code   RO         9379    .ARM.Collect$$_printf_percent$$00000017  c_w.l(_printf_percent_end.o)
    0x08000368   0x08000368   0x00000002   Code   RO         9523    .ARM.Collect$$libinit$$00000000  c_w.l(libinit.o)
    0x0800036a   0x0800036a   0x00000004   Code   RO         9524    .ARM.Collect$$libinit$$00000001  c_w.l(libinit2.o)
    0x0800036e   0x0800036e   0x00000000   Code   RO         9527    .ARM.Collect$$libinit$$00000004  c_w.l(libinit2.o)
    0x0800036e   0x0800036e   0x00000000   Code   RO         9530    .ARM.Collect$$libinit$$0000000A  c_w.l(libinit2.o)
    0x0800036e   0x0800036e   0x00000000   Code   RO         9532    .ARM.Collect$$libinit$$0000000C  c_w.l(libinit2.o)
    0x0800036e   0x0800036e   0x00000000   Code   RO         9534    .ARM.Collect$$libinit$$0000000E  c_w.l(libinit2.o)
    0x0800036e   0x0800036e   0x00000006   Code   RO         9535    .ARM.Collect$$libinit$$0000000F  c_w.l(libinit2.o)
    0x08000374   0x08000374   0x00000000   Code   RO         9537    .ARM.Collect$$libinit$$00000011  c_w.l(libinit2.o)
    0x08000374   0x08000374   0x00000000   Code   RO         9539    .ARM.Collect$$libinit$$00000013  c_w.l(libinit2.o)
    0x08000374   0x08000374   0x00000000   Code   RO         9541    .ARM.Collect$$libinit$$00000015  c_w.l(libinit2.o)
    0x08000374   0x08000374   0x0000000a   Code   RO         9542    .ARM.Collect$$libinit$$00000016  c_w.l(libinit2.o)
    0x0800037e   0x0800037e   0x00000000   Code   RO         9543    .ARM.Collect$$libinit$$00000017  c_w.l(libinit2.o)
    0x0800037e   0x0800037e   0x00000000   Code   RO         9545    .ARM.Collect$$libinit$$00000019  c_w.l(libinit2.o)
    0x0800037e   0x0800037e   0x00000000   Code   RO         9547    .ARM.Collect$$libinit$$0000001B  c_w.l(libinit2.o)
    0x0800037e   0x0800037e   0x00000000   Code   RO         9549    .ARM.Collect$$libinit$$0000001D  c_w.l(libinit2.o)
    0x0800037e   0x0800037e   0x00000000   Code   RO         9551    .ARM.Collect$$libinit$$0000001F  c_w.l(libinit2.o)
    0x0800037e   0x0800037e   0x00000000   Code   RO         9553    .ARM.Collect$$libinit$$00000021  c_w.l(libinit2.o)
    0x0800037e   0x0800037e   0x00000000   Code   RO         9555    .ARM.Collect$$libinit$$00000023  c_w.l(libinit2.o)
    0x0800037e   0x0800037e   0x00000000   Code   RO         9557    .ARM.Collect$$libinit$$00000025  c_w.l(libinit2.o)
    0x0800037e   0x0800037e   0x00000000   Code   RO         9561    .ARM.Collect$$libinit$$0000002C  c_w.l(libinit2.o)
    0x0800037e   0x0800037e   0x00000000   Code   RO         9563    .ARM.Collect$$libinit$$0000002E  c_w.l(libinit2.o)
    0x0800037e   0x0800037e   0x00000000   Code   RO         9565    .ARM.Collect$$libinit$$00000030  c_w.l(libinit2.o)
    0x0800037e   0x0800037e   0x00000000   Code   RO         9567    .ARM.Collect$$libinit$$00000032  c_w.l(libinit2.o)
    0x0800037e   0x0800037e   0x00000002   Code   RO         9568    .ARM.Collect$$libinit$$00000033  c_w.l(libinit2.o)
    0x08000380   0x08000380   0x00000002   Code   RO         9614    .ARM.Collect$$libshutdown$$00000000  c_w.l(libshutdown.o)
    0x08000382   0x08000382   0x00000000   Code   RO         9633    .ARM.Collect$$libshutdown$$00000002  c_w.l(libshutdown2.o)
    0x08000382   0x08000382   0x00000000   Code   RO         9635    .ARM.Collect$$libshutdown$$00000004  c_w.l(libshutdown2.o)
    0x08000382   0x08000382   0x00000000   Code   RO         9638    .ARM.Collect$$libshutdown$$00000007  c_w.l(libshutdown2.o)
    0x08000382   0x08000382   0x00000000   Code   RO         9641    .ARM.Collect$$libshutdown$$0000000A  c_w.l(libshutdown2.o)
    0x08000382   0x08000382   0x00000000   Code   RO         9643    .ARM.Collect$$libshutdown$$0000000C  c_w.l(libshutdown2.o)
    0x08000382   0x08000382   0x00000000   Code   RO         9646    .ARM.Collect$$libshutdown$$0000000F  c_w.l(libshutdown2.o)
    0x08000382   0x08000382   0x00000002   Code   RO         9647    .ARM.Collect$$libshutdown$$00000010  c_w.l(libshutdown2.o)
    0x08000384   0x08000384   0x00000000   Code   RO         9360    .ARM.Collect$$rtentry$$00000000  c_w.l(__rtentry.o)
    0x08000384   0x08000384   0x00000000   Code   RO         9437    .ARM.Collect$$rtentry$$00000002  c_w.l(__rtentry2.o)
    0x08000384   0x08000384   0x00000006   Code   RO         9449    .ARM.Collect$$rtentry$$00000004  c_w.l(__rtentry4.o)
    0x0800038a   0x0800038a   0x00000000   Code   RO         9439    .ARM.Collect$$rtentry$$00000009  c_w.l(__rtentry2.o)
    0x0800038a   0x0800038a   0x00000004   Code   RO         9440    .ARM.Collect$$rtentry$$0000000A  c_w.l(__rtentry2.o)
    0x0800038e   0x0800038e   0x00000000   Code   RO         9442    .ARM.Collect$$rtentry$$0000000C  c_w.l(__rtentry2.o)
    0x0800038e   0x0800038e   0x00000008   Code   RO         9443    .ARM.Collect$$rtentry$$0000000D  c_w.l(__rtentry2.o)
    0x08000396   0x08000396   0x00000002   Code   RO         9571    .ARM.Collect$$rtexit$$00000000  c_w.l(rtexit.o)
    0x08000398   0x08000398   0x00000000   Code   RO         9586    .ARM.Collect$$rtexit$$00000002  c_w.l(rtexit2.o)
    0x08000398   0x08000398   0x00000004   Code   RO         9587    .ARM.Collect$$rtexit$$00000003  c_w.l(rtexit2.o)
    0x0800039c   0x0800039c   0x00000006   Code   RO         9588    .ARM.Collect$$rtexit$$00000004  c_w.l(rtexit2.o)
    0x080003a2   0x080003a2   0x00000002   PAD
    0x080003a4   0x080003a4   0x000000be   Code   RO         8382    .emb_text           port.o
    0x08000462   0x08000462   0x00000002   PAD
    0x08000464   0x08000464   0x00000040   Code   RO            4    .text               startup_stm32h743xx.o
    0x080004a4   0x080004a4   0x00000002   Code   RO         9210    .text               c_w.l(use_no_semi_2.o)
    0x080004a6   0x080004a6   0x000000ee   Code   RO         9212    .text               c_w.l(lludivv7m.o)
    0x08000594   0x08000594   0x00000018   Code   RO         9220    .text               c_w.l(noretval__2printf.o)
    0x080005ac   0x080005ac   0x00000028   Code   RO         9222    .text               c_w.l(noretval__2sprintf.o)
    0x080005d4   0x080005d4   0x00000052   Code   RO         9226    .text               c_w.l(_printf_str.o)
    0x08000626   0x08000626   0x00000002   PAD
    0x08000628   0x08000628   0x00000078   Code   RO         9228    .text               c_w.l(_printf_dec.o)
    0x080006a0   0x080006a0   0x00000138   Code   RO         9242    .text               c_w.l(__printf_flags_wp.o)
    0x080007d8   0x080007d8   0x00000024   Code   RO         9256    .text               c_w.l(strstr.o)
    0x080007fc   0x080007fc   0x0000003e   Code   RO         9260    .text               c_w.l(strlen.o)
    0x0800083a   0x0800083a   0x0000008a   Code   RO         9262    .text               c_w.l(rt_memcpy_v6.o)
    0x080008c4   0x080008c4   0x00000064   Code   RO         9264    .text               c_w.l(rt_memcpy_w.o)
    0x08000928   0x08000928   0x00000010   Code   RO         9268    .text               c_w.l(aeabi_memset.o)
    0x08000938   0x08000938   0x00000044   Code   RO         9270    .text               c_w.l(rt_memclr.o)
    0x0800097c   0x0800097c   0x0000004e   Code   RO         9272    .text               c_w.l(rt_memclr_w.o)
    0x080009ca   0x080009ca   0x00000006   Code   RO         9274    .text               c_w.l(heapauxi.o)
    0x080009d0   0x080009d0   0x00000002   Code   RO         9358    .text               c_w.l(use_no_semi.o)
    0x080009d2   0x080009d2   0x00000016   Code   RO         9365    .text               c_w.l(_rserrno.o)
    0x080009e8   0x080009e8   0x000000b2   Code   RO         9367    .text               c_w.l(_printf_intcommon.o)
    0x08000a9a   0x08000a9a   0x0000041e   Code   RO         9369    .text               c_w.l(_printf_fp_dec.o)
    0x08000eb8   0x08000eb8   0x00000030   Code   RO         9371    .text               c_w.l(_printf_char_common.o)
    0x08000ee8   0x08000ee8   0x0000000a   Code   RO         9373    .text               c_w.l(_sputc.o)
    0x08000ef2   0x08000ef2   0x0000002c   Code   RO         9375    .text               c_w.l(_printf_char.o)
    0x08000f1e   0x08000f1e   0x00000002   PAD
    0x08000f20   0x08000f20   0x00000024   Code   RO         9377    .text               c_w.l(_printf_char_file.o)
    0x08000f44   0x08000f44   0x00000008   Code   RO         9456    .text               c_w.l(rt_locale_intlibspace.o)
    0x08000f4c   0x08000f4c   0x00000008   Code   RO         9461    .text               c_w.l(rt_errno_addr_intlibspace.o)
    0x08000f54   0x08000f54   0x0000008a   Code   RO         9463    .text               c_w.l(lludiv10.o)
    0x08000fde   0x08000fde   0x00000002   PAD
    0x08000fe0   0x08000fe0   0x00000080   Code   RO         9465    .text               c_w.l(_printf_fp_infnan.o)
    0x08001060   0x08001060   0x000000e4   Code   RO         9469    .text               c_w.l(bigflt0.o)
    0x08001144   0x08001144   0x00000008   Code   RO         9494    .text               c_w.l(ferror.o)
    0x0800114c   0x0800114c   0x00000008   Code   RO         9505    .text               c_w.l(libspace.o)
    0x08001154   0x08001154   0x0000004a   Code   RO         9508    .text               c_w.l(sys_stackheap_outer.o)
    0x0800119e   0x0800119e   0x00000012   Code   RO         9510    .text               c_w.l(exit.o)
    0x080011b0   0x080011b0   0x00000068   Code   RO         9516    .text               c_w.l(strcmpv7m_pel.o)
    0x08001218   0x08001218   0x0000003e   Code   RO         9472    CL$$btod_d2e        c_w.l(btod.o)
    0x08001256   0x08001256   0x00000046   Code   RO         9474    CL$$btod_d2e_denorm_low  c_w.l(btod.o)
    0x0800129c   0x0800129c   0x00000060   Code   RO         9473    CL$$btod_d2e_norm_op1  c_w.l(btod.o)
    0x080012fc   0x080012fc   0x00000338   Code   RO         9482    CL$$btod_div_common  c_w.l(btod.o)
    0x08001634   0x08001634   0x000000dc   Code   RO         9479    CL$$btod_e2e        c_w.l(btod.o)
    0x08001710   0x08001710   0x0000002a   Code   RO         9476    CL$$btod_ediv       c_w.l(btod.o)
    0x0800173a   0x0800173a   0x0000002a   Code   RO         9475    CL$$btod_emul       c_w.l(btod.o)
    0x08001764   0x08001764   0x00000244   Code   RO         9481    CL$$btod_mult_common  c_w.l(btod.o)
    0x080019a8   0x080019a8   0x00000108   Code   RO          786    i.ADC_ConfigureBoostMode  stm32h7xx_hal_adc.o
    0x08001ab0   0x08001ab0   0x000000e4   Code   RO          787    i.ADC_ConversionStop  stm32h7xx_hal_adc.o
    0x08001b94   0x08001b94   0x00000070   Code   RO          791    i.ADC_Disable       stm32h7xx_hal_adc.o
    0x08001c04   0x08001c04   0x000000a8   Code   RO          792    i.ADC_Enable        stm32h7xx_hal_adc.o
    0x08001cac   0x08001cac   0x00000018   Code   RO         6368    i.BSP_PlatformIsDetected  fatfs_platform.o
    0x08001cc4   0x08001cc4   0x0000000c   Code   RO         6167    i.BSP_SD_GetCardInfo  bsp_driver_sd.o
    0x08001cd0   0x08001cd0   0x00000018   Code   RO         6168    i.BSP_SD_GetCardState  bsp_driver_sd.o
    0x08001ce8   0x08001ce8   0x00000030   Code   RO         6170    i.BSP_SD_Init       bsp_driver_sd.o
    0x08001d18   0x08001d18   0x00000016   Code   RO         6171    i.BSP_SD_IsDetected  bsp_driver_sd.o
    0x08001d2e   0x08001d2e   0x00000002   PAD
    0x08001d30   0x08001d30   0x0000001c   Code   RO         6173    i.BSP_SD_ReadBlocks_DMA  bsp_driver_sd.o
    0x08001d4c   0x08001d4c   0x00000010   Code   RO         6280    i.BSP_SD_ReadCpltCallback  sd_diskio.o
    0x08001d5c   0x08001d5c   0x0000001c   Code   RO         6176    i.BSP_SD_WriteBlocks_DMA  bsp_driver_sd.o
    0x08001d78   0x08001d78   0x00000010   Code   RO         6281    i.BSP_SD_WriteCpltCallback  sd_diskio.o
    0x08001d88   0x08001d88   0x00000002   Code   RO          471    i.BusFault_Handler  stm32h7xx_it.o
    0x08001d8a   0x08001d8a   0x00000002   PAD
    0x08001d8c   0x08001d8c   0x00000034   Code   RO         8894    i.ControlStart      control.o
    0x08001dc0   0x08001dc0   0x00000014   Code   RO         8895    i.ControlStop       control.o
    0x08001dd4   0x08001dd4   0x00000048   Code   RO         8896    i.ControlUpdata     control.o
    0x08001e1c   0x08001e1c   0x0000000c   Code   RO          472    i.DMA1_Stream0_IRQHandler  stm32h7xx_it.o
    0x08001e28   0x08001e28   0x0000000c   Code   RO          473    i.DMA1_Stream1_IRQHandler  stm32h7xx_it.o
    0x08001e34   0x08001e34   0x0000000c   Code   RO          474    i.DMA1_Stream2_IRQHandler  stm32h7xx_it.o
    0x08001e40   0x08001e40   0x0000000c   Code   RO          475    i.DMA1_Stream3_IRQHandler  stm32h7xx_it.o
    0x08001e4c   0x08001e4c   0x0000000c   Code   RO          476    i.DMA1_Stream4_IRQHandler  stm32h7xx_it.o
    0x08001e58   0x08001e58   0x0000000c   Code   RO          477    i.DMA1_Stream5_IRQHandler  stm32h7xx_it.o
    0x08001e64   0x08001e64   0x0000000c   Code   RO          478    i.DMA1_Stream6_IRQHandler  stm32h7xx_it.o
    0x08001e70   0x08001e70   0x000000b4   Code   RO         1879    i.DMA_CalcBaseAndBitshift  stm32h7xx_hal_dma.o
    0x08001f24   0x08001f24   0x0000009c   Code   RO         1880    i.DMA_CalcDMAMUXChannelBaseAndMask  stm32h7xx_hal_dma.o
    0x08001fc0   0x08001fc0   0x00000074   Code   RO         1881    i.DMA_CalcDMAMUXRequestGenBaseAndMask  stm32h7xx_hal_dma.o
    0x08002034   0x08002034   0x00000054   Code   RO         1882    i.DMA_CheckFifoParam  stm32h7xx_hal_dma.o
    0x08002088   0x08002088   0x00000220   Code   RO         1883    i.DMA_SetConfig     stm32h7xx_hal_dma.o
    0x080022a8   0x080022a8   0x00000002   Code   RO          479    i.DebugMon_Handler  stm32h7xx_it.o
    0x080022aa   0x080022aa   0x00000004   Code   RO           13    i.Error_Handler     main.o
    0x080022ae   0x080022ae   0x00000006   Code   RO         6877    i.FATFS_LinkDriver  ff_gen_drv.o
    0x080022b4   0x080022b4   0x00000048   Code   RO         6878    i.FATFS_LinkDriverEx  ff_gen_drv.o
    0x080022fc   0x080022fc   0x000000a4   Code   RO         8531    i.FMUCheck          taskinit.o
    0x080023a0   0x080023a0   0x00000030   Code   RO         8532    i.FMUControlCalculation  taskinit.o
    0x080023d0   0x080023d0   0x00000144   Code   RO         9019    i.FMUReturnJudge    navigation.o
    0x08002514   0x08002514   0x0000004c   Code   RO         8965    i.FileClose         tf.o
    0x08002560   0x08002560   0x000000c0   Code   RO         8966    i.FileCreate        tf.o
    0x08002620   0x08002620   0x000004e8   Code   RO         8897    i.FixedWingControl  control.o
    0x08002b08   0x08002b08   0x000000bc   Code   RO         8778    i.GNSSDataConvert   gnss.o
    0x08002bc4   0x08002bc4   0x00000028   Code   RO         8779    i.GNSSInit          gnss.o
    0x08002bec   0x08002bec   0x00000060   Code   RO         8533    i.GNSSReceive       taskinit.o
    0x08002c4c   0x08002c4c   0x00000016   Code   RO         8781    i.GPS_Analysis      gnss.o
    0x08002c62   0x08002c62   0x00000002   PAD
    0x08002c64   0x08002c64   0x000003d8   Code   RO          794    i.HAL_ADC_ConfigChannel  stm32h7xx_hal_adc.o
    0x0800303c   0x0800303c   0x00000006   Code   RO          801    i.HAL_ADC_GetValue  stm32h7xx_hal_adc.o
    0x08003042   0x08003042   0x00000002   PAD
    0x08003044   0x08003044   0x00000228   Code   RO          803    i.HAL_ADC_Init      stm32h7xx_hal_adc.o
    0x0800326c   0x0800326c   0x0000009c   Code   RO          646    i.HAL_ADC_MspInit   stm32h7xx_hal_msp.o
    0x08003308   0x08003308   0x00000124   Code   RO          807    i.HAL_ADC_PollForConversion  stm32h7xx_hal_adc.o
    0x0800342c   0x0800342c   0x00000108   Code   RO          809    i.HAL_ADC_Start     stm32h7xx_hal_adc.o
    0x08003534   0x08003534   0x0000003e   Code   RO          812    i.HAL_ADC_Stop      stm32h7xx_hal_adc.o
    0x08003572   0x08003572   0x00000002   PAD
    0x08003574   0x08003574   0x00000360   Code   RO         1884    i.HAL_DMA_Abort     stm32h7xx_hal_dma.o
    0x080038d4   0x080038d4   0x00000284   Code   RO         1885    i.HAL_DMA_Abort_IT  stm32h7xx_hal_dma.o
    0x08003b58   0x08003b58   0x00000004   Code   RO         1887    i.HAL_DMA_GetError  stm32h7xx_hal_dma.o
    0x08003b5c   0x08003b5c   0x000006e8   Code   RO         1889    i.HAL_DMA_IRQHandler  stm32h7xx_hal_dma.o
    0x08004244   0x08004244   0x000003c4   Code   RO         1890    i.HAL_DMA_Init      stm32h7xx_hal_dma.o
    0x08004608   0x08004608   0x0000029c   Code   RO         1894    i.HAL_DMA_Start_IT  stm32h7xx_hal_dma.o
    0x080048a4   0x080048a4   0x0000003c   Code   RO         8462    i.HAL_Delay         delay.o
    0x080048e0   0x080048e0   0x0000022c   Code   RO         1732    i.HAL_GPIO_Init     stm32h7xx_hal_gpio.o
    0x08004b0c   0x08004b0c   0x0000000a   Code   RO         1734    i.HAL_GPIO_ReadPin  stm32h7xx_hal_gpio.o
    0x08004b16   0x08004b16   0x00000010   Code   RO         1735    i.HAL_GPIO_TogglePin  stm32h7xx_hal_gpio.o
    0x08004b26   0x08004b26   0x0000000a   Code   RO         1736    i.HAL_GPIO_WritePin  stm32h7xx_hal_gpio.o
    0x08004b30   0x08004b30   0x0000000c   Code   RO         2745    i.HAL_GetREVID      stm32h7xx_hal.o
    0x08004b3c   0x08004b3c   0x0000000c   Code   RO         2746    i.HAL_GetTick       stm32h7xx_hal.o
    0x08004b48   0x08004b48   0x00000058   Code   RO         3511    i.HAL_I2CEx_ConfigAnalogFilter  stm32h7xx_hal_i2c_ex.o
    0x08004ba0   0x08004ba0   0x00000054   Code   RO         3512    i.HAL_I2CEx_ConfigDigitalFilter  stm32h7xx_hal_i2c_ex.o
    0x08004bf4   0x08004bf4   0x000000b8   Code   RO         3050    i.HAL_I2C_Init      stm32h7xx_hal_i2c.o
    0x08004cac   0x08004cac   0x00000084   Code   RO          648    i.HAL_I2C_MspInit   stm32h7xx_hal_msp.o
    0x08004d30   0x08004d30   0x00000010   Code   RO         2752    i.HAL_IncTick       stm32h7xx_hal.o
    0x08004d40   0x08004d40   0x0000005c   Code   RO         2753    i.HAL_Init          stm32h7xx_hal.o
    0x08004d9c   0x08004d9c   0x00000084   Code   RO          747    i.HAL_InitTick      stm32h7xx_hal_timebase_tim.o
    0x08004e20   0x08004e20   0x00000024   Code   RO          649    i.HAL_MspInit       stm32h7xx_hal_msp.o
    0x08004e44   0x08004e44   0x0000001a   Code   RO         2592    i.HAL_NVIC_EnableIRQ  stm32h7xx_hal_cortex.o
    0x08004e5e   0x08004e5e   0x00000002   PAD
    0x08004e60   0x08004e60   0x00000040   Code   RO         2598    i.HAL_NVIC_SetPriority  stm32h7xx_hal_cortex.o
    0x08004ea0   0x08004ea0   0x00000024   Code   RO         2599    i.HAL_NVIC_SetPriorityGrouping  stm32h7xx_hal_cortex.o
    0x08004ec4   0x08004ec4   0x00000054   Code   RO         2333    i.HAL_PWREx_ConfigSupply  stm32h7xx_hal_pwr_ex.o
    0x08004f18   0x08004f18   0x00000024   Code   RO         1353    i.HAL_RCCEx_GetD3PCLK1Freq  stm32h7xx_hal_rcc_ex.o
    0x08004f3c   0x08004f3c   0x00000148   Code   RO         1354    i.HAL_RCCEx_GetPLL1ClockFreq  stm32h7xx_hal_rcc_ex.o
    0x08005084   0x08005084   0x00000144   Code   RO         1355    i.HAL_RCCEx_GetPLL2ClockFreq  stm32h7xx_hal_rcc_ex.o
    0x080051c8   0x080051c8   0x00000144   Code   RO         1356    i.HAL_RCCEx_GetPLL3ClockFreq  stm32h7xx_hal_rcc_ex.o
    0x0800530c   0x0800530c   0x000002c8   Code   RO         1358    i.HAL_RCCEx_GetPeriphCLKFreq  stm32h7xx_hal_rcc_ex.o
    0x080055d4   0x080055d4   0x000009ac   Code   RO         1362    i.HAL_RCCEx_PeriphCLKConfig  stm32h7xx_hal_rcc_ex.o
    0x08005f80   0x08005f80   0x0000025c   Code   RO         1238    i.HAL_RCC_ClockConfig  stm32h7xx_hal_rcc.o
    0x080061dc   0x080061dc   0x0000005c   Code   RO         1242    i.HAL_RCC_GetClockConfig  stm32h7xx_hal_rcc.o
    0x08006238   0x08006238   0x00000044   Code   RO         1243    i.HAL_RCC_GetHCLKFreq  stm32h7xx_hal_rcc.o
    0x0800627c   0x0800627c   0x00000024   Code   RO         1245    i.HAL_RCC_GetPCLK1Freq  stm32h7xx_hal_rcc.o
    0x080062a0   0x080062a0   0x00000024   Code   RO         1246    i.HAL_RCC_GetPCLK2Freq  stm32h7xx_hal_rcc.o
    0x080062c4   0x080062c4   0x00000138   Code   RO         1247    i.HAL_RCC_GetSysClockFreq  stm32h7xx_hal_rcc.o
    0x080063fc   0x080063fc   0x00000094   Code   RO         1248    i.HAL_RCC_MCOConfig  stm32h7xx_hal_rcc.o
    0x08006490   0x08006490   0x00000582   Code   RO         1250    i.HAL_RCC_OscConfig  stm32h7xx_hal_rcc.o
    0x08006a12   0x08006a12   0x00000002   Code   RO         3977    i.HAL_SDEx_Read_DMADoubleBuf0CpltCallback  stm32h7xx_hal_sd.o
    0x08006a14   0x08006a14   0x00000002   Code   RO         3978    i.HAL_SDEx_Read_DMADoubleBuf1CpltCallback  stm32h7xx_hal_sd.o
    0x08006a16   0x08006a16   0x00000002   Code   RO         3979    i.HAL_SDEx_Write_DMADoubleBuf0CpltCallback  stm32h7xx_hal_sd.o
    0x08006a18   0x08006a18   0x00000002   Code   RO         3980    i.HAL_SDEx_Write_DMADoubleBuf1CpltCallback  stm32h7xx_hal_sd.o
    0x08006a1a   0x08006a1a   0x00000002   PAD
    0x08006a1c   0x08006a1c   0x00000188   Code   RO         3985    i.HAL_SD_ConfigWideBusOperation  stm32h7xx_hal_sd.o
    0x08006ba4   0x08006ba4   0x00000002   Code   RO         3988    i.HAL_SD_ErrorCallback  stm32h7xx_hal_sd.o
    0x08006ba6   0x08006ba6   0x00000002   PAD
    0x08006ba8   0x08006ba8   0x000001bc   Code   RO         3990    i.HAL_SD_GetCardCSD  stm32h7xx_hal_sd.o
    0x08006d64   0x08006d64   0x00000024   Code   RO         3991    i.HAL_SD_GetCardInfo  stm32h7xx_hal_sd.o
    0x08006d88   0x08006d88   0x0000002c   Code   RO         3992    i.HAL_SD_GetCardState  stm32h7xx_hal_sd.o
    0x08006db4   0x08006db4   0x000000cc   Code   RO         3993    i.HAL_SD_GetCardStatus  stm32h7xx_hal_sd.o
    0x08006e80   0x08006e80   0x00000240   Code   RO         3996    i.HAL_SD_IRQHandler  stm32h7xx_hal_sd.o
    0x080070c0   0x080070c0   0x0000009a   Code   RO         3997    i.HAL_SD_Init       stm32h7xx_hal_sd.o
    0x0800715a   0x0800715a   0x00000002   PAD
    0x0800715c   0x0800715c   0x000000ac   Code   RO         3998    i.HAL_SD_InitCard   stm32h7xx_hal_sd.o
    0x08007208   0x08007208   0x000000c4   Code   RO          651    i.HAL_SD_MspInit    stm32h7xx_hal_msp.o
    0x080072cc   0x080072cc   0x000000d8   Code   RO         4002    i.HAL_SD_ReadBlocks_DMA  stm32h7xx_hal_sd.o
    0x080073a4   0x080073a4   0x00000008   Code   RO         6179    i.HAL_SD_RxCpltCallback  bsp_driver_sd.o
    0x080073ac   0x080073ac   0x00000008   Code   RO         6180    i.HAL_SD_TxCpltCallback  bsp_driver_sd.o
    0x080073b4   0x080073b4   0x000000d8   Code   RO         4007    i.HAL_SD_WriteBlocks_DMA  stm32h7xx_hal_sd.o
    0x0800748c   0x0800748c   0x0000017c   Code   RO         4265    i.HAL_SPI_Init      stm32h7xx_hal_spi.o
    0x08007608   0x08007608   0x00000104   Code   RO          653    i.HAL_SPI_MspInit   stm32h7xx_hal_msp.o
    0x0800770c   0x0800770c   0x00000010   Code   RO         2758    i.HAL_SYSCFG_AnalogSwitchConfig  stm32h7xx_hal.o
    0x0800771c   0x0800771c   0x00000002   Code   RO         5299    i.HAL_TIMEx_Break2Callback  stm32h7xx_hal_tim_ex.o
    0x0800771e   0x0800771e   0x00000002   Code   RO         5300    i.HAL_TIMEx_BreakCallback  stm32h7xx_hal_tim_ex.o
    0x08007720   0x08007720   0x00000002   Code   RO         5301    i.HAL_TIMEx_CommutCallback  stm32h7xx_hal_tim_ex.o
    0x08007722   0x08007722   0x00000002   PAD
    0x08007724   0x08007724   0x000000a4   Code   RO         5321    i.HAL_TIMEx_MasterConfigSynchronization  stm32h7xx_hal_tim_ex.o
    0x080077c8   0x080077c8   0x00000062   Code   RO         4585    i.HAL_TIM_Base_Init  stm32h7xx_hal_tim.o
    0x0800782a   0x0800782a   0x00000002   PAD
    0x0800782c   0x0800782c   0x000000c8   Code   RO          655    i.HAL_TIM_Base_MspInit  stm32h7xx_hal_msp.o
    0x080078f4   0x080078f4   0x00000080   Code   RO         4588    i.HAL_TIM_Base_Start  stm32h7xx_hal_tim.o
    0x08007974   0x08007974   0x0000008c   Code   RO         4590    i.HAL_TIM_Base_Start_IT  stm32h7xx_hal_tim.o
    0x08007a00   0x08007a00   0x00000030   Code   RO         4593    i.HAL_TIM_Base_Stop_IT  stm32h7xx_hal_tim.o
    0x08007a30   0x08007a30   0x000000fc   Code   RO         4594    i.HAL_TIM_ConfigClockSource  stm32h7xx_hal_tim.o
    0x08007b2c   0x08007b2c   0x00000002   Code   RO         4619    i.HAL_TIM_IC_CaptureCallback  stm32h7xx_hal_tim.o
    0x08007b2e   0x08007b2e   0x00000182   Code   RO         4633    i.HAL_TIM_IRQHandler  stm32h7xx_hal_tim.o
    0x08007cb0   0x08007cb0   0x000000b0   Code   RO          656    i.HAL_TIM_MspPostInit  stm32h7xx_hal_msp.o
    0x08007d60   0x08007d60   0x00000002   Code   RO         4636    i.HAL_TIM_OC_DelayElapsedCallback  stm32h7xx_hal_tim.o
    0x08007d62   0x08007d62   0x00000124   Code   RO         4657    i.HAL_TIM_PWM_ConfigChannel  stm32h7xx_hal_tim.o
    0x08007e86   0x08007e86   0x00000062   Code   RO         4660    i.HAL_TIM_PWM_Init  stm32h7xx_hal_tim.o
    0x08007ee8   0x08007ee8   0x00000002   Code   RO         4662    i.HAL_TIM_PWM_MspInit  stm32h7xx_hal_tim.o
    0x08007eea   0x08007eea   0x00000002   Code   RO         4663    i.HAL_TIM_PWM_PulseFinishedCallback  stm32h7xx_hal_tim.o
    0x08007eec   0x08007eec   0x00000110   Code   RO         4665    i.HAL_TIM_PWM_Start  stm32h7xx_hal_tim.o
    0x08007ffc   0x08007ffc   0x00000044   Code   RO           14    i.HAL_TIM_PeriodElapsedCallback  main.o
    0x08008040   0x08008040   0x00000002   Code   RO         4676    i.HAL_TIM_TriggerCallback  stm32h7xx_hal_tim.o
    0x08008042   0x08008042   0x00000040   Code   RO         6010    i.HAL_UARTEx_DisableFifoMode  stm32h7xx_hal_uart_ex.o
    0x08008082   0x08008082   0x00000002   Code   RO         5599    i.HAL_UARTEx_RxEventCallback  stm32h7xx_hal_uart.o
    0x08008084   0x08008084   0x00000002   Code   RO         6018    i.HAL_UARTEx_RxFifoFullCallback  stm32h7xx_hal_uart_ex.o
    0x08008086   0x08008086   0x0000004c   Code   RO         6019    i.HAL_UARTEx_SetRxFifoThreshold  stm32h7xx_hal_uart_ex.o
    0x080080d2   0x080080d2   0x0000004c   Code   RO         6020    i.HAL_UARTEx_SetTxFifoThreshold  stm32h7xx_hal_uart_ex.o
    0x0800811e   0x0800811e   0x00000002   Code   RO         6022    i.HAL_UARTEx_TxFifoEmptyCallback  stm32h7xx_hal_uart_ex.o
    0x08008120   0x08008120   0x00000002   Code   RO         6023    i.HAL_UARTEx_WakeupCallback  stm32h7xx_hal_uart_ex.o
    0x08008122   0x08008122   0x00000002   PAD
    0x08008124   0x08008124   0x000000ac   Code   RO         5602    i.HAL_UART_AbortReceive  stm32h7xx_hal_uart.o
    0x080081d0   0x080081d0   0x00000002   Code   RO         5615    i.HAL_UART_ErrorCallback  stm32h7xx_hal_uart.o
    0x080081d2   0x080081d2   0x00000002   PAD
    0x080081d4   0x080081d4   0x00000388   Code   RO         5618    i.HAL_UART_IRQHandler  stm32h7xx_hal_uart.o
    0x0800855c   0x0800855c   0x0000006a   Code   RO         5619    i.HAL_UART_Init     stm32h7xx_hal_uart.o
    0x080085c6   0x080085c6   0x00000002   PAD
    0x080085c8   0x080085c8   0x00000538   Code   RO          658    i.HAL_UART_MspInit  stm32h7xx_hal_msp.o
    0x08008b00   0x08008b00   0x00000048   Code   RO         5623    i.HAL_UART_Receive_DMA  stm32h7xx_hal_uart.o
    0x08008b48   0x08008b48   0x00000002   Code   RO         5626    i.HAL_UART_RxCpltCallback  stm32h7xx_hal_uart.o
    0x08008b4a   0x08008b4a   0x00000002   Code   RO         5627    i.HAL_UART_RxHalfCpltCallback  stm32h7xx_hal_uart.o
    0x08008b4c   0x08008b4c   0x000000b0   Code   RO         5628    i.HAL_UART_Transmit  stm32h7xx_hal_uart.o
    0x08008bfc   0x08008bfc   0x00000090   Code   RO         5629    i.HAL_UART_Transmit_DMA  stm32h7xx_hal_uart.o
    0x08008c8c   0x08008c8c   0x00000002   Code   RO         5631    i.HAL_UART_TxCpltCallback  stm32h7xx_hal_uart.o
    0x08008c8e   0x08008c8e   0x00000002   Code   RO         5632    i.HAL_UART_TxHalfCpltCallback  stm32h7xx_hal_uart.o
    0x08008c90   0x08008c90   0x00000002   Code   RO          480    i.HardFault_Handler  stm32h7xx_it.o
    0x08008c92   0x08008c92   0x00000002   PAD
    0x08008c94   0x08008c94   0x00000230   Code   RO         8639    i.IMUDataConvert    imu.o
    0x08008ec4   0x08008ec4   0x00000078   Code   RO         8534    i.IMUReceive        taskinit.o
    0x08008f3c   0x08008f3c   0x00000084   Code   RO         8640    i.IMURotationTransform  imu.o
    0x08008fc0   0x08008fc0   0x00000038   Code   RO         8742    i.InfoPrint         teleport.o
    0x08008ff8   0x08008ff8   0x0000001c   Code   RO         8535    i.LEDTwink          taskinit.o
    0x08009014   0x08009014   0x00000008   Code   RO          815    i.LL_ADC_INJ_IsConversionOngoing  stm32h7xx_hal_adc.o
    0x0800901c   0x0800901c   0x00000008   Code   RO          816    i.LL_ADC_REG_IsConversionOngoing  stm32h7xx_hal_adc.o
    0x08009024   0x08009024   0x00000010   Code   RO          817    i.LL_ADC_REG_IsTriggerSourceSWStart  stm32h7xx_hal_adc.o
    0x08009034   0x08009034   0x0000001e   Code   RO          819    i.LL_ADC_SetChannelSamplingTime  stm32h7xx_hal_adc.o
    0x08009052   0x08009052   0x00000002   PAD
    0x08009054   0x08009054   0x00000018   Code   RO         9020    i.Lat2Distance      navigation.o
    0x0800906c   0x0800906c   0x00000018   Code   RO         9021    i.Lon2Distance      navigation.o
    0x08009084   0x08009084   0x00000094   Code   RO           15    i.MX_ADC3_Init      main.o
    0x08009118   0x08009118   0x0000008c   Code   RO           16    i.MX_DMA_Init       main.o
    0x080091a4   0x080091a4   0x0000001c   Code   RO         6392    i.MX_FATFS_Init     fatfs.o
    0x080091c0   0x080091c0   0x000001fc   Code   RO           17    i.MX_GPIO_Init      main.o
    0x080093bc   0x080093bc   0x00000054   Code   RO           18    i.MX_I2C1_Init      main.o
    0x08009410   0x08009410   0x00000054   Code   RO           19    i.MX_SPI1_Init      main.o
    0x08009464   0x08009464   0x00000058   Code   RO           20    i.MX_SPI2_Init      main.o
    0x080094bc   0x080094bc   0x000000e0   Code   RO           21    i.MX_TIM2_Init      main.o
    0x0800959c   0x0800959c   0x0000009c   Code   RO           22    i.MX_TIM3_Init      main.o
    0x08009638   0x08009638   0x000000e0   Code   RO           23    i.MX_TIM4_Init      main.o
    0x08009718   0x08009718   0x00000064   Code   RO           24    i.MX_TIM5_Init      main.o
    0x0800977c   0x0800977c   0x00000064   Code   RO           25    i.MX_UART4_Init     main.o
    0x080097e0   0x080097e0   0x00000068   Code   RO           26    i.MX_UART5_Init     main.o
    0x08009848   0x08009848   0x00000064   Code   RO           27    i.MX_UART7_Init     main.o
    0x080098ac   0x080098ac   0x00000064   Code   RO           28    i.MX_UART8_Init     main.o
    0x08009910   0x08009910   0x00000064   Code   RO           29    i.MX_USART1_UART_Init  main.o
    0x08009974   0x08009974   0x00000064   Code   RO           30    i.MX_USART2_UART_Init  main.o
    0x080099d8   0x080099d8   0x00000064   Code   RO           31    i.MX_USART3_UART_Init  main.o
    0x08009a3c   0x08009a3c   0x00000064   Code   RO           32    i.MX_USART6_UART_Init  main.o
    0x08009aa0   0x08009aa0   0x00000002   Code   RO          481    i.MemManage_Handler  stm32h7xx_it.o
    0x08009aa2   0x08009aa2   0x0000002a   Code   RO         8782    i.NMEA_Comma_Pos    gnss.o
    0x08009acc   0x08009acc   0x00000068   Code   RO         8783    i.NMEA_GPGGA_Analysis  gnss.o
    0x08009b34   0x08009b34   0x000002b0   Code   RO         8787    i.NMEA_GPRMC_Analysis  gnss.o
    0x08009de4   0x08009de4   0x00000010   Code   RO         8789    i.NMEA_Pow          gnss.o
    0x08009df4   0x08009df4   0x000000c0   Code   RO         8790    i.NMEA_Str2num      gnss.o
    0x08009eb4   0x08009eb4   0x00000002   Code   RO          482    i.NMI_Handler       stm32h7xx_it.o
    0x08009eb6   0x08009eb6   0x00000002   PAD
    0x08009eb8   0x08009eb8   0x00000120   Code   RO         1365    i.RCCEx_PLL2_Config  stm32h7xx_hal_rcc_ex.o
    0x08009fd8   0x08009fd8   0x00000120   Code   RO         1366    i.RCCEx_PLL3_Config  stm32h7xx_hal_rcc_ex.o
    0x0800a0f8   0x0800a0f8   0x00000180   Code   RO         8693    i.ReceiverDataConvert  receiver.o
    0x0800a278   0x0800a278   0x0000005c   Code   RO         8536    i.ReceiverReceive   taskinit.o
    0x0800a2d4   0x0800a2d4   0x000001d8   Code   RO         8694    i.ReceiverSolution  receiver.o
    0x0800a4ac   0x0800a4ac   0x0000000c   Code   RO          483    i.SDMMC1_IRQHandler  stm32h7xx_it.o
    0x0800a4b8   0x0800a4b8   0x00000034   Code   RO         3637    i.SDMMC_CmdAppCommand  stm32h7xx_ll_sdmmc.o
    0x0800a4ec   0x0800a4ec   0x0000002e   Code   RO         3638    i.SDMMC_CmdAppOperCommand  stm32h7xx_ll_sdmmc.o
    0x0800a51a   0x0800a51a   0x00000032   Code   RO         3639    i.SDMMC_CmdBlockLength  stm32h7xx_ll_sdmmc.o
    0x0800a54c   0x0800a54c   0x00000034   Code   RO         3640    i.SDMMC_CmdBusWidth  stm32h7xx_ll_sdmmc.o
    0x0800a580   0x0800a580   0x00000054   Code   RO         3644    i.SDMMC_CmdGoIdleState  stm32h7xx_ll_sdmmc.o
    0x0800a5d4   0x0800a5d4   0x00000028   Code   RO         3646    i.SDMMC_CmdOperCond  stm32h7xx_ll_sdmmc.o
    0x0800a5fc   0x0800a5fc   0x00000034   Code   RO         3647    i.SDMMC_CmdReadMultiBlock  stm32h7xx_ll_sdmmc.o
    0x0800a630   0x0800a630   0x00000034   Code   RO         3648    i.SDMMC_CmdReadSingleBlock  stm32h7xx_ll_sdmmc.o
    0x0800a664   0x0800a664   0x00000034   Code   RO         3651    i.SDMMC_CmdSelDesel  stm32h7xx_ll_sdmmc.o
    0x0800a698   0x0800a698   0x0000002c   Code   RO         3652    i.SDMMC_CmdSendCID  stm32h7xx_ll_sdmmc.o
    0x0800a6c4   0x0800a6c4   0x00000030   Code   RO         3653    i.SDMMC_CmdSendCSD  stm32h7xx_ll_sdmmc.o
    0x0800a6f4   0x0800a6f4   0x00000032   Code   RO         3655    i.SDMMC_CmdSendSCR  stm32h7xx_ll_sdmmc.o
    0x0800a726   0x0800a726   0x00000034   Code   RO         3656    i.SDMMC_CmdSendStatus  stm32h7xx_ll_sdmmc.o
    0x0800a75a   0x0800a75a   0x00000032   Code   RO         3657    i.SDMMC_CmdSetRelAdd  stm32h7xx_ll_sdmmc.o
    0x0800a78c   0x0800a78c   0x00000032   Code   RO         3660    i.SDMMC_CmdStatusRegister  stm32h7xx_ll_sdmmc.o
    0x0800a7be   0x0800a7be   0x00000002   PAD
    0x0800a7c0   0x0800a7c0   0x00000054   Code   RO         3661    i.SDMMC_CmdStopTransfer  stm32h7xx_ll_sdmmc.o
    0x0800a814   0x0800a814   0x00000034   Code   RO         3664    i.SDMMC_CmdWriteMultiBlock  stm32h7xx_ll_sdmmc.o
    0x0800a848   0x0800a848   0x00000034   Code   RO         3665    i.SDMMC_CmdWriteSingleBlock  stm32h7xx_ll_sdmmc.o
    0x0800a87c   0x0800a87c   0x00000026   Code   RO         3666    i.SDMMC_ConfigData  stm32h7xx_ll_sdmmc.o
    0x0800a8a2   0x0800a8a2   0x00000002   PAD
    0x0800a8a4   0x0800a8a4   0x00000124   Code   RO         3667    i.SDMMC_GetCmdResp1  stm32h7xx_ll_sdmmc.o
    0x0800a9c8   0x0800a9c8   0x00000054   Code   RO         3668    i.SDMMC_GetCmdResp2  stm32h7xx_ll_sdmmc.o
    0x0800aa1c   0x0800aa1c   0x00000048   Code   RO         3669    i.SDMMC_GetCmdResp3  stm32h7xx_ll_sdmmc.o
    0x0800aa64   0x0800aa64   0x0000008c   Code   RO         3670    i.SDMMC_GetCmdResp6  stm32h7xx_ll_sdmmc.o
    0x0800aaf0   0x0800aaf0   0x00000058   Code   RO         3671    i.SDMMC_GetCmdResp7  stm32h7xx_ll_sdmmc.o
    0x0800ab48   0x0800ab48   0x00000008   Code   RO         3675    i.SDMMC_GetPowerState  stm32h7xx_ll_sdmmc.o
    0x0800ab50   0x0800ab50   0x00000006   Code   RO         3676    i.SDMMC_GetResponse  stm32h7xx_ll_sdmmc.o
    0x0800ab56   0x0800ab56   0x00000002   PAD
    0x0800ab58   0x0800ab58   0x00000020   Code   RO         3677    i.SDMMC_Init        stm32h7xx_ll_sdmmc.o
    0x0800ab78   0x0800ab78   0x0000000c   Code   RO         3680    i.SDMMC_PowerState_ON  stm32h7xx_ll_sdmmc.o
    0x0800ab84   0x0800ab84   0x00000006   Code   RO         3681    i.SDMMC_ReadFIFO    stm32h7xx_ll_sdmmc.o
    0x0800ab8a   0x0800ab8a   0x00000002   PAD
    0x0800ab8c   0x0800ab8c   0x00000028   Code   RO         3682    i.SDMMC_SendCommand  stm32h7xx_ll_sdmmc.o
    0x0800abb4   0x0800abb4   0x0000000a   Code   RO         3684    i.SDMMC_WriteFIFO   stm32h7xx_ll_sdmmc.o
    0x0800abbe   0x0800abbe   0x00000002   PAD
    0x0800abc0   0x0800abc0   0x000000b4   Code   RO         8537    i.SDWrite           taskinit.o
    0x0800ac74   0x0800ac74   0x00000020   Code   RO         6282    i.SD_CheckStatus    sd_diskio.o
    0x0800ac94   0x0800ac94   0x0000002e   Code   RO         6283    i.SD_CheckStatusWithTimeout  sd_diskio.o
    0x0800acc2   0x0800acc2   0x00000002   PAD
    0x0800acc4   0x0800acc4   0x000000e4   Code   RO         4009    i.SD_FindSCR        stm32h7xx_hal_sd.o
    0x0800ada8   0x0800ada8   0x000000f6   Code   RO         4010    i.SD_InitCard       stm32h7xx_hal_sd.o
    0x0800ae9e   0x0800ae9e   0x00000002   PAD
    0x0800aea0   0x0800aea0   0x000000b4   Code   RO         4011    i.SD_PowerON        stm32h7xx_hal_sd.o
    0x0800af54   0x0800af54   0x000000e4   Code   RO         4012    i.SD_SendSDStatus   stm32h7xx_hal_sd.o
    0x0800b038   0x0800b038   0x00000060   Code   RO         6284    i.SD_initialize     sd_diskio.o
    0x0800b098   0x0800b098   0x00000068   Code   RO         6285    i.SD_ioctl          sd_diskio.o
    0x0800b100   0x0800b100   0x00000084   Code   RO         6286    i.SD_read           sd_diskio.o
    0x0800b184   0x0800b184   0x00000004   Code   RO         6287    i.SD_status         sd_diskio.o
    0x0800b188   0x0800b188   0x00000084   Code   RO         6288    i.SD_write          sd_diskio.o
    0x0800b20c   0x0800b20c   0x000001ac   Code   RO         8898    i.ServoSet          control.o
    0x0800b3b8   0x0800b3b8   0x00000008   Code   RO           33    i.StartDefaultTask  main.o
    0x0800b3c0   0x0800b3c0   0x0000002c   Code   RO         8383    i.SysTick_Handler   port.o
    0x0800b3ec   0x0800b3ec   0x000000b4   Code   RO           34    i.SystemClock_Config  main.o
    0x0800b4a0   0x0800b4a0   0x000000dc   Code   RO         6129    i.SystemInit        system_stm32h7xx.o
    0x0800b57c   0x0800b57c   0x0000000c   Code   RO          484    i.TIM17_IRQHandler  stm32h7xx_it.o
    0x0800b588   0x0800b588   0x00000020   Code   RO          485    i.TIM6_DAC_IRQHandler  stm32h7xx_it.o
    0x0800b5a8   0x0800b5a8   0x0000000c   Code   RO          486    i.TIM7_IRQHandler   stm32h7xx_it.o
    0x0800b5b4   0x0800b5b4   0x000000c4   Code   RO         4678    i.TIM_Base_SetConfig  stm32h7xx_hal_tim.o
    0x0800b678   0x0800b678   0x0000001a   Code   RO         4679    i.TIM_CCxChannelCmd  stm32h7xx_hal_tim.o
    0x0800b692   0x0800b692   0x00000012   Code   RO         4689    i.TIM_ETR_SetConfig  stm32h7xx_hal_tim.o
    0x0800b6a4   0x0800b6a4   0x00000014   Code   RO         4690    i.TIM_ITRx_SetConfig  stm32h7xx_hal_tim.o
    0x0800b6b8   0x0800b6b8   0x000000a8   Code   RO         4691    i.TIM_OC1_SetConfig  stm32h7xx_hal_tim.o
    0x0800b760   0x0800b760   0x00000098   Code   RO         4692    i.TIM_OC2_SetConfig  stm32h7xx_hal_tim.o
    0x0800b7f8   0x0800b7f8   0x00000098   Code   RO         4693    i.TIM_OC3_SetConfig  stm32h7xx_hal_tim.o
    0x0800b890   0x0800b890   0x00000078   Code   RO         4694    i.TIM_OC4_SetConfig  stm32h7xx_hal_tim.o
    0x0800b908   0x0800b908   0x00000074   Code   RO         4695    i.TIM_OC5_SetConfig  stm32h7xx_hal_tim.o
    0x0800b97c   0x0800b97c   0x00000074   Code   RO         4696    i.TIM_OC6_SetConfig  stm32h7xx_hal_tim.o
    0x0800b9f0   0x0800b9f0   0x00000022   Code   RO         4698    i.TIM_TI1_ConfigInputStage  stm32h7xx_hal_tim.o
    0x0800ba12   0x0800ba12   0x00000024   Code   RO         4700    i.TIM_TI2_ConfigInputStage  stm32h7xx_hal_tim.o
    0x0800ba36   0x0800ba36   0x00000002   PAD
    0x0800ba38   0x0800ba38   0x00000458   Code   RO         8538    i.TaskCreate        taskinit.o
    0x0800be90   0x0800be90   0x00000130   Code   RO         8540    i.TeleportTransmit  taskinit.o
    0x0800bfc0   0x0800bfc0   0x00000078   Code   RO          487    i.UART5_IRQHandler  stm32h7xx_it.o
    0x0800c038   0x0800c038   0x0000000c   Code   RO          488    i.UART8_IRQHandler  stm32h7xx_it.o
    0x0800c044   0x0800c044   0x00000044   Code   RO         6024    i.UARTEx_SetNbDataToProcess  stm32h7xx_hal_uart_ex.o
    0x0800c088   0x0800c088   0x000000c8   Code   RO         5633    i.UART_AdvFeatureConfig  stm32h7xx_hal_uart.o
    0x0800c150   0x0800c150   0x000000aa   Code   RO         5634    i.UART_CheckIdleState  stm32h7xx_hal_uart.o
    0x0800c1fa   0x0800c1fa   0x00000014   Code   RO         5635    i.UART_DMAAbortOnError  stm32h7xx_hal_uart.o
    0x0800c20e   0x0800c20e   0x0000004e   Code   RO         5636    i.UART_DMAError     stm32h7xx_hal_uart.o
    0x0800c25c   0x0800c25c   0x00000082   Code   RO         5637    i.UART_DMAReceiveCplt  stm32h7xx_hal_uart.o
    0x0800c2de   0x0800c2de   0x00000020   Code   RO         5639    i.UART_DMARxHalfCplt  stm32h7xx_hal_uart.o
    0x0800c2fe   0x0800c2fe   0x00000040   Code   RO         5641    i.UART_DMATransmitCplt  stm32h7xx_hal_uart.o
    0x0800c33e   0x0800c33e   0x0000000a   Code   RO         5643    i.UART_DMATxHalfCplt  stm32h7xx_hal_uart.o
    0x0800c348   0x0800c348   0x00000054   Code   RO         5645    i.UART_EndRxTransfer  stm32h7xx_hal_uart.o
    0x0800c39c   0x0800c39c   0x0000002e   Code   RO         5646    i.UART_EndTxTransfer  stm32h7xx_hal_uart.o
    0x0800c3ca   0x0800c3ca   0x00000002   PAD
    0x0800c3cc   0x0800c3cc   0x000003ac   Code   RO         5651    i.UART_SetConfig    stm32h7xx_hal_uart.o
    0x0800c778   0x0800c778   0x000000a8   Code   RO         5652    i.UART_Start_Receive_DMA  stm32h7xx_hal_uart.o
    0x0800c820   0x0800c820   0x0000008c   Code   RO         5658    i.UART_WaitOnFlagUntilTimeout  stm32h7xx_hal_uart.o
    0x0800c8ac   0x0800c8ac   0x0000000c   Code   RO          489    i.USART1_IRQHandler  stm32h7xx_it.o
    0x0800c8b8   0x0800c8b8   0x00000070   Code   RO          490    i.USART2_IRQHandler  stm32h7xx_it.o
    0x0800c928   0x0800c928   0x0000010c   Code   RO          491    i.USART3_IRQHandler  stm32h7xx_it.o
    0x0800ca34   0x0800ca34   0x00000110   Code   RO          492    i.USART6_IRQHandler  stm32h7xx_it.o
    0x0800cb44   0x0800cb44   0x00000002   Code   RO          493    i.UsageFault_Handler  stm32h7xx_it.o
    0x0800cb46   0x0800cb46   0x00000030   Code   RO         9420    i.__ARM_fpclassify  m_wv.l(fpclassify.o)
    0x0800cb76   0x0800cb76   0x00000022   Code   RO         2605    i.__NVIC_SetPriority  stm32h7xx_hal_cortex.o
    0x0800cb98   0x0800cb98   0x00000200   Code   RO         9383    i.__hardfp_atan     m_wv.l(atan.o)
    0x0800cd98   0x0800cd98   0x000001c0   Code   RO         9284    i.__hardfp_atan2    m_wv.l(atan2.o)
    0x0800cf58   0x0800cf58   0x000000b0   Code   RO         9296    i.__hardfp_cos      m_wv.l(cos.o)
    0x0800d008   0x0800d008   0x000008f8   Code   RO         9308    i.__hardfp_pow      m_wv.l(pow.o)
    0x0800d900   0x0800d900   0x000000b0   Code   RO         9322    i.__hardfp_sin      m_wv.l(sin.o)
    0x0800d9b0   0x0800d9b0   0x00000066   Code   RO         9334    i.__hardfp_sqrt     m_wv.l(sqrt.o)
    0x0800da16   0x0800da16   0x00000002   PAD
    0x0800da18   0x0800da18   0x00000310   Code   RO         9425    i.__ieee754_rem_pio2  m_wv.l(rred.o)
    0x0800dd28   0x0800dd28   0x000000e0   Code   RO         9397    i.__kernel_cos      m_wv.l(cos_i.o)
    0x0800de08   0x0800de08   0x00000070   Code   RO         9422    i.__kernel_poly     m_wv.l(poly.o)
    0x0800de78   0x0800de78   0x000000a8   Code   RO         9430    i.__kernel_sin      m_wv.l(sin_i.o)
    0x0800df20   0x0800df20   0x00000020   Code   RO         9400    i.__mathlib_dbl_divzero  m_wv.l(dunder.o)
    0x0800df40   0x0800df40   0x00000006   Code   RO         9401    i.__mathlib_dbl_infnan  m_wv.l(dunder.o)
    0x0800df46   0x0800df46   0x00000006   Code   RO         9402    i.__mathlib_dbl_infnan2  m_wv.l(dunder.o)
    0x0800df4c   0x0800df4c   0x00000004   PAD
    0x0800df50   0x0800df50   0x00000018   Code   RO         9403    i.__mathlib_dbl_invalid  m_wv.l(dunder.o)
    0x0800df68   0x0800df68   0x00000018   Code   RO         9404    i.__mathlib_dbl_overflow  m_wv.l(dunder.o)
    0x0800df80   0x0800df80   0x00000018   Code   RO         9406    i.__mathlib_dbl_underflow  m_wv.l(dunder.o)
    0x0800df98   0x0800df98   0x0000000e   Code   RO         9240    i._is_digit         c_w.l(__printf_wp.o)
    0x0800dfa6   0x0800dfa6   0x00000002   Code   RO         8486    i._sys_exit         printf.o
    0x0800dfa8   0x0800dfa8   0x00000010   Code   RO         9385    i.atan              m_wv.l(atan.o)
    0x0800dfb8   0x0800dfb8   0x00000074   Code   RO         6485    i.check_fs          ff.o
    0x0800e02c   0x0800e02c   0x00000010   Code   RO         6486    i.chk_chr           ff.o
    0x0800e03c   0x0800e03c   0x00000070   Code   RO         6487    i.chk_lock          ff.o
    0x0800e0ac   0x0800e0ac   0x00000028   Code   RO         6488    i.clear_lock        ff.o
    0x0800e0d4   0x0800e0d4   0x00000028   Code   RO         6489    i.clmt_clust        ff.o
    0x0800e0fc   0x0800e0fc   0x00000018   Code   RO         6490    i.clust2sect        ff.o
    0x0800e114   0x0800e114   0x00000098   Code   RO         6491    i.cmp_lfn           ff.o
    0x0800e1ac   0x0800e1ac   0x00000014   Code   RO          421    i.configureTimerForRunTimeStats  freertos.o
    0x0800e1c0   0x0800e1c0   0x000000ba   Code   RO         6492    i.create_chain      ff.o
    0x0800e27a   0x0800e27a   0x00000002   PAD
    0x0800e27c   0x0800e27c   0x00000258   Code   RO         6493    i.create_name       ff.o
    0x0800e4d4   0x0800e4d4   0x00000030   Code   RO         6494    i.dec_lock          ff.o
    0x0800e504   0x0800e504   0x0000004a   Code   RO         6495    i.dir_alloc         ff.o
    0x0800e54e   0x0800e54e   0x000000de   Code   RO         6496    i.dir_find          ff.o
    0x0800e62c   0x0800e62c   0x00000126   Code   RO         6497    i.dir_next          ff.o
    0x0800e752   0x0800e752   0x00000002   PAD
    0x0800e754   0x0800e754   0x0000013c   Code   RO         6499    i.dir_register      ff.o
    0x0800e890   0x0800e890   0x000000a4   Code   RO         6501    i.dir_sdi           ff.o
    0x0800e934   0x0800e934   0x0000002c   Code   RO         6430    i.disk_initialize   diskio.o
    0x0800e960   0x0800e960   0x0000001c   Code   RO         6431    i.disk_ioctl        diskio.o
    0x0800e97c   0x0800e97c   0x00000020   Code   RO         6432    i.disk_read         diskio.o
    0x0800e99c   0x0800e99c   0x00000018   Code   RO         6433    i.disk_status       diskio.o
    0x0800e9b4   0x0800e9b4   0x00000020   Code   RO         6434    i.disk_write        diskio.o
    0x0800e9d4   0x0800e9d4   0x00000088   Code   RO         7557    i.eTaskGetState     tasks.o
    0x0800ea5c   0x0800ea5c   0x00000028   Code   RO         6502    i.enq_lock          ff.o
    0x0800ea84   0x0800ea84   0x00000034   Code   RO         6503    i.f_close           ff.o
    0x0800eab8   0x0800eab8   0x00000624   Code   RO         6509    i.f_mkfs            ff.o
    0x0800f0dc   0x0800f0dc   0x00000098   Code   RO         6510    i.f_mount           ff.o
    0x0800f174   0x0800f174   0x00000246   Code   RO         6511    i.f_open            ff.o
    0x0800f3ba   0x0800f3ba   0x00000242   Code   RO         6513    i.f_printf          ff.o
    0x0800f5fc   0x0800f5fc   0x000000aa   Code   RO         6520    i.f_sync            ff.o
    0x0800f6a6   0x0800f6a6   0x00000218   Code   RO         6523    i.f_write           ff.o
    0x0800f8be   0x0800f8be   0x00000018   Code   RO         9416    i.fabs              m_wv.l(fabs.o)
    0x0800f8d6   0x0800f8d6   0x00000002   PAD
    0x0800f8d8   0x0800f8d8   0x00000060   Code   RO         6991    i.ff_convert        cc936.o
    0x0800f938   0x0800f938   0x00000020   Code   RO         6927    i.ff_cre_syncobj    syscall.o
    0x0800f958   0x0800f958   0x0000000a   Code   RO         6928    i.ff_del_syncobj    syscall.o
    0x0800f962   0x0800f962   0x00000004   Code   RO         6929    i.ff_memalloc       syscall.o
    0x0800f966   0x0800f966   0x00000004   Code   RO         6930    i.ff_memfree        syscall.o
    0x0800f96a   0x0800f96a   0x00000004   Code   RO         6931    i.ff_rel_grant      syscall.o
    0x0800f96e   0x0800f96e   0x00000014   Code   RO         6932    i.ff_req_grant      syscall.o
    0x0800f982   0x0800f982   0x00000002   PAD
    0x0800f984   0x0800f984   0x000000b8   Code   RO         6992    i.ff_wtoupper       cc936.o
    0x0800fa3c   0x0800fa3c   0x000002ec   Code   RO         6524    i.find_volume       ff.o
    0x0800fd28   0x0800fd28   0x00000086   Code   RO         6525    i.follow_path       ff.o
    0x0800fdae   0x0800fdae   0x00000002   PAD
    0x0800fdb0   0x0800fdb0   0x0000001c   Code   RO         8487    i.fputc             printf.o
    0x0800fdcc   0x0800fdcc   0x000000a6   Code   RO         6526    i.gen_numname       ff.o
    0x0800fe72   0x0800fe72   0x00000002   PAD
    0x0800fe74   0x0800fe74   0x0000000c   Code   RO          422    i.getRunTimeCounterValue  freertos.o
    0x0800fe80   0x0800fe80   0x000000c4   Code   RO         6527    i.get_fat           ff.o
    0x0800ff44   0x0800ff44   0x00000004   Code   RO         6393    i.get_fattime       fatfs.o
    0x0800ff48   0x0800ff48   0x00000054   Code   RO         6529    i.get_ldnumber      ff.o
    0x0800ff9c   0x0800ff9c   0x00000010   Code   RO         7946    i.inHandlerMode     cmsis_os.o
    0x0800ffac   0x0800ffac   0x00000094   Code   RO         6530    i.inc_lock          ff.o
    0x08010040   0x08010040   0x00000026   Code   RO         6531    i.ld_clust          ff.o
    0x08010066   0x08010066   0x00000016   Code   RO         6532    i.ld_dword          ff.o
    0x0801007c   0x0801007c   0x0000000a   Code   RO         6533    i.ld_word           ff.o
    0x08010086   0x08010086   0x00000016   Code   RO         6534    i.lock_fs           ff.o
    0x0801009c   0x0801009c   0x0000022c   Code   RO           35    i.main              main.o
    0x080102c8   0x080102c8   0x0000000c   Code   RO         7948    i.makeFreeRtosPriority  cmsis_os.o
    0x080102d4   0x080102d4   0x00000018   Code   RO         6535    i.mem_cmp           ff.o
    0x080102ec   0x080102ec   0x00000012   Code   RO         6536    i.mem_cpy           ff.o
    0x080102fe   0x080102fe   0x0000000c   Code   RO         6537    i.mem_set           ff.o
    0x0801030a   0x0801030a   0x00000034   Code   RO         6538    i.move_window       ff.o
    0x0801033e   0x0801033e   0x00000010   Code   RO         7950    i.osDelay           cmsis_os.o
    0x0801034e   0x0801034e   0x00000012   Code   RO         7952    i.osKernelRunning   cmsis_os.o
    0x08010360   0x08010360   0x00000018   Code   RO         7954    i.osKernelSysTick   cmsis_os.o
    0x08010378   0x08010378   0x0000002a   Code   RO         7962    i.osMessageCreate   cmsis_os.o
    0x080103a2   0x080103a2   0x00000002   PAD
    0x080103a4   0x080103a4   0x000000ac   Code   RO         7964    i.osMessageGet      cmsis_os.o
    0x08010450   0x08010450   0x00000064   Code   RO         7966    i.osMessagePut      cmsis_os.o
    0x080104b4   0x080104b4   0x00000058   Code   RO         7979    i.osSemaphoreCreate  cmsis_os.o
    0x0801050c   0x0801050c   0x00000018   Code   RO         7980    i.osSemaphoreDelete  cmsis_os.o
    0x08010524   0x08010524   0x00000050   Code   RO         7982    i.osSemaphoreRelease  cmsis_os.o
    0x08010574   0x08010574   0x00000068   Code   RO         7983    i.osSemaphoreWait   cmsis_os.o
    0x080105dc   0x080105dc   0x0000005c   Code   RO         7987    i.osThreadCreate    cmsis_os.o
    0x08010638   0x08010638   0x00000078   Code   RO         7559    i.prvAddCurrentTaskToDelayedList  tasks.o
    0x080106b0   0x080106b0   0x0000008c   Code   RO         7560    i.prvAddNewTaskToReadyList  tasks.o
    0x0801073c   0x0801073c   0x00000040   Code   RO         7561    i.prvCheckTasksWaitingTermination  tasks.o
    0x0801077c   0x0801077c   0x00000024   Code   RO         7176    i.prvCopyDataFromQueue  queue.o
    0x080107a0   0x080107a0   0x0000006e   Code   RO         7177    i.prvCopyDataToQueue  queue.o
    0x0801080e   0x0801080e   0x00000040   Code   RO         7562    i.prvDeleteTCB      tasks.o
    0x0801084e   0x0801084e   0x00000014   Code   RO         7178    i.prvGetDisinheritPriorityAfterTimeout  queue.o
    0x08010862   0x08010862   0x00000002   PAD
    0x08010864   0x08010864   0x00000050   Code   RO         8315    i.prvHeapInit       heap_4.o
    0x080108b4   0x080108b4   0x00000028   Code   RO         7563    i.prvIdleTask       tasks.o
    0x080108dc   0x080108dc   0x00000022   Code   RO         7180    i.prvInitialiseNewQueue  queue.o
    0x080108fe   0x080108fe   0x00000098   Code   RO         7564    i.prvInitialiseNewTask  tasks.o
    0x08010996   0x08010996   0x00000002   PAD
    0x08010998   0x08010998   0x00000060   Code   RO         7565    i.prvInitialiseTaskLists  tasks.o
    0x080109f8   0x080109f8   0x00000060   Code   RO         8316    i.prvInsertBlockIntoFreeList  heap_4.o
    0x08010a58   0x08010a58   0x0000001a   Code   RO         7181    i.prvIsQueueEmpty   queue.o
    0x08010a72   0x08010a72   0x0000001e   Code   RO         7182    i.prvIsQueueFull    queue.o
    0x08010a90   0x08010a90   0x00000024   Code   RO         7567    i.prvResetNextTaskUnblockTime  tasks.o
    0x08010ab4   0x08010ab4   0x00000030   Code   RO         8384    i.prvTaskExitError  port.o
    0x08010ae4   0x08010ae4   0x00000038   Code   RO         7569    i.prvTaskIsTaskSuspended  tasks.o
    0x08010b1c   0x08010b1c   0x00000018   Code   RO         7029    i.prvTestWaitCondition  event_groups.o
    0x08010b34   0x08010b34   0x00000068   Code   RO         7183    i.prvUnlockQueue    queue.o
    0x08010b9c   0x08010b9c   0x00000102   Code   RO         6540    i.put_fat           ff.o
    0x08010c9e   0x08010c9e   0x00000002   PAD
    0x08010ca0   0x08010ca0   0x00000074   Code   RO         6541    i.put_lfn           ff.o
    0x08010d14   0x08010d14   0x00000048   Code   RO         6542    i.putc_bfd          ff.o
    0x08010d5c   0x08010d5c   0x0000002a   Code   RO         6543    i.putc_flush        ff.o
    0x08010d86   0x08010d86   0x0000000a   Code   RO         6544    i.putc_init         ff.o
    0x08010d90   0x08010d90   0x000000e8   Code   RO         8317    i.pvPortMalloc      heap_4.o
    0x08010e78   0x08010e78   0x00000018   Code   RO         7571    i.pvTaskIncrementMutexHeldCount  tasks.o
    0x08010e90   0x08010e90   0x0000002c   Code   RO         8385    i.pxPortInitialiseStack  port.o
    0x08010ebc   0x08010ebc   0x0000007e   Code   RO         6545    i.remove_chain      ff.o
    0x08010f3a   0x08010f3a   0x0000006a   Code   RO         9336    i.sqrt              m_wv.l(sqrt.o)
    0x08010fa4   0x08010fa4   0x00000028   Code   RO         6546    i.st_clust          ff.o
    0x08010fcc   0x08010fcc   0x00000014   Code   RO         6547    i.st_dword          ff.o
    0x08010fe0   0x08010fe0   0x0000000a   Code   RO         6548    i.st_word           ff.o
    0x08010fea   0x08010fea   0x0000001a   Code   RO         6549    i.sum_sfn           ff.o
    0x08011004   0x08011004   0x0000008c   Code   RO         6550    i.sync_fs           ff.o
    0x08011090   0x08011090   0x00000056   Code   RO         6551    i.sync_window       ff.o
    0x080110e6   0x080110e6   0x00000018   Code   RO         6552    i.unlock_fs         ff.o
    0x080110fe   0x080110fe   0x00000026   Code   RO         7136    i.uxListRemove      list.o
    0x08011124   0x08011124   0x00000018   Code   RO         7579    i.uxTaskResetEventItemValue  tasks.o
    0x0801113c   0x0801113c   0x00000018   Code   RO          423    i.vApplicationGetIdleTaskMemory  freertos.o
    0x08011154   0x08011154   0x00000016   Code   RO         7137    i.vListInitialise   list.o
    0x0801116a   0x0801116a   0x00000006   Code   RO         7138    i.vListInitialiseItem  list.o
    0x08011170   0x08011170   0x0000003a   Code   RO         7139    i.vListInsert       list.o
    0x080111aa   0x080111aa   0x00000018   Code   RO         7140    i.vListInsertEnd    list.o
    0x080111c2   0x080111c2   0x00000002   PAD
    0x080111c4   0x080111c4   0x00000040   Code   RO         8387    i.vPortEnterCritical  port.o
    0x08011204   0x08011204   0x0000002c   Code   RO         8388    i.vPortExitCritical  port.o
    0x08011230   0x08011230   0x00000064   Code   RO         8318    i.vPortFree         heap_4.o
    0x08011294   0x08011294   0x00000024   Code   RO         8389    i.vPortSetupTimerInterrupt  port.o
    0x080112b8   0x080112b8   0x00000054   Code   RO         8390    i.vPortValidateInterruptPriority  port.o
    0x0801130c   0x0801130c   0x00000032   Code   RO         7190    i.vQueueDelete      queue.o
    0x0801133e   0x0801133e   0x00000002   PAD
    0x08011340   0x08011340   0x00000028   Code   RO         7192    i.vQueueUnregisterQueue  queue.o
    0x08011368   0x08011368   0x00000050   Code   RO         7580    i.vTaskDelay        tasks.o
    0x080113b8   0x080113b8   0x00000010   Code   RO         7585    i.vTaskInternalSetTimeOutState  tasks.o
    0x080113c8   0x080113c8   0x0000000c   Code   RO         7587    i.vTaskMissedYield  tasks.o
    0x080113d4   0x080113d4   0x00000034   Code   RO         7589    i.vTaskPlaceOnEventList  tasks.o
    0x08011408   0x08011408   0x0000005c   Code   RO         7590    i.vTaskPlaceOnUnorderedEventList  tasks.o
    0x08011464   0x08011464   0x000000a8   Code   RO         7591    i.vTaskPriorityDisinheritAfterTimeout  tasks.o
    0x0801150c   0x0801150c   0x00000074   Code   RO         7593    i.vTaskRemoveFromUnorderedEventList  tasks.o
    0x08011580   0x08011580   0x00000080   Code   RO         7594    i.vTaskResume       tasks.o
    0x08011600   0x08011600   0x0000008c   Code   RO         7597    i.vTaskStartScheduler  tasks.o
    0x0801168c   0x0801168c   0x000000c0   Code   RO         7598    i.vTaskSuspend      tasks.o
    0x0801174c   0x0801174c   0x00000010   Code   RO         7599    i.vTaskSuspendAll   tasks.o
    0x0801175c   0x0801175c   0x00000078   Code   RO         7600    i.vTaskSwitchContext  tasks.o
    0x080117d4   0x080117d4   0x0000004e   Code   RO         6553    i.validate          ff.o
    0x08011822   0x08011822   0x00000044   Code   RO         7035    i.xEventGroupClearBits  event_groups.o
    0x08011866   0x08011866   0x0000001c   Code   RO         7036    i.xEventGroupCreate  event_groups.o
    0x08011882   0x08011882   0x000000a6   Code   RO         7039    i.xEventGroupSetBits  event_groups.o
    0x08011928   0x08011928   0x0000010c   Code   RO         7041    i.xEventGroupWaitBits  event_groups.o
    0x08011a34   0x08011a34   0x00000104   Code   RO         8391    i.xPortStartScheduler  port.o
    0x08011b38   0x08011b38   0x0000003c   Code   RO         7193    i.xQueueCreateCountingSemaphore  queue.o
    0x08011b74   0x08011b74   0x00000042   Code   RO         7194    i.xQueueCreateCountingSemaphoreStatic  queue.o
    0x08011bb6   0x08011bb6   0x00000044   Code   RO         7197    i.xQueueGenericCreate  queue.o
    0x08011bfa   0x08011bfa   0x00000070   Code   RO         7198    i.xQueueGenericCreateStatic  queue.o
    0x08011c6a   0x08011c6a   0x00000002   PAD
    0x08011c6c   0x08011c6c   0x00000090   Code   RO         7199    i.xQueueGenericReset  queue.o
    0x08011cfc   0x08011cfc   0x00000170   Code   RO         7200    i.xQueueGenericSend  queue.o
    0x08011e6c   0x08011e6c   0x000000be   Code   RO         7201    i.xQueueGenericSendFromISR  queue.o
    0x08011f2a   0x08011f2a   0x000000a0   Code   RO         7202    i.xQueueGiveFromISR  queue.o
    0x08011fca   0x08011fca   0x00000002   PAD
    0x08011fcc   0x08011fcc   0x00000148   Code   RO         7207    i.xQueueReceive     queue.o
    0x08012114   0x08012114   0x0000009a   Code   RO         7208    i.xQueueReceiveFromISR  queue.o
    0x080121ae   0x080121ae   0x00000002   PAD
    0x080121b0   0x080121b0   0x00000184   Code   RO         7209    i.xQueueSemaphoreTake  queue.o
    0x08012334   0x08012334   0x00000080   Code   RO         7602    i.xTaskCheckForTimeOut  tasks.o
    0x080123b4   0x080123b4   0x0000006c   Code   RO         7603    i.xTaskCreate       tasks.o
    0x08012420   0x08012420   0x00000060   Code   RO         7604    i.xTaskCreateStatic  tasks.o
    0x08012480   0x08012480   0x0000001c   Code   RO         7608    i.xTaskGetSchedulerState  tasks.o
    0x0801249c   0x0801249c   0x0000000c   Code   RO         7609    i.xTaskGetTickCount  tasks.o
    0x080124a8   0x080124a8   0x00000010   Code   RO         7610    i.xTaskGetTickCountFromISR  tasks.o
    0x080124b8   0x080124b8   0x000000d4   Code   RO         7611    i.xTaskIncrementTick  tasks.o
    0x0801258c   0x0801258c   0x0000009c   Code   RO         7614    i.xTaskPriorityDisinherit  tasks.o
    0x08012628   0x08012628   0x00000094   Code   RO         7615    i.xTaskPriorityInherit  tasks.o
    0x080126bc   0x080126bc   0x00000078   Code   RO         7616    i.xTaskRemoveFromEventList  tasks.o
    0x08012734   0x08012734   0x000000cc   Code   RO         7617    i.xTaskResumeAll    tasks.o
    0x08012800   0x08012800   0x0000002c   Code   RO         9499    locale$$code        c_w.l(lc_numeric_c.o)
    0x0801282c   0x0801282c   0x00000010   Code   RO         9501    x$fpl$dcheck1       fz_wv.l(dcheck1.o)
    0x0801283c   0x0801283c   0x0000000a   Code   RO         9581    x$fpl$fpinit        fz_wv.l(fpinit.o)
    0x08012846   0x08012846   0x00000004   Code   RO         9282    x$fpl$printf1       fz_wv.l(printf1.o)
    0x0801284a   0x0801284a   0x00000064   Code   RO         9569    x$fpl$retnan        fz_wv.l(retnan.o)
    0x080128ae   0x080128ae   0x0000005c   Code   RO         9380    x$fpl$scalbn        fz_wv.l(scalbn.o)
    0x0801290a   0x0801290a   0x00000030   Code   RO         9583    x$fpl$trapveneer    fz_wv.l(trapv.o)
    0x0801293a   0x0801293a   0x00000000   Code   RO         9382    x$fpl$usenofp       fz_wv.l(usenofp.o)
    0x0801293a   0x0801293a   0x00000002   PAD
    0x0801293c   0x0801293c   0x0000001c   Data   RO           45    .constdata          main.o
    0x08012958   0x08012958   0x00000008   Data   RO         1896    .constdata          stm32h7xx_hal_dma.o
    0x08012960   0x08012960   0x00000018   Data   RO         5659    .constdata          stm32h7xx_hal_uart.o
    0x08012978   0x08012978   0x00000010   Data   RO         6025    .constdata          stm32h7xx_hal_uart_ex.o
    0x08012988   0x08012988   0x00000010   Data   RO         6130    .constdata          system_stm32h7xx.o
    0x08012998   0x08012998   0x00000014   Data   RO         6289    .constdata          sd_diskio.o
    0x080129ac   0x080129ac   0x00000010   Data   RO         6290    .constdata          sd_diskio.o
    0x080129bc   0x080129bc   0x0000002a   Data   RO         6555    .constdata          ff.o
    0x080129e6   0x080129e6   0x0002abb6   Data   RO         6993    .constdata          cc936.o
    0x0803d59c   0x0803d59c   0x00000010   Data   RO         8908    .constdata          control.o
    0x0803d5ac   0x0803d5ac   0x00000011   Data   RO         9243    .constdata          c_w.l(__printf_flags_wp.o)
    0x0803d5bd   0x0803d5bd   0x00000003   PAD
    0x0803d5c0   0x0803d5c0   0x00000088   Data   RO         9311    .constdata          m_wv.l(pow.o)
    0x0803d648   0x0803d648   0x00000098   Data   RO         9386    .constdata          m_wv.l(atan.o)
    0x0803d6e0   0x0803d6e0   0x00000030   Data   RO         9398    .constdata          m_wv.l(cos_i.o)
    0x0803d710   0x0803d710   0x00000008   Data   RO         9424    .constdata          m_wv.l(qnan.o)
    0x0803d718   0x0803d718   0x000000c8   Data   RO         9427    .constdata          m_wv.l(rred.o)
    0x0803d7e0   0x0803d7e0   0x00000028   Data   RO         9431    .constdata          m_wv.l(sin_i.o)
    0x0803d808   0x0803d808   0x00000094   Data   RO         9470    .constdata          c_w.l(bigflt0.o)
    0x0803d89c   0x0803d89c   0x0000000c   Data   RO           46    .conststring        main.o
    0x0803d8a8   0x0803d8a8   0x00000051   Data   RO         8541    .conststring        taskinit.o
    0x0803d8f9   0x0803d8f9   0x00000003   PAD
    0x0803d8fc   0x0803d8fc   0x00000199   Data   RO         8909    .conststring        control.o
    0x0803da95   0x0803da95   0x00000003   PAD
    0x0803da98   0x0803da98   0x00000020   Data   RO         9648    Region$$Table       anon$$obj.o
    0x0803dab8   0x0803dab8   0x0000001c   Data   RO         9498    locale$$data        c_w.l(lc_numeric_c.o)


    Execution Region RW_IRAM1 (Exec base: 0x20000000, Load base: 0x0803dad4, Size: 0x00000000, Max: 0x00020000, ABSOLUTE)

    **** No section assigned to this execution region ****


    Execution Region RW_IRAM2 (Exec base: 0x24000000, Load base: 0x0803dad4, Size: 0x00009318, Max: 0x00080000, ABSOLUTE, COMPRESSED[0x00000044])

    Exec Addr    Load Addr    Size         Type   Attr      Idx    E Section Name        Object

    0x24000000   COMPRESSED   0x00000008   Data   RW           47    .data               main.o
    0x24000008   COMPRESSED   0x0000000c   Data   RW         2775    .data               stm32h7xx_hal.o
    0x24000014   COMPRESSED   0x00000008   Data   RW         6131    .data               system_stm32h7xx.o
    0x2400001c   COMPRESSED   0x00000008   Data   RW         6291    .data               sd_diskio.o
    0x24000024   COMPRESSED   0x00000005   Data   RW         6396    .data               fatfs.o
    0x24000029   COMPRESSED   0x00000003   PAD
    0x2400002c   COMPRESSED   0x00000008   Data   RW         6556    .data               ff.o
    0x24000034   COMPRESSED   0x00000044   Data   RW         7620    .data               tasks.o
    0x24000078   COMPRESSED   0x00000020   Data   RW         8324    .data               heap_4.o
    0x24000098   COMPRESSED   0x0000000c   Data   RW         8392    .data               port.o
    0x240000a4   COMPRESSED   0x00000004   Data   RW         8488    .data               printf.o
    0x240000a8   COMPRESSED   0x00000004   Data   RW         8489    .data               printf.o
    0x240000ac   COMPRESSED   0x00000068   Data   RW         8542    .data               taskinit.o
    0x24000114   COMPRESSED   0x00000004   Data   RW         8644    .data               imu.o
    0x24000118   COMPRESSED   0x00000004   Data   RW         8645    .data               imu.o
    0x2400011c   COMPRESSED   0x00000040   Data   RW         8698    .data               receiver.o
    0x2400015c   COMPRESSED   0x00000004   Data   RW         8699    .data               receiver.o
    0x24000160   COMPRESSED   0x00000004   Data   RW         8700    .data               receiver.o
    0x24000164   COMPRESSED   0x00000004   Data   RW         8744    .data               teleport.o
    0x24000168   COMPRESSED   0x00000001   Data   RW         8745    .data               teleport.o
    0x24000169   COMPRESSED   0x00000003   PAD
    0x2400016c   COMPRESSED   0x00000004   Data   RW         8795    .data               gnss.o
    0x24000170   COMPRESSED   0x00000004   Data   RW         8796    .data               gnss.o
    0x24000174   COMPRESSED   0x00000004   Data   RW         8797    .data               gnss.o
    0x24000178   COMPRESSED   0x00000060   Data   RW         8910    .data               control.o
    0x240001d8   COMPRESSED   0x00000001   Data   RW         8911    .data               control.o
    0x240001d9   COMPRESSED   0x00000001   Data   RW         8969    .data               tf.o
    0x240001da   COMPRESSED   0x00000006   PAD
    0x240001e0   COMPRESSED   0x00000068   Data   RW         9026    .data               navigation.o
    0x24000248   COMPRESSED   0x00000001   Data   RW         9028    .data               navigation.o
    0x24000249   COMPRESSED   0x00000003   PAD
    0x2400024c        -       0x000008ac   Zero   RW           36    .bss                main.o
    0x24000af8        -       0x00000078   Zero   RW           37    .bss                main.o
    0x24000b70        -       0x00000078   Zero   RW           38    .bss                main.o
    0x24000be8        -       0x00000078   Zero   RW           39    .bss                main.o
    0x24000c60        -       0x00000078   Zero   RW           40    .bss                main.o
    0x24000cd8        -       0x00000078   Zero   RW           41    .bss                main.o
    0x24000d50        -       0x00000078   Zero   RW           42    .bss                main.o
    0x24000dc8        -       0x00000078   Zero   RW           43    .bss                main.o
    0x24000e40        -       0x00000200   Zero   RW           44    .bss                main.o
    0x24001040        -       0x00000184   Zero   RW          424    .bss                freertos.o
    0x240011c4        -       0x0000004c   Zero   RW          750    .bss                stm32h7xx_hal_timebase_tim.o
    0x24001210        -       0x00000238   Zero   RW         6394    .bss                fatfs.o
    0x24001448        -       0x00000230   Zero   RW         6395    .bss                fatfs.o
    0x24001678        -       0x00000020   Zero   RW         6554    .bss                ff.o
    0x24001698        -       0x0000000c   Zero   RW         6881    .bss                ff_gen_drv.o
    0x240016a4        -       0x00000040   Zero   RW         7210    .bss                queue.o
    0x240016e4        -       0x000002e4   Zero   RW         7619    .bss                tasks.o
    0x240019c8        -       0x00003c00   Zero   RW         8323    .bss                heap_4.o
    0x240055c8        -       0x0000003c   Zero   RW         8641    .bss                imu.o
    0x24005604        -       0x0000003c   Zero   RW         8642    .bss                imu.o
    0x24005640        -       0x00000088   Zero   RW         8643    .bss                imu.o
    0x240056c8        -       0x00000019   Zero   RW         8695    .bss                receiver.o
    0x240056e1        -       0x00000019   Zero   RW         8696    .bss                receiver.o
    0x240056fa        -       0x00000020   Zero   RW         8697    .bss                receiver.o
    0x2400571a        -       0x00000064   Zero   RW         8743    .bss                teleport.o
    0x2400577e        -       0x00000400   Zero   RW         8792    .bss                gnss.o
    0x24005b7e        -       0x00000400   Zero   RW         8793    .bss                gnss.o
    0x24005f7e   COMPRESSED   0x00000002   PAD
    0x24005f80        -       0x00000100   Zero   RW         8794    .bss                gnss.o
    0x24006080        -       0x00000032   Zero   RW         8967    .bss                tf.o
    0x240060b2        -       0x00000200   Zero   RW         8968    .bss                tf.o
    0x240062b2   COMPRESSED   0x00000002   PAD
    0x240062b4        -       0x00000060   Zero   RW         9506    .bss                c_w.l(libspace.o)
    0x24006314   COMPRESSED   0x00000004   PAD
    0x24006318        -       0x00001000   Zero   RW            2    HEAP                startup_stm32h743xx.o
    0x24007318        -       0x00002000   Zero   RW            1    STACK               startup_stm32h743xx.o


==============================================================================

Image component sizes


      Code (inc. data)   RO Data    RW Data    ZI Data      Debug   Object Name

       178         22          0          0          0       5033   bsp_driver_sd.o
       280         26     175030          0          0       3007   cc936.o
       788         18          0          0          0      34762   cmsis_os.o
      1828        286        425         97          0       5608   control.o
        60          6          0          0          0        476   delay.o
       160         26          0          0          0       3685   diskio.o
       554          6          0          0          0      25802   event_groups.o
        32         12          0          5       1128       1552   fatfs.o
        24          4          0          0          0        549   fatfs_platform.o
      8808        178         42          8         32      53168   ff.o
        78          4          0          0         12       1575   ff_gen_drv.o
        56         20          0          0        388       2289   freertos.o
      1292         84          0         12       2304       8212   gnss.o
       508         32          0         32      15360       7547   heap_4.o
       692         66          0          8        256       3122   imu.o
       148          0          0          0          0       3594   list.o
      3376        264         40          8       3572    1399978   main.o
       372         74          0        105          0       4197   navigation.o
       814         92          0         12          0      11841   port.o
        30          6          0          8          0       2830   printf.o
      2488         28          0          0         64      25901   queue.o
       856         92          0         72         82       3082   receiver.o
       578         40         36          8          0      13889   sd_diskio.o
        64         26        664          0      12288        820   startup_stm32h743xx.o
       148         36          0         12          0      22565   stm32h7xx_hal.o
      2994        224          0          0          0      76370   stm32h7xx_hal_adc.o
       160         12          0          0          0      38722   stm32h7xx_hal_cortex.o
      5992        246          8          0          0      12257   stm32h7xx_hal_dma.o
       592         50          0          0          0       3508   stm32h7xx_hal_gpio.o
       184          4          0          0          0       3307   stm32h7xx_hal_i2c.o
       172          0          0          0          0       2027   stm32h7xx_hal_i2c_ex.o
      2492        222          0          0          0       8069   stm32h7xx_hal_msp.o
        84          6          0          0          0        769   stm32h7xx_hal_pwr_ex.o
      2706        128          0          0          0       8605   stm32h7xx_hal_rcc.o
      4776        172          0          0          0      10375   stm32h7xx_hal_rcc_ex.o
      3346         66          0          0          0      18616   stm32h7xx_hal_sd.o
       380         14          0          0          0       1695   stm32h7xx_hal_spi.o
      2878        308          0          0          0      19530   stm32h7xx_hal_tim.o
       170         30          0          0          0       3136   stm32h7xx_hal_tim_ex.o
       132         22          0          0         76       1516   stm32h7xx_hal_timebase_tim.o
      3668        172         24          0          0      39674   stm32h7xx_hal_uart.o
       290          6         16          0          0       5342   stm32h7xx_hal_uart_ex.o
       960        208          0          0          0      11409   stm32h7xx_it.o
      1790         72          0          0          0      23890   stm32h7xx_ll_sdmmc.o
         0          0          0          0          0        412   stream_buffer.o
        74          0          0          0          0       4571   syscall.o
       220         40         16          8          0       1446   system_stm32h7xx.o
      2144       1002         81        104          0       6966   taskinit.o
      3312        290          0         68        740      36178   tasks.o
        56         10          0          5        100       1735   teleport.o
       268        152          0          1        562       8782   tf.o

    ----------------------------------------------------------------------
     64134       4904     176420        588      36968    1993991   Object Totals
         0          0         32          0          0          0   (incl. Generated)
        82          0          6         15          4          0   (incl. Padding)

    ----------------------------------------------------------------------

      Code (inc. data)   RO Data    RW Data    ZI Data      Debug   Library Member Name

        90          0          0          0          0          0   __dczerorl2.o
         8          0          0          0          0         68   __main.o
       312          4         17          0          0         92   __printf_flags_wp.o
        14          0          0          0          0         68   __printf_wp.o
         0          0          0          0          0          0   __rtentry.o
        12          0          0          0          0          0   __rtentry2.o
         6          0          0          0          0          0   __rtentry4.o
        52          8          0          0          0          0   __scatter.o
        28          0          0          0          0          0   __scatter_zi.o
        44          0          0          0          0        108   _printf_char.o
        48          6          0          0          0         96   _printf_char_common.o
        36          4          0          0          0         80   _printf_char_file.o
         6          0          0          0          0          0   _printf_d.o
       120         16          0          0          0         92   _printf_dec.o
         6          0          0          0          0          0   _printf_f.o
      1054          0          0          0          0        216   _printf_fp_dec.o
       128         16          0          0          0         84   _printf_fp_infnan.o
       178          0          0          0          0         88   _printf_intcommon.o
         0          0          0          0          0          0   _printf_percent.o
         4          0          0          0          0          0   _printf_percent_end.o
         6          0          0          0          0          0   _printf_s.o
        82          0          0          0          0         80   _printf_str.o
         6          0          0          0          0          0   _printf_u.o
        22          0          0          0          0        100   _rserrno.o
        10          0          0          0          0         68   _sputc.o
        16          0          0          0          0         68   aeabi_memset.o
       228          4        148          0          0         96   bigflt0.o
      1936        128          0          0          0        672   btod.o
        18          0          0          0          0         80   exit.o
         8          0          0          0          0         68   ferror.o
         6          0          0          0          0        152   heapauxi.o
        44         10         28          0          0         76   lc_numeric_c.o
         2          0          0          0          0          0   libinit.o
        22          0          0          0          0          0   libinit2.o
         2          0          0          0          0          0   libshutdown.o
         2          0          0          0          0          0   libshutdown2.o
         8          4          0          0         96         68   libspace.o
       138          0          0          0          0         80   lludiv10.o
       238          0          0          0          0        100   lludivv7m.o
        24          4          0          0          0         84   noretval__2printf.o
        40          6          0          0          0         84   noretval__2sprintf.o
         8          4          0          0          0         68   rt_errno_addr_intlibspace.o
         8          4          0          0          0         68   rt_locale_intlibspace.o
        68          0          0          0          0         68   rt_memclr.o
        78          0          0          0          0         80   rt_memclr_w.o
       138          0          0          0          0         68   rt_memcpy_v6.o
       100          0          0          0          0         80   rt_memcpy_w.o
         2          0          0          0          0          0   rtexit.o
        10          0          0          0          0          0   rtexit2.o
       104          0          0          0          0         68   strcmpv7m_pel.o
        62          0          0          0          0         76   strlen.o
        36          0          0          0          0         80   strstr.o
        74          0          0          0          0         80   sys_stackheap_outer.o
         2          0          0          0          0         68   use_no_semi.o
         2          0          0          0          0         68   use_no_semi_2.o
        16          4          0          0          0        116   dcheck1.o
        10          0          0          0          0        116   fpinit.o
         4          0          0          0          0        116   printf1.o
       100          0          0          0          0        116   retnan.o
        92          0          0          0          0        116   scalbn.o
        48          0          0          0          0        116   trapv.o
         0          0          0          0          0          0   usenofp.o
       528        110        152          0          0        348   atan.o
       448         68          0          0          0        180   atan2.o
       176         18          0          0          0        156   cos.o
       224         42         48          0          0        184   cos_i.o
       116         60          0          0          0        696   dunder.o
        24          0          0          0          0        124   fabs.o
        48          0          0          0          0        124   fpclassify.o
       112          0          0          0          0        116   poly.o
      2296        304        136          0          0        320   pow.o
         0          0          8          0          0          0   qnan.o
       784        138        200          0          0        172   rred.o
       176         18          0          0          0        160   sin.o
       168         24         40          0          0        196   sin_i.o
       208          0          0          0          0        280   sqrt.o

    ----------------------------------------------------------------------
     11294       1004        780          0        100       7492   Library Totals
        20          0          3          0          4          0   (incl. Padding)

    ----------------------------------------------------------------------

      Code (inc. data)   RO Data    RW Data    ZI Data      Debug   Library Name

      5696        218        193          0         96       3740   c_w.l
       270          4          0          0          0        696   fz_wv.l
      5308        782        584          0          0       3056   m_wv.l

    ----------------------------------------------------------------------
     11294       1004        780          0        100       7492   Library Totals

    ----------------------------------------------------------------------

==============================================================================


      Code (inc. data)   RO Data    RW Data    ZI Data      Debug   

     75428       5908     177200        588      37068    1954351   Grand Totals
     75428       5908     177200         68      37068    1954351   ELF Image Totals (compressed)
     75428       5908     177200         68          0          0   ROM Totals

==============================================================================

    Total RO  Size (Code + RO Data)               252628 ( 246.71kB)
    Total RW  Size (RW Data + ZI Data)             37656 (  36.77kB)
    Total ROM Size (Code + RO Data + RW Data)     252696 ( 246.77kB)

==============================================================================

