Component: ARM Compiler 5.06 update 6 (build 750) Tool: armlink [4d35ed]

==============================================================================

Section Cross References

    startup_stm32h743xx.o(STACK) refers (Special) to heapauxi.o(.text) for __use_two_region_memory
    startup_stm32h743xx.o(HEAP) refers (Special) to heapauxi.o(.text) for __use_two_region_memory
    startup_stm32h743xx.o(RESET) refers (Special) to heapauxi.o(.text) for __use_two_region_memory
    startup_stm32h743xx.o(RESET) refers to startup_stm32h743xx.o(STACK) for __initial_sp
    startup_stm32h743xx.o(RESET) refers to startup_stm32h743xx.o(.text) for Reset_Handler
    startup_stm32h743xx.o(RESET) refers to stm32h7xx_it.o(i.NMI_Handler) for NMI_Handler
    startup_stm32h743xx.o(RESET) refers to stm32h7xx_it.o(i.HardFault_Handler) for HardFault_Handler
    startup_stm32h743xx.o(RESET) refers to stm32h7xx_it.o(i.MemManage_Handler) for MemManage_Handler
    startup_stm32h743xx.o(RESET) refers to stm32h7xx_it.o(i.BusFault_Handler) for BusFault_Handler
    startup_stm32h743xx.o(RESET) refers to stm32h7xx_it.o(i.UsageFault_Handler) for UsageFault_Handler
    startup_stm32h743xx.o(RESET) refers to port.o(.emb_text) for SVC_Handler
    startup_stm32h743xx.o(RESET) refers to stm32h7xx_it.o(i.DebugMon_Handler) for DebugMon_Handler
    startup_stm32h743xx.o(RESET) refers to port.o(i.SysTick_Handler) for SysTick_Handler
    startup_stm32h743xx.o(RESET) refers to stm32h7xx_it.o(i.DMA1_Stream0_IRQHandler) for DMA1_Stream0_IRQHandler
    startup_stm32h743xx.o(RESET) refers to stm32h7xx_it.o(i.DMA1_Stream1_IRQHandler) for DMA1_Stream1_IRQHandler
    startup_stm32h743xx.o(RESET) refers to stm32h7xx_it.o(i.DMA1_Stream2_IRQHandler) for DMA1_Stream2_IRQHandler
    startup_stm32h743xx.o(RESET) refers to stm32h7xx_it.o(i.DMA1_Stream3_IRQHandler) for DMA1_Stream3_IRQHandler
    startup_stm32h743xx.o(RESET) refers to stm32h7xx_it.o(i.DMA1_Stream4_IRQHandler) for DMA1_Stream4_IRQHandler
    startup_stm32h743xx.o(RESET) refers to stm32h7xx_it.o(i.DMA1_Stream5_IRQHandler) for DMA1_Stream5_IRQHandler
    startup_stm32h743xx.o(RESET) refers to stm32h7xx_it.o(i.DMA1_Stream6_IRQHandler) for DMA1_Stream6_IRQHandler
    startup_stm32h743xx.o(RESET) refers to stm32h7xx_it.o(i.USART1_IRQHandler) for USART1_IRQHandler
    startup_stm32h743xx.o(RESET) refers to stm32h7xx_it.o(i.USART2_IRQHandler) for USART2_IRQHandler
    startup_stm32h743xx.o(RESET) refers to stm32h7xx_it.o(i.USART3_IRQHandler) for USART3_IRQHandler
    startup_stm32h743xx.o(RESET) refers to stm32h7xx_it.o(i.SDMMC1_IRQHandler) for SDMMC1_IRQHandler
    startup_stm32h743xx.o(RESET) refers to stm32h7xx_it.o(i.UART5_IRQHandler) for UART5_IRQHandler
    startup_stm32h743xx.o(RESET) refers to stm32h7xx_it.o(i.TIM6_DAC_IRQHandler) for TIM6_DAC_IRQHandler
    startup_stm32h743xx.o(RESET) refers to stm32h7xx_it.o(i.TIM7_IRQHandler) for TIM7_IRQHandler
    startup_stm32h743xx.o(RESET) refers to stm32h7xx_it.o(i.DMA2_Stream0_IRQHandler) for DMA2_Stream0_IRQHandler
    startup_stm32h743xx.o(RESET) refers to stm32h7xx_it.o(i.USART6_IRQHandler) for USART6_IRQHandler
    startup_stm32h743xx.o(RESET) refers to stm32h7xx_it.o(i.UART8_IRQHandler) for UART8_IRQHandler
    startup_stm32h743xx.o(RESET) refers to stm32h7xx_it.o(i.TIM17_IRQHandler) for TIM17_IRQHandler
    startup_stm32h743xx.o(.text) refers (Special) to heapauxi.o(.text) for __use_two_region_memory
    startup_stm32h743xx.o(.text) refers to system_stm32h7xx.o(i.SystemInit) for SystemInit
    startup_stm32h743xx.o(.text) refers to __main.o(!!!main) for __main
    startup_stm32h743xx.o(.text) refers to startup_stm32h743xx.o(HEAP) for Heap_Mem
    startup_stm32h743xx.o(.text) refers to startup_stm32h743xx.o(STACK) for Stack_Mem
    main.o(i.HAL_TIM_PeriodElapsedCallback) refers to stm32h7xx_hal.o(i.HAL_IncTick) for HAL_IncTick
    main.o(i.HAL_TIM_PeriodElapsedCallback) refers to control.o(i.ControlUpdata) for ControlUpdata
    main.o(i.HAL_TIM_PeriodElapsedCallback) refers to main.o(.data) for .data
    main.o(i.MX_ADC3_Init) refers to rt_memclr_w.o(.text) for __aeabi_memclr4
    main.o(i.MX_ADC3_Init) refers to stm32h7xx_hal_adc.o(i.HAL_ADC_Init) for HAL_ADC_Init
    main.o(i.MX_ADC3_Init) refers to stm32h7xx_hal_adc.o(i.HAL_ADC_ConfigChannel) for HAL_ADC_ConfigChannel
    main.o(i.MX_ADC3_Init) refers to main.o(.bss) for .bss
    main.o(i.MX_DMA_Init) refers to stm32h7xx_hal_cortex.o(i.HAL_NVIC_SetPriority) for HAL_NVIC_SetPriority
    main.o(i.MX_DMA_Init) refers to stm32h7xx_hal_cortex.o(i.HAL_NVIC_EnableIRQ) for HAL_NVIC_EnableIRQ
    main.o(i.MX_GPIO_Init) refers to rt_memclr_w.o(.text) for __aeabi_memclr4
    main.o(i.MX_GPIO_Init) refers to stm32h7xx_hal_gpio.o(i.HAL_GPIO_WritePin) for HAL_GPIO_WritePin
    main.o(i.MX_GPIO_Init) refers to stm32h7xx_hal_gpio.o(i.HAL_GPIO_Init) for HAL_GPIO_Init
    main.o(i.MX_I2C1_Init) refers to stm32h7xx_hal_i2c.o(i.HAL_I2C_Init) for HAL_I2C_Init
[...]
    hadc3                                    0x240002f0   Data         100  main.o(.bss)
    hi2c1                                    0x24000354   Data          84  main.o(.bss)
    hsd1                                     0x240003a8   Data         124  main.o(.bss)
    hspi1                                    0x24000424   Data         136  main.o(.bss)
    hspi2                                    0x240004ac   Data         136  main.o(.bss)
    htim2                                    0x24000534   Data          76  main.o(.bss)
    htim3                                    0x24000580   Data          76  main.o(.bss)
    htim4                                    0x240005cc   Data          76  main.o(.bss)
    htim5                                    0x24000618   Data          76  main.o(.bss)
    htim6                                    0x24000664   Data          76  main.o(.bss)
    htim7                                    0x240006b0   Data          76  main.o(.bss)
    huart4                                   0x240006fc   Data         148  main.o(.bss)
    huart5                                   0x24000790   Data         148  main.o(.bss)
    huart7                                   0x24000824   Data         148  main.o(.bss)
    huart8                                   0x240008b8   Data         148  main.o(.bss)
    huart1                                   0x2400094c   Data         148  main.o(.bss)
    huart2                                   0x240009e0   Data         148  main.o(.bss)
    huart3                                   0x24000a74   Data         148  main.o(.bss)
    huart6                                   0x24000b08   Data         148  main.o(.bss)
    hdma_uart4_rx                            0x24000b9c   Data         120  main.o(.bss)
    hdma_uart5_rx                            0x24000c14   Data         120  main.o(.bss)
    hdma_uart8_tx                            0x24000c8c   Data         120  main.o(.bss)
    hdma_uart8_rx                            0x24000d04   Data         120  main.o(.bss)
    hdma_usart1_tx                           0x24000d7c   Data         120  main.o(.bss)
    hdma_usart2_rx                           0x24000df4   Data         120  main.o(.bss)
    hdma_usart3_rx                           0x24000e6c   Data         120  main.o(.bss)
    hdma_usart6_rx                           0x24000ee4   Data         120  main.o(.bss)
    work                                     0x24000f5c   Data         512  main.o(.bss)
    htim17                                   0x240012e0   Data          76  stm32h7xx_hal_timebase_tim.o(.bss)
    SDFatFS                                  0x2400132c   Data         568  fatfs.o(.bss)
    SDFile                                   0x24001564   Data         560  fatfs.o(.bss)
    disk                                     0x240017b4   Data          12  ff_gen_drv.o(.bss)
    xQueueRegistry                           0x240017c0   Data          64  queue.o(.bss)
    IMUReceiveBuff                           0x240056e4   Data          60  imu.o(.bss)
    IMUFifoBuff                              0x24005720   Data          60  imu.o(.bss)
    IMUData                                  0x24005760   Data         208  imu.o(.bss)
    ReceiverReceiveBuff                      0x24005830   Data          25  receiver.o(.bss)
    ReceiverFifoBuff                         0x24005849   Data          25  receiver.o(.bss)
    ReceiverChannel                          0x24005862   Data          32  receiver.o(.bss)
    TeleReceverData                          0x24005888   Data         640  teleport.o(.bss)
    SendBuff                                 0x24005b08   Data        1024  teleport.o(.bss)
    GNSSReceiveBuff                          0x24005f08   Data        1024  gnss.o(.bss)
    GNSSFifoBuff                             0x24006308   Data        1024  gnss.o(.bss)
    GNSSData                                 0x24006708   Data          88  gnss.o(.bss)
    GNSS_msg                                 0x24006760   Data         168  gnss.o(.bss)
    FileName                                 0x24006808   Data          50  tf.o(.bss)
    StorageBuff                              0x2400683a   Data         512  tf.o(.bss)
    NavAttitudeData                          0x24006a40   Data         208  navigation.o(.bss)
    X                                        0x24006b10   Data          48  guide.o(.bss)
    __libspace_start                         0x24006b40   Data          96  libspace.o(.bss)
    __temporary_stack_top$libspace           0x24006ba0   Data           0  libspace.o(.bss)



==============================================================================

Memory Map of the image

  Image Entry point : 0x08000299

  Load Region LR_IROM1 (Base: 0x08000000, Size: 0x0003fa8c, Max: 0x00200000, ABSOLUTE, COMPRESSED[0x0003f7e8])

    Execution Region ER_IROM1 (Exec base: 0x08000000, Load base: 0x08000000, Size: 0x0003f79c, Max: 0x00200000, ABSOLUTE)

    Exec Addr    Load Addr    Size         Type   Attr      Idx    E Section Name        Object

    0x08000000   0x08000000   0x00000298   Data   RO            3    RESET               startup_stm32h743xx.o
    0x08000298   0x08000298   0x00000008   Code   RO         9658  * !!!main             c_w.l(__main.o)
    0x080002a0   0x080002a0   0x00000034   Code   RO        10074    !!!scatter          c_w.l(__scatter.o)
    0x080002d4   0x080002d4   0x0000005a   Code   RO        10072    !!dczerorl2         c_w.l(__dczerorl2.o)
    0x0800032e   0x0800032e   0x00000002   PAD
    0x08000330   0x08000330   0x0000001c   Code   RO        10076    !!handler_zi        c_w.l(__scatter_zi.o)
    0x0800034c   0x0800034c   0x00000000   Code   RO         9637    .ARM.Collect$$_printf_percent$$00000000  c_w.l(_printf_percent.o)
    0x0800034c   0x0800034c   0x00000006   Code   RO         9636    .ARM.Collect$$_printf_percent$$00000003  c_w.l(_printf_f.o)
    0x08000352   0x08000352   0x00000006   Code   RO         9634    .ARM.Collect$$_printf_percent$$00000009  c_w.l(_printf_d.o)
    0x08000358   0x08000358   0x00000006   Code   RO         9635    .ARM.Collect$$_printf_percent$$0000000A  c_w.l(_printf_u.o)
    0x0800035e   0x0800035e   0x00000006   Code   RO         9633    .ARM.Collect$$_printf_percent$$00000014  c_w.l(_printf_s.o)
    0x08000364   0x08000364   0x00000004   Code   RO         9805    .ARM.Collect$$_printf_percent$$00000017  c_w.l(_printf_percent_end.o)
    0x08000368   0x08000368   0x00000002   Code   RO         9945    .ARM.Collect$$libinit$$00000000  c_w.l(libinit.o)
    0x0800036a   0x0800036a   0x00000004   Code   RO         9946    .ARM.Collect$$libinit$$00000001  c_w.l(libinit2.o)
    0x0800036e   0x0800036e   0x00000000   Code   RO         9949    .ARM.Collect$$libinit$$00000004  c_w.l(libinit2.o)
    0x0800036e   0x0800036e   0x00000000   Code   RO         9952    .ARM.Collect$$libinit$$0000000A  c_w.l(libinit2.o)
    0x0800036e   0x0800036e   0x00000000   Code   RO         9954    .ARM.Collect$$libinit$$0000000C  c_w.l(libinit2.o)
    0x0800036e   0x0800036e   0x00000000   Code   RO         9956    .ARM.Collect$$libinit$$0000000E  c_w.l(libinit2.o)
    0x0800036e   0x0800036e   0x00000006   Code   RO         9957    .ARM.Collect$$libinit$$0000000F  c_w.l(libinit2.o)
    0x08000374   0x08000374   0x00000000   Code   RO         9959    .ARM.Collect$$libinit$$00000011  c_w.l(libinit2.o)
    0x08000374   0x08000374   0x00000000   Code   RO         9961    .ARM.Collect$$libinit$$00000013  c_w.l(libinit2.o)
    0x08000374   0x08000374   0x00000000   Code   RO         9963    .ARM.Collect$$libinit$$00000015  c_w.l(libinit2.o)
    0x08000374   0x08000374   0x0000000a   Code   RO         9964    .ARM.Collect$$libinit$$00000016  c_w.l(libinit2.o)
    0x0800037e   0x0800037e   0x00000000   Code   RO         9965    .ARM.Collect$$libinit$$00000017  c_w.l(libinit2.o)
    0x0800037e   0x0800037e   0x00000000   Code   RO         9967    .ARM.Collect$$libinit$$00000019  c_w.l(libinit2.o)
    0x0800037e   0x0800037e   0x00000000   Code   RO         9969    .ARM.Collect$$libinit$$0000001B  c_w.l(libinit2.o)
    0x0800037e   0x0800037e   0x00000000   Code   RO         9971    .ARM.Collect$$libinit$$0000001D  c_w.l(libinit2.o)
    0x0800037e   0x0800037e   0x00000000   Code   RO         9973    .ARM.Collect$$libinit$$0000001F  c_w.l(libinit2.o)
    0x0800037e   0x0800037e   0x00000000   Code   RO         9975    .ARM.Collect$$libinit$$00000021  c_w.l(libinit2.o)
    0x0800037e   0x0800037e   0x00000000   Code   RO         9977    .ARM.Collect$$libinit$$00000023  c_w.l(libinit2.o)
    0x0800037e   0x0800037e   0x00000000   Code   RO         9979    .ARM.Collect$$libinit$$00000025  c_w.l(libinit2.o)
    0x0800037e   0x0800037e   0x00000000   Code   RO         9983    .ARM.Collect$$libinit$$0000002C  c_w.l(libinit2.o)
    0x0800037e   0x0800037e   0x00000000   Code   RO         9985    .ARM.Collect$$libinit$$0000002E  c_w.l(libinit2.o)
    0x0800037e   0x0800037e   0x00000000   Code   RO         9987    .ARM.Collect$$libinit$$00000030  c_w.l(libinit2.o)
    0x0800037e   0x0800037e   0x00000000   Code   RO         9989    .ARM.Collect$$libinit$$00000032  c_w.l(libinit2.o)
    0x0800037e   0x0800037e   0x00000002   Code   RO         9990    .ARM.Collect$$libinit$$00000033  c_w.l(libinit2.o)
    0x08000380   0x08000380   0x00000002   Code   RO        10036    .ARM.Collect$$libshutdown$$00000000  c_w.l(libshutdown.o)
    0x08000382   0x08000382   0x00000000   Code   RO        10055    .ARM.Collect$$libshutdown$$00000002  c_w.l(libshutdown2.o)
    0x08000382   0x08000382   0x00000000   Code   RO        10057    .ARM.Collect$$libshutdown$$00000004  c_w.l(libshutdown2.o)
    0x08000382   0x08000382   0x00000000   Code   RO        10060    .ARM.Collect$$libshutdown$$00000007  c_w.l(libshutdown2.o)
    0x08000382   0x08000382   0x00000000   Code   RO        10063    .ARM.Collect$$libshutdown$$0000000A  c_w.l(libshutdown2.o)
    0x08000382   0x08000382   0x00000000   Code   RO        10065    .ARM.Collect$$libshutdown$$0000000C  c_w.l(libshutdown2.o)
    0x08000382   0x08000382   0x00000000   Code   RO        10068    .ARM.Collect$$libshutdown$$0000000F  c_w.l(libshutdown2.o)
    0x08000382   0x08000382   0x00000002   Code   RO        10069    .ARM.Collect$$libshutdown$$00000010  c_w.l(libshutdown2.o)
    0x08000384   0x08000384   0x00000000   Code   RO         9786    .ARM.Collect$$rtentry$$00000000  c_w.l(__rtentry.o)
    0x08000384   0x08000384   0x00000000   Code   RO         9857    .ARM.Collect$$rtentry$$00000002  c_w.l(__rtentry2.o)
    0x08000384   0x08000384   0x00000006   Code   RO         9869    .ARM.Collect$$rtentry$$00000004  c_w.l(__rtentry4.o)
    0x0800038a   0x0800038a   0x00000000   Code   RO         9859    .ARM.Collect$$rtentry$$00000009  c_w.l(__rtentry2.o)
    0x0800038a   0x0800038a   0x00000004   Code   RO         9860    .ARM.Collect$$rtentry$$0000000A  c_w.l(__rtentry2.o)
    0x0800038e   0x0800038e   0x00000000   Code   RO         9862    .ARM.Collect$$rtentry$$0000000C  c_w.l(__rtentry2.o)
    0x0800038e   0x0800038e   0x00000008   Code   RO         9863    .ARM.Collect$$rtentry$$0000000D  c_w.l(__rtentry2.o)
    0x08000396   0x08000396   0x00000002   Code   RO         9993    .ARM.Collect$$rtexit$$00000000  c_w.l(rtexit.o)
    0x08000398   0x08000398   0x00000000   Code   RO        10008    .ARM.Collect$$rtexit$$00000002  c_w.l(rtexit2.o)
    0x08000398   0x08000398   0x00000004   Code   RO        10009    .ARM.Collect$$rtexit$$00000003  c_w.l(rtexit2.o)
    0x0800039c   0x0800039c   0x00000006   Code   RO        10010    .ARM.Collect$$rtexit$$00000004  c_w.l(rtexit2.o)
    0x080003a2   0x080003a2   0x00000002   PAD
    0x080003a4   0x080003a4   0x000000be   Code   RO         8445    .emb_text           port.o
    0x08000462   0x08000462   0x00000002   PAD
    0x08000464   0x08000464   0x00000040   Code   RO            4    .text               startup_stm32h743xx.o
    0x080004a4   0x080004a4   0x00000002   Code   RO         9592    .text               c_w.l(use_no_semi_2.o)
    0x080004a6   0x080004a6   0x000000ee   Code   RO         9594    .text               c_w.l(lludivv7m.o)
    0x08000594   0x08000594   0x00000018   Code   RO         9602    .text               c_w.l(noretval__2printf.o)
    0x080005ac   0x080005ac   0x00000028   Code   RO         9604    .text               c_w.l(noretval__2sprintf.o)
    0x080005d4   0x080005d4   0x00000052   Code   RO         9608    .text               c_w.l(_printf_str.o)
    0x08000626   0x08000626   0x00000002   PAD
    0x08000628   0x08000628   0x00000078   Code   RO         9610    .text               c_w.l(_printf_dec.o)
    0x080006a0   0x080006a0   0x00000138   Code   RO         9624    .text               c_w.l(__printf_flags_wp.o)
    0x080007d8   0x080007d8   0x00000024   Code   RO         9638    .text               c_w.l(strstr.o)
    0x080007fc   0x080007fc   0x0000003e   Code   RO         9642    .text               c_w.l(strlen.o)
    0x0800083a   0x0800083a   0x0000008a   Code   RO         9644    .text               c_w.l(rt_memcpy_v6.o)
    0x080008c4   0x080008c4   0x00000064   Code   RO         9646    .text               c_w.l(rt_memcpy_w.o)
    0x08000928   0x08000928   0x00000010   Code   RO         9650    .text               c_w.l(aeabi_memset.o)
    0x08000938   0x08000938   0x00000044   Code   RO         9652    .text               c_w.l(rt_memclr.o)
    0x0800097c   0x0800097c   0x0000004e   Code   RO         9654    .text               c_w.l(rt_memclr_w.o)
    0x080009ca   0x080009ca   0x00000006   Code   RO         9656    .text               c_w.l(heapauxi.o)
    0x080009d0   0x080009d0   0x00000002   Code   RO         9784    .text               c_w.l(use_no_semi.o)
    0x080009d2   0x080009d2   0x00000016   Code   RO         9791    .text               c_w.l(_rserrno.o)
    0x080009e8   0x080009e8   0x000000b2   Code   RO         9793    .text               c_w.l(_printf_intcommon.o)
    0x08000a9a   0x08000a9a   0x0000041e   Code   RO         9795    .text               c_w.l(_printf_fp_dec.o)
    0x08000eb8   0x08000eb8   0x00000030   Code   RO         9797    .text               c_w.l(_printf_char_common.o)
    0x08000ee8   0x08000ee8   0x0000000a   Code   RO         9799    .text               c_w.l(_sputc.o)
    0x08000ef2   0x08000ef2   0x0000002c   Code   RO         9801    .text               c_w.l(_printf_char.o)
    0x08000f1e   0x08000f1e   0x00000002   PAD
    0x08000f20   0x08000f20   0x00000024   Code   RO         9803    .text               c_w.l(_printf_char_file.o)
    0x08000f44   0x08000f44   0x00000008   Code   RO         9876    .text               c_w.l(rt_locale_intlibspace.o)
    0x08000f4c   0x08000f4c   0x00000008   Code   RO         9881    .text               c_w.l(rt_errno_addr_intlibspace.o)
    0x08000f54   0x08000f54   0x0000008a   Code   RO         9883    .text               c_w.l(lludiv10.o)
    0x08000fde   0x08000fde   0x00000002   PAD
    0x08000fe0   0x08000fe0   0x00000080   Code   RO         9885    .text               c_w.l(_printf_fp_infnan.o)
    0x08001060   0x08001060   0x000000e4   Code   RO         9889    .text               c_w.l(bigflt0.o)
    0x08001144   0x08001144   0x00000008   Code   RO         9914    .text               c_w.l(ferror.o)
    0x0800114c   0x0800114c   0x00000008   Code   RO         9927    .text               c_w.l(libspace.o)
    0x08001154   0x08001154   0x0000004a   Code   RO         9930    .text               c_w.l(sys_stackheap_outer.o)
    0x0800119e   0x0800119e   0x00000012   Code   RO         9932    .text               c_w.l(exit.o)
    0x080011b0   0x080011b0   0x00000068   Code   RO         9938    .text               c_w.l(strcmpv7m_pel.o)
    0x08001218   0x08001218   0x0000003e   Code   RO         9892    CL$$btod_d2e        c_w.l(btod.o)
    0x08001256   0x08001256   0x00000046   Code   RO         9894    CL$$btod_d2e_denorm_low  c_w.l(btod.o)
    0x0800129c   0x0800129c   0x00000060   Code   RO         9893    CL$$btod_d2e_norm_op1  c_w.l(btod.o)
    0x080012fc   0x080012fc   0x00000338   Code   RO         9902    CL$$btod_div_common  c_w.l(btod.o)
    0x08001634   0x08001634   0x000000dc   Code   RO         9899    CL$$btod_e2e        c_w.l(btod.o)
    0x08001710   0x08001710   0x0000002a   Code   RO         9896    CL$$btod_ediv       c_w.l(btod.o)
    0x0800173a   0x0800173a   0x0000002a   Code   RO         9895    CL$$btod_emul       c_w.l(btod.o)
    0x08001764   0x08001764   0x00000244   Code   RO         9901    CL$$btod_mult_common  c_w.l(btod.o)
    0x080019a8   0x080019a8   0x00000108   Code   RO          837    i.ADC_ConfigureBoostMode  stm32h7xx_hal_adc.o
    0x08001ab0   0x08001ab0   0x000000e4   Code   RO          838    i.ADC_ConversionStop  stm32h7xx_hal_adc.o
    0x08001b94   0x08001b94   0x00000070   Code   RO          842    i.ADC_Disable       stm32h7xx_hal_adc.o
    0x08001c04   0x08001c04   0x000000a8   Code   RO          843    i.ADC_Enable        stm32h7xx_hal_adc.o
    0x08001cac   0x08001cac   0x00000640   Code   RO         9098    i.AttitudeSolution  navigation.o
    0x080022ec   0x080022ec   0x00000018   Code   RO         6431    i.BSP_PlatformIsDetected  fatfs_platform.o
    0x08002304   0x08002304   0x0000000c   Code   RO         6230    i.BSP_SD_GetCardInfo  bsp_driver_sd.o
    0x08002310   0x08002310   0x00000018   Code   RO         6231    i.BSP_SD_GetCardState  bsp_driver_sd.o
    0x08002328   0x08002328   0x00000030   Code   RO         6233    i.BSP_SD_Init       bsp_driver_sd.o
    0x08002358   0x08002358   0x00000016   Code   RO         6234    i.BSP_SD_IsDetected  bsp_driver_sd.o
    0x0800236e   0x0800236e   0x00000002   PAD
    0x08002370   0x08002370   0x0000001c   Code   RO         6236    i.BSP_SD_ReadBlocks_DMA  bsp_driver_sd.o
    0x0800238c   0x0800238c   0x00000010   Code   RO         6343    i.BSP_SD_ReadCpltCallback  sd_diskio.o
    0x0800239c   0x0800239c   0x0000001c   Code   RO         6239    i.BSP_SD_WriteBlocks_DMA  bsp_driver_sd.o
    0x080023b8   0x080023b8   0x00000010   Code   RO         6344    i.BSP_SD_WriteCpltCallback  sd_diskio.o
    0x080023c8   0x080023c8   0x00000002   Code   RO          515    i.BusFault_Handler  stm32h7xx_it.o
    0x080023ca   0x080023ca   0x00000002   PAD
    0x080023cc   0x080023cc   0x00000034   Code   RO         8976    i.ControlStart      control.o
    0x08002400   0x08002400   0x00000014   Code   RO         8977    i.ControlStop       control.o
    0x08002414   0x08002414   0x00000048   Code   RO         8978    i.ControlUpdata     control.o
    0x0800245c   0x0800245c   0x0000000c   Code   RO          516    i.DMA1_Stream0_IRQHandler  stm32h7xx_it.o
    0x08002468   0x08002468   0x0000000c   Code   RO          517    i.DMA1_Stream1_IRQHandler  stm32h7xx_it.o
    0x08002474   0x08002474   0x0000000c   Code   RO          518    i.DMA1_Stream2_IRQHandler  stm32h7xx_it.o
    0x08002480   0x08002480   0x0000000c   Code   RO          519    i.DMA1_Stream3_IRQHandler  stm32h7xx_it.o
    0x0800248c   0x0800248c   0x0000000c   Code   RO          520    i.DMA1_Stream4_IRQHandler  stm32h7xx_it.o
    0x08002498   0x08002498   0x0000000c   Code   RO          521    i.DMA1_Stream5_IRQHandler  stm32h7xx_it.o
    0x080024a4   0x080024a4   0x0000000c   Code   RO          522    i.DMA1_Stream6_IRQHandler  stm32h7xx_it.o
    0x080024b0   0x080024b0   0x0000000c   Code   RO          523    i.DMA2_Stream0_IRQHandler  stm32h7xx_it.o
    0x080024bc   0x080024bc   0x000000b4   Code   RO         1930    i.DMA_CalcBaseAndBitshift  stm32h7xx_hal_dma.o
    0x08002570   0x08002570   0x0000009c   Code   RO         1931    i.DMA_CalcDMAMUXChannelBaseAndMask  stm32h7xx_hal_dma.o
    0x0800260c   0x0800260c   0x00000074   Code   RO         1932    i.DMA_CalcDMAMUXRequestGenBaseAndMask  stm32h7xx_hal_dma.o
    0x08002680   0x08002680   0x00000054   Code   RO         1933    i.DMA_CheckFifoParam  stm32h7xx_hal_dma.o
    0x080026d4   0x080026d4   0x00000220   Code   RO         1934    i.DMA_SetConfig     stm32h7xx_hal_dma.o
    0x080028f4   0x080028f4   0x00000002   Code   RO          524    i.DebugMon_Handler  stm32h7xx_it.o
    0x080028f6   0x080028f6   0x00000004   Code   RO           13    i.Error_Handler     main.o
    0x080028fa   0x080028fa   0x00000006   Code   RO         6940    i.FATFS_LinkDriver  ff_gen_drv.o
    0x08002900   0x08002900   0x00000048   Code   RO         6941    i.FATFS_LinkDriverEx  ff_gen_drv.o
    0x08002948   0x08002948   0x000000a4   Code   RO         8594    i.FMUCheck          taskinit.o
    0x080029ec   0x080029ec   0x00000030   Code   RO         8595    i.FMUControlCalculation  taskinit.o
    0x08002a1c   0x08002a1c   0x0000004c   Code   RO         9046    i.FileClose         tf.o
    0x08002a68   0x08002a68   0x000000c0   Code   RO         9047    i.FileCreate        tf.o
    0x08002b28   0x08002b28   0x000006b0   Code   RO         8979    i.FixedWingControl  control.o
    0x080031d8   0x080031d8   0x000000c0   Code   RO         8860    i.GNSSDataConvert   gnss.o
    0x08003298   0x08003298   0x00000028   Code   RO         8861    i.GNSSInit          gnss.o
    0x080032c0   0x080032c0   0x00000060   Code   RO         8596    i.GNSSReceive       taskinit.o
    0x08003320   0x08003320   0x00000016   Code   RO         8863    i.GPS_Analysis      gnss.o
    0x08003336   0x08003336   0x00000002   PAD
    0x08003338   0x08003338   0x000003d8   Code   RO          845    i.HAL_ADC_ConfigChannel  stm32h7xx_hal_adc.o
    0x08003710   0x08003710   0x00000006   Code   RO          852    i.HAL_ADC_GetValue  stm32h7xx_hal_adc.o
    0x08003716   0x08003716   0x00000002   PAD
    0x08003718   0x08003718   0x00000228   Code   RO          854    i.HAL_ADC_Init      stm32h7xx_hal_adc.o
    0x08003940   0x08003940   0x0000009c   Code   RO          696    i.HAL_ADC_MspInit   stm32h7xx_hal_msp.o
    0x080039dc   0x080039dc   0x00000124   Code   RO          858    i.HAL_ADC_PollForConversion  stm32h7xx_hal_adc.o
    0x08003b00   0x08003b00   0x00000108   Code   RO          860    i.HAL_ADC_Start     stm32h7xx_hal_adc.o
    0x08003c08   0x08003c08   0x0000003e   Code   RO          863    i.HAL_ADC_Stop      stm32h7xx_hal_adc.o
    0x08003c46   0x08003c46   0x00000002   PAD
    0x08003c48   0x08003c48   0x00000360   Code   RO         1935    i.HAL_DMA_Abort     stm32h7xx_hal_dma.o
    0x08003fa8   0x08003fa8   0x00000284   Code   RO         1936    i.HAL_DMA_Abort_IT  stm32h7xx_hal_dma.o
    0x0800422c   0x0800422c   0x00000004   Code   RO         1938    i.HAL_DMA_GetError  stm32h7xx_hal_dma.o
    0x08004230   0x08004230   0x000006e8   Code   RO         1940    i.HAL_DMA_IRQHandler  stm32h7xx_hal_dma.o
    0x08004918   0x08004918   0x000003c4   Code   RO         1941    i.HAL_DMA_Init      stm32h7xx_hal_dma.o
    0x08004cdc   0x08004cdc   0x0000029c   Code   RO         1945    i.HAL_DMA_Start_IT  stm32h7xx_hal_dma.o
    0x08004f78   0x08004f78   0x0000003c   Code   RO         8525    i.HAL_Delay         delay.o
    0x08004fb4   0x08004fb4   0x0000022c   Code   RO         1783    i.HAL_GPIO_Init     stm32h7xx_hal_gpio.o
    0x080051e0   0x080051e0   0x0000000a   Code   RO         1785    i.HAL_GPIO_ReadPin  stm32h7xx_hal_gpio.o
    0x080051ea   0x080051ea   0x00000010   Code   RO         1786    i.HAL_GPIO_TogglePin  stm32h7xx_hal_gpio.o
    0x080051fa   0x080051fa   0x0000000a   Code   RO         1787    i.HAL_GPIO_WritePin  stm32h7xx_hal_gpio.o
    0x08005204   0x08005204   0x0000000c   Code   RO         2808    i.HAL_GetREVID      stm32h7xx_hal.o
    0x08005210   0x08005210   0x0000000c   Code   RO         2809    i.HAL_GetTick       stm32h7xx_hal.o
    0x0800521c   0x0800521c   0x00000058   Code   RO         3574    i.HAL_I2CEx_ConfigAnalogFilter  stm32h7xx_hal_i2c_ex.o
    0x08005274   0x08005274   0x00000054   Code   RO         3575    i.HAL_I2CEx_ConfigDigitalFilter  stm32h7xx_hal_i2c_ex.o
    0x080052c8   0x080052c8   0x000000c0   Code   RO         3113    i.HAL_I2C_Init      stm32h7xx_hal_i2c.o
    0x08005388   0x08005388   0x00000084   Code   RO          698    i.HAL_I2C_MspInit   stm32h7xx_hal_msp.o
    0x0800540c   0x0800540c   0x00000010   Code   RO         2815    i.HAL_IncTick       stm32h7xx_hal.o
    0x0800541c   0x0800541c   0x0000005c   Code   RO         2816    i.HAL_Init          stm32h7xx_hal.o
    0x08005478   0x08005478   0x00000084   Code   RO          798    i.HAL_InitTick      stm32h7xx_hal_timebase_tim.o
    0x080054fc   0x080054fc   0x00000024   Code   RO          699    i.HAL_MspInit       stm32h7xx_hal_msp.o
    0x08005520   0x08005520   0x0000001a   Code   RO         2645    i.HAL_NVIC_EnableIRQ  stm32h7xx_hal_cortex.o
    0x0800553a   0x0800553a   0x00000002   PAD
    0x0800553c   0x0800553c   0x00000040   Code   RO         2651    i.HAL_NVIC_SetPriority  stm32h7xx_hal_cortex.o
    0x0800557c   0x0800557c   0x00000024   Code   RO         2652    i.HAL_NVIC_SetPriorityGrouping  stm32h7xx_hal_cortex.o
    0x080055a0   0x080055a0   0x00000054   Code   RO         2384    i.HAL_PWREx_ConfigSupply  stm32h7xx_hal_pwr_ex.o
    0x080055f4   0x080055f4   0x00000024   Code   RO         1404    i.HAL_RCCEx_GetD3PCLK1Freq  stm32h7xx_hal_rcc_ex.o
    0x08005618   0x08005618   0x00000148   Code   RO         1405    i.HAL_RCCEx_GetPLL1ClockFreq  stm32h7xx_hal_rcc_ex.o
    0x08005760   0x08005760   0x00000144   Code   RO         1406    i.HAL_RCCEx_GetPLL2ClockFreq  stm32h7xx_hal_rcc_ex.o
    0x080058a4   0x080058a4   0x00000144   Code   RO         1407    i.HAL_RCCEx_GetPLL3ClockFreq  stm32h7xx_hal_rcc_ex.o
    0x080059e8   0x080059e8   0x000002c8   Code   RO         1409    i.HAL_RCCEx_GetPeriphCLKFreq  stm32h7xx_hal_rcc_ex.o
    0x08005cb0   0x08005cb0   0x000009ac   Code   RO         1413    i.HAL_RCCEx_PeriphCLKConfig  stm32h7xx_hal_rcc_ex.o
    0x0800665c   0x0800665c   0x0000025c   Code   RO         1289    i.HAL_RCC_ClockConfig  stm32h7xx_hal_rcc.o
    0x080068b8   0x080068b8   0x0000005c   Code   RO         1293    i.HAL_RCC_GetClockConfig  stm32h7xx_hal_rcc.o
    0x08006914   0x08006914   0x00000044   Code   RO         1294    i.HAL_RCC_GetHCLKFreq  stm32h7xx_hal_rcc.o
    0x08006958   0x08006958   0x00000024   Code   RO         1296    i.HAL_RCC_GetPCLK1Freq  stm32h7xx_hal_rcc.o
    0x0800697c   0x0800697c   0x00000024   Code   RO         1297    i.HAL_RCC_GetPCLK2Freq  stm32h7xx_hal_rcc.o
    0x080069a0   0x080069a0   0x00000138   Code   RO         1298    i.HAL_RCC_GetSysClockFreq  stm32h7xx_hal_rcc.o
    0x08006ad8   0x08006ad8   0x00000094   Code   RO         1299    i.HAL_RCC_MCOConfig  stm32h7xx_hal_rcc.o
    0x08006b6c   0x08006b6c   0x00000582   Code   RO         1301    i.HAL_RCC_OscConfig  stm32h7xx_hal_rcc.o
    0x080070ee   0x080070ee   0x00000002   Code   RO         4040    i.HAL_SDEx_Read_DMADoubleBuf0CpltCallback  stm32h7xx_hal_sd.o
    0x080070f0   0x080070f0   0x00000002   Code   RO         4041    i.HAL_SDEx_Read_DMADoubleBuf1CpltCallback  stm32h7xx_hal_sd.o
    0x080070f2   0x080070f2   0x00000002   Code   RO         4042    i.HAL_SDEx_Write_DMADoubleBuf0CpltCallback  stm32h7xx_hal_sd.o
    0x080070f4   0x080070f4   0x00000002   Code   RO         4043    i.HAL_SDEx_Write_DMADoubleBuf1CpltCallback  stm32h7xx_hal_sd.o
    0x080070f6   0x080070f6   0x00000002   PAD
    0x080070f8   0x080070f8   0x00000188   Code   RO         4048    i.HAL_SD_ConfigWideBusOperation  stm32h7xx_hal_sd.o
    0x08007280   0x08007280   0x00000002   Code   RO         4051    i.HAL_SD_ErrorCallback  stm32h7xx_hal_sd.o
    0x08007282   0x08007282   0x00000002   PAD
    0x08007284   0x08007284   0x000001bc   Code   RO         4053    i.HAL_SD_GetCardCSD  stm32h7xx_hal_sd.o
    0x08007440   0x08007440   0x00000024   Code   RO         4054    i.HAL_SD_GetCardInfo  stm32h7xx_hal_sd.o
    0x08007464   0x08007464   0x0000002c   Code   RO         4055    i.HAL_SD_GetCardState  stm32h7xx_hal_sd.o
    0x08007490   0x08007490   0x000000cc   Code   RO         4056    i.HAL_SD_GetCardStatus  stm32h7xx_hal_sd.o
    0x0800755c   0x0800755c   0x00000240   Code   RO         4059    i.HAL_SD_IRQHandler  stm32h7xx_hal_sd.o
    0x0800779c   0x0800779c   0x0000009a   Code   RO         4060    i.HAL_SD_Init       stm32h7xx_hal_sd.o
    0x08007836   0x08007836   0x00000002   PAD
    0x08007838   0x08007838   0x000000ac   Code   RO         4061    i.HAL_SD_InitCard   stm32h7xx_hal_sd.o
    0x080078e4   0x080078e4   0x000000c4   Code   RO          701    i.HAL_SD_MspInit    stm32h7xx_hal_msp.o
    0x080079a8   0x080079a8   0x000000d8   Code   RO         4065    i.HAL_SD_ReadBlocks_DMA  stm32h7xx_hal_sd.o
    0x08007a80   0x08007a80   0x00000008   Code   RO         6242    i.HAL_SD_RxCpltCallback  bsp_driver_sd.o
    0x08007a88   0x08007a88   0x00000008   Code   RO         6243    i.HAL_SD_TxCpltCallback  bsp_driver_sd.o
    0x08007a90   0x08007a90   0x000000d8   Code   RO         4070    i.HAL_SD_WriteBlocks_DMA  stm32h7xx_hal_sd.o
    0x08007b68   0x08007b68   0x0000017c   Code   RO         4328    i.HAL_SPI_Init      stm32h7xx_hal_spi.o
    0x08007ce4   0x08007ce4   0x00000104   Code   RO          703    i.HAL_SPI_MspInit   stm32h7xx_hal_msp.o
    0x08007de8   0x08007de8   0x00000010   Code   RO         2821    i.HAL_SYSCFG_AnalogSwitchConfig  stm32h7xx_hal.o
    0x08007df8   0x08007df8   0x00000002   Code   RO         5362    i.HAL_TIMEx_Break2Callback  stm32h7xx_hal_tim_ex.o
    0x08007dfa   0x08007dfa   0x00000002   Code   RO         5363    i.HAL_TIMEx_BreakCallback  stm32h7xx_hal_tim_ex.o
    0x08007dfc   0x08007dfc   0x00000002   Code   RO         5364    i.HAL_TIMEx_CommutCallback  stm32h7xx_hal_tim_ex.o
    0x08007dfe   0x08007dfe   0x00000002   PAD
    0x08007e00   0x08007e00   0x000000a4   Code   RO         5384    i.HAL_TIMEx_MasterConfigSynchronization  stm32h7xx_hal_tim_ex.o
    0x08007ea4   0x08007ea4   0x00000062   Code   RO         4648    i.HAL_TIM_Base_Init  stm32h7xx_hal_tim.o
    0x08007f06   0x08007f06   0x00000002   PAD
    0x08007f08   0x08007f08   0x000000c8   Code   RO          705    i.HAL_TIM_Base_MspInit  stm32h7xx_hal_msp.o
    0x08007fd0   0x08007fd0   0x00000080   Code   RO         4651    i.HAL_TIM_Base_Start  stm32h7xx_hal_tim.o
    0x08008050   0x08008050   0x0000008c   Code   RO         4653    i.HAL_TIM_Base_Start_IT  stm32h7xx_hal_tim.o
    0x080080dc   0x080080dc   0x00000030   Code   RO         4656    i.HAL_TIM_Base_Stop_IT  stm32h7xx_hal_tim.o
    0x0800810c   0x0800810c   0x000000fc   Code   RO         4657    i.HAL_TIM_ConfigClockSource  stm32h7xx_hal_tim.o
    0x08008208   0x08008208   0x00000002   Code   RO         4682    i.HAL_TIM_IC_CaptureCallback  stm32h7xx_hal_tim.o
    0x0800820a   0x0800820a   0x00000148   Code   RO         4696    i.HAL_TIM_IRQHandler  stm32h7xx_hal_tim.o
    0x08008352   0x08008352   0x00000002   PAD
    0x08008354   0x08008354   0x000000b0   Code   RO          706    i.HAL_TIM_MspPostInit  stm32h7xx_hal_msp.o
    0x08008404   0x08008404   0x00000002   Code   RO         4699    i.HAL_TIM_OC_DelayElapsedCallback  stm32h7xx_hal_tim.o
    0x08008406   0x08008406   0x00000124   Code   RO         4720    i.HAL_TIM_PWM_ConfigChannel  stm32h7xx_hal_tim.o
    0x0800852a   0x0800852a   0x00000062   Code   RO         4723    i.HAL_TIM_PWM_Init  stm32h7xx_hal_tim.o
    0x0800858c   0x0800858c   0x00000002   Code   RO         4725    i.HAL_TIM_PWM_MspInit  stm32h7xx_hal_tim.o
    0x0800858e   0x0800858e   0x00000002   Code   RO         4726    i.HAL_TIM_PWM_PulseFinishedCallback  stm32h7xx_hal_tim.o
    0x08008590   0x08008590   0x00000110   Code   RO         4728    i.HAL_TIM_PWM_Start  stm32h7xx_hal_tim.o
    0x080086a0   0x080086a0   0x00000044   Code   RO           14    i.HAL_TIM_PeriodElapsedCallback  main.o
    0x080086e4   0x080086e4   0x00000002   Code   RO         4739    i.HAL_TIM_TriggerCallback  stm32h7xx_hal_tim.o
    0x080086e6   0x080086e6   0x00000040   Code   RO         6073    i.HAL_UARTEx_DisableFifoMode  stm32h7xx_hal_uart_ex.o
    0x08008726   0x08008726   0x00000002   Code   RO         5662    i.HAL_UARTEx_RxEventCallback  stm32h7xx_hal_uart.o
    0x08008728   0x08008728   0x00000002   Code   RO         6081    i.HAL_UARTEx_RxFifoFullCallback  stm32h7xx_hal_uart_ex.o
    0x0800872a   0x0800872a   0x0000004c   Code   RO         6082    i.HAL_UARTEx_SetRxFifoThreshold  stm32h7xx_hal_uart_ex.o
    0x08008776   0x08008776   0x0000004c   Code   RO         6083    i.HAL_UARTEx_SetTxFifoThreshold  stm32h7xx_hal_uart_ex.o
    0x080087c2   0x080087c2   0x00000002   Code   RO         6085    i.HAL_UARTEx_TxFifoEmptyCallback  stm32h7xx_hal_uart_ex.o
    0x080087c4   0x080087c4   0x00000002   Code   RO         6086    i.HAL_UARTEx_WakeupCallback  stm32h7xx_hal_uart_ex.o
    0x080087c6   0x080087c6   0x00000002   PAD
    0x080087c8   0x080087c8   0x000000ac   Code   RO         5665    i.HAL_UART_AbortReceive  stm32h7xx_hal_uart.o
    0x08008874   0x08008874   0x00000002   Code   RO         5678    i.HAL_UART_ErrorCallback  stm32h7xx_hal_uart.o
    0x08008876   0x08008876   0x00000002   PAD
    0x08008878   0x08008878   0x00000388   Code   RO         5681    i.HAL_UART_IRQHandler  stm32h7xx_hal_uart.o
    0x08008c00   0x08008c00   0x0000006a   Code   RO         5682    i.HAL_UART_Init     stm32h7xx_hal_uart.o
    0x08008c6a   0x08008c6a   0x00000002   PAD
    0x08008c6c   0x08008c6c   0x00000584   Code   RO          708    i.HAL_UART_MspInit  stm32h7xx_hal_msp.o
    0x080091f0   0x080091f0   0x00000048   Code   RO         5686    i.HAL_UART_Receive_DMA  stm32h7xx_hal_uart.o
    0x08009238   0x08009238   0x00000002   Code   RO         5689    i.HAL_UART_RxCpltCallback  stm32h7xx_hal_uart.o
    0x0800923a   0x0800923a   0x00000002   Code   RO         5690    i.HAL_UART_RxHalfCpltCallback  stm32h7xx_hal_uart.o
    0x0800923c   0x0800923c   0x000000b0   Code   RO         5691    i.HAL_UART_Transmit  stm32h7xx_hal_uart.o
    0x080092ec   0x080092ec   0x00000090   Code   RO         5692    i.HAL_UART_Transmit_DMA  stm32h7xx_hal_uart.o
    0x0800937c   0x0800937c   0x00000002   Code   RO         5694    i.HAL_UART_TxCpltCallback  stm32h7xx_hal_uart.o
    0x0800937e   0x0800937e   0x00000002   Code   RO         5695    i.HAL_UART_TxHalfCpltCallback  stm32h7xx_hal_uart.o
    0x08009380   0x08009380   0x00000002   Code   RO          525    i.HardFault_Handler  stm32h7xx_it.o
    0x08009382   0x08009382   0x00000002   PAD
    0x08009384   0x08009384   0x00000248   Code   RO         8711    i.IMUDataConvert    imu.o
    0x080095cc   0x080095cc   0x0000007c   Code   RO         8597    i.IMUReceive        taskinit.o
    0x08009648   0x08009648   0x0000012c   Code   RO         8712    i.IMURotationTransform  imu.o
    0x08009774   0x08009774   0x00000038   Code   RO         8818    i.InfoPrint         teleport.o
    0x080097ac   0x080097ac   0x0000001c   Code   RO         8598    i.LEDTwink          taskinit.o
    0x080097c8   0x080097c8   0x00000008   Code   RO          866    i.LL_ADC_INJ_IsConversionOngoing  stm32h7xx_hal_adc.o
    0x080097d0   0x080097d0   0x00000008   Code   RO          867    i.LL_ADC_REG_IsConversionOngoing  stm32h7xx_hal_adc.o
    0x080097d8   0x080097d8   0x00000010   Code   RO          868    i.LL_ADC_REG_IsTriggerSourceSWStart  stm32h7xx_hal_adc.o
    0x080097e8   0x080097e8   0x0000001e   Code   RO          870    i.LL_ADC_SetChannelSamplingTime  stm32h7xx_hal_adc.o
    0x08009806   0x08009806   0x00000002   PAD
    0x08009808   0x08009808   0x000000a8   Code   RO           15    i.MX_ADC3_Init      main.o
    0x080098b0   0x080098b0   0x000000ac   Code   RO           16    i.MX_DMA_Init       main.o
    0x0800995c   0x0800995c   0x0000001c   Code   RO         6455    i.MX_FATFS_Init     fatfs.o
    0x08009978   0x08009978   0x000001fc   Code   RO           17    i.MX_GPIO_Init      main.o
    0x08009b74   0x08009b74   0x00000054   Code   RO           18    i.MX_I2C1_Init      main.o
    0x08009bc8   0x08009bc8   0x00000054   Code   RO           19    i.MX_SPI1_Init      main.o
    0x08009c1c   0x08009c1c   0x00000058   Code   RO           20    i.MX_SPI2_Init      main.o
    0x08009c74   0x08009c74   0x000000e0   Code   RO           21    i.MX_TIM2_Init      main.o
    0x08009d54   0x08009d54   0x0000009c   Code   RO           22    i.MX_TIM3_Init      main.o
    0x08009df0   0x08009df0   0x000000e0   Code   RO           23    i.MX_TIM4_Init      main.o
    0x08009ed0   0x08009ed0   0x00000064   Code   RO           24    i.MX_TIM5_Init      main.o
    0x08009f34   0x08009f34   0x00000064   Code   RO           25    i.MX_UART4_Init     main.o
    0x08009f98   0x08009f98   0x00000068   Code   RO           26    i.MX_UART5_Init     main.o
    0x0800a000   0x0800a000   0x00000064   Code   RO           27    i.MX_UART7_Init     main.o
    0x0800a064   0x0800a064   0x00000064   Code   RO           28    i.MX_UART8_Init     main.o
    0x0800a0c8   0x0800a0c8   0x00000064   Code   RO           29    i.MX_USART1_UART_Init  main.o
    0x0800a12c   0x0800a12c   0x00000064   Code   RO           30    i.MX_USART2_UART_Init  main.o
    0x0800a190   0x0800a190   0x00000064   Code   RO           31    i.MX_USART3_UART_Init  main.o
    0x0800a1f4   0x0800a1f4   0x00000064   Code   RO           32    i.MX_USART6_UART_Init  main.o
    0x0800a258   0x0800a258   0x00000002   Code   RO          526    i.MemManage_Handler  stm32h7xx_it.o
    0x0800a25a   0x0800a25a   0x0000002a   Code   RO         8864    i.NMEA_Comma_Pos    gnss.o
    0x0800a284   0x0800a284   0x00000068   Code   RO         8865    i.NMEA_GPGGA_Analysis  gnss.o
    0x0800a2ec   0x0800a2ec   0x000002b0   Code   RO         8869    i.NMEA_GPRMC_Analysis  gnss.o
    0x0800a59c   0x0800a59c   0x00000010   Code   RO         8871    i.NMEA_Pow          gnss.o
    0x0800a5ac   0x0800a5ac   0x000000c0   Code   RO         8872    i.NMEA_Str2num      gnss.o
    0x0800a66c   0x0800a66c   0x00000002   Code   RO          527    i.NMI_Handler       stm32h7xx_it.o
    0x0800a66e   0x0800a66e   0x00000002   PAD
    0x0800a670   0x0800a670   0x00000058   Code   RO         9105    i.NevigayionSolutinInit  navigation.o
    0x0800a6c8   0x0800a6c8   0x00000120   Code   RO         1416    i.RCCEx_PLL2_Config  stm32h7xx_hal_rcc_ex.o
    0x0800a7e8   0x0800a7e8   0x00000120   Code   RO         1417    i.RCCEx_PLL3_Config  stm32h7xx_hal_rcc_ex.o
    0x0800a908   0x0800a908   0x00000180   Code   RO         8769    i.ReceiverDataConvert  receiver.o
    0x0800aa88   0x0800aa88   0x0000005c   Code   RO         8599    i.ReceiverReceive   taskinit.o
    0x0800aae4   0x0800aae4   0x000001b0   Code   RO         8770    i.ReceiverSolution  receiver.o
    0x0800ac94   0x0800ac94   0x0000000c   Code   RO          528    i.SDMMC1_IRQHandler  stm32h7xx_it.o
    0x0800aca0   0x0800aca0   0x00000034   Code   RO         3700    i.SDMMC_CmdAppCommand  stm32h7xx_ll_sdmmc.o
    0x0800acd4   0x0800acd4   0x0000002e   Code   RO         3701    i.SDMMC_CmdAppOperCommand  stm32h7xx_ll_sdmmc.o
    0x0800ad02   0x0800ad02   0x00000032   Code   RO         3702    i.SDMMC_CmdBlockLength  stm32h7xx_ll_sdmmc.o
    0x0800ad34   0x0800ad34   0x00000034   Code   RO         3703    i.SDMMC_CmdBusWidth  stm32h7xx_ll_sdmmc.o
    0x0800ad68   0x0800ad68   0x00000054   Code   RO         3707    i.SDMMC_CmdGoIdleState  stm32h7xx_ll_sdmmc.o
    0x0800adbc   0x0800adbc   0x00000028   Code   RO         3709    i.SDMMC_CmdOperCond  stm32h7xx_ll_sdmmc.o
    0x0800ade4   0x0800ade4   0x00000034   Code   RO         3710    i.SDMMC_CmdReadMultiBlock  stm32h7xx_ll_sdmmc.o
    0x0800ae18   0x0800ae18   0x00000034   Code   RO         3711    i.SDMMC_CmdReadSingleBlock  stm32h7xx_ll_sdmmc.o
    0x0800ae4c   0x0800ae4c   0x00000034   Code   RO         3714    i.SDMMC_CmdSelDesel  stm32h7xx_ll_sdmmc.o
    0x0800ae80   0x0800ae80   0x0000002c   Code   RO         3715    i.SDMMC_CmdSendCID  stm32h7xx_ll_sdmmc.o
    0x0800aeac   0x0800aeac   0x00000030   Code   RO         3716    i.SDMMC_CmdSendCSD  stm32h7xx_ll_sdmmc.o
    0x0800aedc   0x0800aedc   0x00000032   Code   RO         3718    i.SDMMC_CmdSendSCR  stm32h7xx_ll_sdmmc.o
    0x0800af0e   0x0800af0e   0x00000034   Code   RO         3719    i.SDMMC_CmdSendStatus  stm32h7xx_ll_sdmmc.o
    0x0800af42   0x0800af42   0x00000032   Code   RO         3720    i.SDMMC_CmdSetRelAdd  stm32h7xx_ll_sdmmc.o
    0x0800af74   0x0800af74   0x00000032   Code   RO         3723    i.SDMMC_CmdStatusRegister  stm32h7xx_ll_sdmmc.o
    0x0800afa6   0x0800afa6   0x00000002   PAD
    0x0800afa8   0x0800afa8   0x00000054   Code   RO         3724    i.SDMMC_CmdStopTransfer  stm32h7xx_ll_sdmmc.o
    0x0800affc   0x0800affc   0x00000034   Code   RO         3727    i.SDMMC_CmdWriteMultiBlock  stm32h7xx_ll_sdmmc.o
    0x0800b030   0x0800b030   0x00000034   Code   RO         3728    i.SDMMC_CmdWriteSingleBlock  stm32h7xx_ll_sdmmc.o
    0x0800b064   0x0800b064   0x00000026   Code   RO         3729    i.SDMMC_ConfigData  stm32h7xx_ll_sdmmc.o
    0x0800b08a   0x0800b08a   0x00000002   PAD
    0x0800b08c   0x0800b08c   0x00000124   Code   RO         3730    i.SDMMC_GetCmdResp1  stm32h7xx_ll_sdmmc.o
    0x0800b1b0   0x0800b1b0   0x00000054   Code   RO         3731    i.SDMMC_GetCmdResp2  stm32h7xx_ll_sdmmc.o
    0x0800b204   0x0800b204   0x00000048   Code   RO         3732    i.SDMMC_GetCmdResp3  stm32h7xx_ll_sdmmc.o
    0x0800b24c   0x0800b24c   0x0000008c   Code   RO         3733    i.SDMMC_GetCmdResp6  stm32h7xx_ll_sdmmc.o
    0x0800b2d8   0x0800b2d8   0x00000058   Code   RO         3734    i.SDMMC_GetCmdResp7  stm32h7xx_ll_sdmmc.o
    0x0800b330   0x0800b330   0x00000008   Code   RO         3738    i.SDMMC_GetPowerState  stm32h7xx_ll_sdmmc.o
    0x0800b338   0x0800b338   0x00000006   Code   RO         3739    i.SDMMC_GetResponse  stm32h7xx_ll_sdmmc.o
    0x0800b33e   0x0800b33e   0x00000002   PAD
    0x0800b340   0x0800b340   0x00000020   Code   RO         3740    i.SDMMC_Init        stm32h7xx_ll_sdmmc.o
    0x0800b360   0x0800b360   0x0000000c   Code   RO         3743    i.SDMMC_PowerState_ON  stm32h7xx_ll_sdmmc.o
    0x0800b36c   0x0800b36c   0x00000006   Code   RO         3744    i.SDMMC_ReadFIFO    stm32h7xx_ll_sdmmc.o
    0x0800b372   0x0800b372   0x00000002   PAD
    0x0800b374   0x0800b374   0x00000028   Code   RO         3745    i.SDMMC_SendCommand  stm32h7xx_ll_sdmmc.o
    0x0800b39c   0x0800b39c   0x0000000a   Code   RO         3747    i.SDMMC_WriteFIFO   stm32h7xx_ll_sdmmc.o
    0x0800b3a6   0x0800b3a6   0x00000002   PAD
    0x0800b3a8   0x0800b3a8   0x000000b4   Code   RO         8600    i.SDWrite           taskinit.o
    0x0800b45c   0x0800b45c   0x00000020   Code   RO         6345    i.SD_CheckStatus    sd_diskio.o
    0x0800b47c   0x0800b47c   0x0000002e   Code   RO         6346    i.SD_CheckStatusWithTimeout  sd_diskio.o
    0x0800b4aa   0x0800b4aa   0x00000002   PAD
    0x0800b4ac   0x0800b4ac   0x000000e4   Code   RO         4072    i.SD_FindSCR        stm32h7xx_hal_sd.o
    0x0800b590   0x0800b590   0x000000f6   Code   RO         4073    i.SD_InitCard       stm32h7xx_hal_sd.o
    0x0800b686   0x0800b686   0x00000002   PAD
    0x0800b688   0x0800b688   0x000000b4   Code   RO         4074    i.SD_PowerON        stm32h7xx_hal_sd.o
    0x0800b73c   0x0800b73c   0x000000e4   Code   RO         4075    i.SD_SendSDStatus   stm32h7xx_hal_sd.o
    0x0800b820   0x0800b820   0x00000060   Code   RO         6347    i.SD_initialize     sd_diskio.o
    0x0800b880   0x0800b880   0x00000068   Code   RO         6348    i.SD_ioctl          sd_diskio.o
    0x0800b8e8   0x0800b8e8   0x00000084   Code   RO         6349    i.SD_read           sd_diskio.o
    0x0800b96c   0x0800b96c   0x00000004   Code   RO         6350    i.SD_status         sd_diskio.o
    0x0800b970   0x0800b970   0x00000084   Code   RO         6351    i.SD_write          sd_diskio.o
    0x0800b9f4   0x0800b9f4   0x000001ac   Code   RO         8980    i.ServoSet          control.o
    0x0800bba0   0x0800bba0   0x00000008   Code   RO           33    i.StartDefaultTask  main.o
    0x0800bba8   0x0800bba8   0x0000002c   Code   RO         8446    i.SysTick_Handler   port.o
    0x0800bbd4   0x0800bbd4   0x000000c0   Code   RO           34    i.SystemClock_Config  main.o
    0x0800bc94   0x0800bc94   0x000000dc   Code   RO         6192    i.SystemInit        system_stm32h7xx.o
    0x0800bd70   0x0800bd70   0x0000000c   Code   RO          529    i.TIM17_IRQHandler  stm32h7xx_it.o
    0x0800bd7c   0x0800bd7c   0x00000020   Code   RO          530    i.TIM6_DAC_IRQHandler  stm32h7xx_it.o
    0x0800bd9c   0x0800bd9c   0x0000000c   Code   RO          531    i.TIM7_IRQHandler   stm32h7xx_it.o
    0x0800bda8   0x0800bda8   0x000000d0   Code   RO         4741    i.TIM_Base_SetConfig  stm32h7xx_hal_tim.o
    0x0800be78   0x0800be78   0x0000001a   Code   RO         4742    i.TIM_CCxChannelCmd  stm32h7xx_hal_tim.o
    0x0800be92   0x0800be92   0x00000012   Code   RO         4752    i.TIM_ETR_SetConfig  stm32h7xx_hal_tim.o
    0x0800bea4   0x0800bea4   0x00000014   Code   RO         4753    i.TIM_ITRx_SetConfig  stm32h7xx_hal_tim.o
    0x0800beb8   0x0800beb8   0x000000a4   Code   RO         4754    i.TIM_OC1_SetConfig  stm32h7xx_hal_tim.o
    0x0800bf5c   0x0800bf5c   0x00000098   Code   RO         4755    i.TIM_OC2_SetConfig  stm32h7xx_hal_tim.o
    0x0800bff4   0x0800bff4   0x00000098   Code   RO         4756    i.TIM_OC3_SetConfig  stm32h7xx_hal_tim.o
    0x0800c08c   0x0800c08c   0x00000078   Code   RO         4757    i.TIM_OC4_SetConfig  stm32h7xx_hal_tim.o
    0x0800c104   0x0800c104   0x00000074   Code   RO         4758    i.TIM_OC5_SetConfig  stm32h7xx_hal_tim.o
    0x0800c178   0x0800c178   0x00000074   Code   RO         4759    i.TIM_OC6_SetConfig  stm32h7xx_hal_tim.o
    0x0800c1ec   0x0800c1ec   0x00000022   Code   RO         4761    i.TIM_TI1_ConfigInputStage  stm32h7xx_hal_tim.o
    0x0800c20e   0x0800c20e   0x00000024   Code   RO         4763    i.TIM_TI2_ConfigInputStage  stm32h7xx_hal_tim.o
    0x0800c232   0x0800c232   0x00000002   PAD
    0x0800c234   0x0800c234   0x00000468   Code   RO         8601    i.TaskCreate        taskinit.o
    0x0800c69c   0x0800c69c   0x00000178   Code   RO         8604    i.TeleportTransmit  taskinit.o
    0x0800c814   0x0800c814   0x00000078   Code   RO          532    i.UART5_IRQHandler  stm32h7xx_it.o
    0x0800c88c   0x0800c88c   0x000000fc   Code   RO          533    i.UART8_IRQHandler  stm32h7xx_it.o
    0x0800c988   0x0800c988   0x00000044   Code   RO         6087    i.UARTEx_SetNbDataToProcess  stm32h7xx_hal_uart_ex.o
    0x0800c9cc   0x0800c9cc   0x000000c8   Code   RO         5696    i.UART_AdvFeatureConfig  stm32h7xx_hal_uart.o
    0x0800ca94   0x0800ca94   0x000000aa   Code   RO         5697    i.UART_CheckIdleState  stm32h7xx_hal_uart.o
    0x0800cb3e   0x0800cb3e   0x00000014   Code   RO         5698    i.UART_DMAAbortOnError  stm32h7xx_hal_uart.o
    0x0800cb52   0x0800cb52   0x0000004e   Code   RO         5699    i.UART_DMAError     stm32h7xx_hal_uart.o
    0x0800cba0   0x0800cba0   0x00000082   Code   RO         5700    i.UART_DMAReceiveCplt  stm32h7xx_hal_uart.o
    0x0800cc22   0x0800cc22   0x00000020   Code   RO         5702    i.UART_DMARxHalfCplt  stm32h7xx_hal_uart.o
    0x0800cc42   0x0800cc42   0x00000040   Code   RO         5704    i.UART_DMATransmitCplt  stm32h7xx_hal_uart.o
    0x0800cc82   0x0800cc82   0x0000000a   Code   RO         5706    i.UART_DMATxHalfCplt  stm32h7xx_hal_uart.o
    0x0800cc8c   0x0800cc8c   0x00000054   Code   RO         5708    i.UART_EndRxTransfer  stm32h7xx_hal_uart.o
    0x0800cce0   0x0800cce0   0x0000002e   Code   RO         5709    i.UART_EndTxTransfer  stm32h7xx_hal_uart.o
    0x0800cd0e   0x0800cd0e   0x00000002   PAD
    0x0800cd10   0x0800cd10   0x000003ac   Code   RO         5714    i.UART_SetConfig    stm32h7xx_hal_uart.o
    0x0800d0bc   0x0800d0bc   0x000000a8   Code   RO         5715    i.UART_Start_Receive_DMA  stm32h7xx_hal_uart.o
    0x0800d164   0x0800d164   0x00000094   Code   RO         5721    i.UART_WaitOnFlagUntilTimeout  stm32h7xx_hal_uart.o
    0x0800d1f8   0x0800d1f8   0x0000000c   Code   RO          534    i.USART1_IRQHandler  stm32h7xx_it.o
    0x0800d204   0x0800d204   0x00000070   Code   RO          535    i.USART2_IRQHandler  stm32h7xx_it.o
    0x0800d274   0x0800d274   0x0000010c   Code   RO          536    i.USART3_IRQHandler  stm32h7xx_it.o
    0x0800d380   0x0800d380   0x00000108   Code   RO          537    i.USART6_IRQHandler  stm32h7xx_it.o
    0x0800d488   0x0800d488   0x00000002   Code   RO          538    i.UsageFault_Handler  stm32h7xx_it.o
    0x0800d48a   0x0800d48a   0x00000030   Code   RO         9834    i.__ARM_fpclassify  m_wv.l(fpclassify.o)
    0x0800d4ba   0x0800d4ba   0x00000022   Code   RO         2658    i.__NVIC_SetPriority  stm32h7xx_hal_cortex.o
    0x0800d4dc   0x0800d4dc   0x00000004   PAD
    0x0800d4e0   0x0800d4e0   0x00000208   Code   RO         9666    i.__hardfp_asin     m_wv.l(asin.o)
    0x0800d6e8   0x0800d6e8   0x00000200   Code   RO         9680    i.__hardfp_atan     m_wv.l(atan.o)
    0x0800d8e8   0x0800d8e8   0x000001c0   Code   RO         9694    i.__hardfp_atan2    m_wv.l(atan2.o)
    0x0800daa8   0x0800daa8   0x000000b0   Code   RO         9706    i.__hardfp_cos      m_wv.l(cos.o)
    0x0800db58   0x0800db58   0x000008f8   Code   RO         9718    i.__hardfp_pow      m_wv.l(pow.o)
    0x0800e450   0x0800e450   0x000000b0   Code   RO         9736    i.__hardfp_sin      m_wv.l(sin.o)
    0x0800e500   0x0800e500   0x00000066   Code   RO         9748    i.__hardfp_sqrt     m_wv.l(sqrt.o)
    0x0800e566   0x0800e566   0x00000002   PAD
    0x0800e568   0x0800e568   0x00000080   Code   RO         9772    i.__hardfp_tan      m_wv.l(tan.o)
    0x0800e5e8   0x0800e5e8   0x00000310   Code   RO         9839    i.__ieee754_rem_pio2  m_wv.l(rred.o)
    0x0800e8f8   0x0800e8f8   0x000000e0   Code   RO         9811    i.__kernel_cos      m_wv.l(cos_i.o)
    0x0800e9d8   0x0800e9d8   0x00000070   Code   RO         9836    i.__kernel_poly     m_wv.l(poly.o)
    0x0800ea48   0x0800ea48   0x000000a8   Code   RO         9844    i.__kernel_sin      m_wv.l(sin_i.o)
    0x0800eaf0   0x0800eaf0   0x00000208   Code   RO         9850    i.__kernel_tan      m_wv.l(tan_i.o)
    0x0800ecf8   0x0800ecf8   0x00000020   Code   RO         9814    i.__mathlib_dbl_divzero  m_wv.l(dunder.o)
    0x0800ed18   0x0800ed18   0x00000006   Code   RO         9815    i.__mathlib_dbl_infnan  m_wv.l(dunder.o)
    0x0800ed1e   0x0800ed1e   0x00000006   Code   RO         9816    i.__mathlib_dbl_infnan2  m_wv.l(dunder.o)
    0x0800ed24   0x0800ed24   0x00000004   PAD
    0x0800ed28   0x0800ed28   0x00000018   Code   RO         9817    i.__mathlib_dbl_invalid  m_wv.l(dunder.o)
    0x0800ed40   0x0800ed40   0x00000018   Code   RO         9818    i.__mathlib_dbl_overflow  m_wv.l(dunder.o)
    0x0800ed58   0x0800ed58   0x00000018   Code   RO         9820    i.__mathlib_dbl_underflow  m_wv.l(dunder.o)
    0x0800ed70   0x0800ed70   0x0000000e   Code   RO         9622    i._is_digit         c_w.l(__printf_wp.o)
    0x0800ed7e   0x0800ed7e   0x00000002   Code   RO         8549    i._sys_exit         printf.o
    0x0800ed80   0x0800ed80   0x00000010   Code   RO         9682    i.atan              m_wv.l(atan.o)
    0x0800ed90   0x0800ed90   0x000000b4   Code   RO         9434    i.b_norm            norm.o
    0x0800ee44   0x0800ee44   0x000000b0   Code   RO         9452    i.b_path_follow     path_follow.o
    0x0800eef4   0x0800eef4   0x00000084   Code   RO         9435    i.c_norm            norm.o
    0x0800ef78   0x0800ef78   0x00000074   Code   RO         6548    i.check_fs          ff.o
    0x0800efec   0x0800efec   0x00000010   Code   RO         6549    i.chk_chr           ff.o
    0x0800effc   0x0800effc   0x00000070   Code   RO         6550    i.chk_lock          ff.o
    0x0800f06c   0x0800f06c   0x00000028   Code   RO         6551    i.clear_lock        ff.o
    0x0800f094   0x0800f094   0x00000028   Code   RO         6552    i.clmt_clust        ff.o
    0x0800f0bc   0x0800f0bc   0x00000018   Code   RO         6553    i.clust2sect        ff.o
    0x0800f0d4   0x0800f0d4   0x00000098   Code   RO         6554    i.cmp_lfn           ff.o
    0x0800f16c   0x0800f16c   0x00000014   Code   RO          465    i.configureTimerForRunTimeStats  freertos.o
    0x0800f180   0x0800f180   0x00000058   Code   RO         9302    i.control_roll      control_roll.o
    0x0800f1d8   0x0800f1d8   0x000000ba   Code   RO         6555    i.create_chain      ff.o
    0x0800f292   0x0800f292   0x00000002   PAD
    0x0800f294   0x0800f294   0x00000258   Code   RO         6556    i.create_name       ff.o
    0x0800f4ec   0x0800f4ec   0x00000030   Code   RO         6557    i.dec_lock          ff.o
    0x0800f51c   0x0800f51c   0x0000004a   Code   RO         6558    i.dir_alloc         ff.o
    0x0800f566   0x0800f566   0x000000de   Code   RO         6559    i.dir_find          ff.o
    0x0800f644   0x0800f644   0x00000126   Code   RO         6560    i.dir_next          ff.o
    0x0800f76a   0x0800f76a   0x00000002   PAD
    0x0800f76c   0x0800f76c   0x0000013c   Code   RO         6562    i.dir_register      ff.o
    0x0800f8a8   0x0800f8a8   0x000000a4   Code   RO         6564    i.dir_sdi           ff.o
    0x0800f94c   0x0800f94c   0x0000002c   Code   RO         6493    i.disk_initialize   diskio.o
    0x0800f978   0x0800f978   0x0000001c   Code   RO         6494    i.disk_ioctl        diskio.o
    0x0800f994   0x0800f994   0x00000020   Code   RO         6495    i.disk_read         diskio.o
    0x0800f9b4   0x0800f9b4   0x00000018   Code   RO         6496    i.disk_status       diskio.o
    0x0800f9cc   0x0800f9cc   0x00000020   Code   RO         6497    i.disk_write        diskio.o
    0x0800f9ec   0x0800f9ec   0x00000028   Code   RO         6565    i.enq_lock          ff.o
    0x0800fa14   0x0800fa14   0x00000034   Code   RO         6566    i.f_close           ff.o
    0x0800fa48   0x0800fa48   0x00000624   Code   RO         6572    i.f_mkfs            ff.o
    0x0801006c   0x0801006c   0x00000098   Code   RO         6573    i.f_mount           ff.o
    0x08010104   0x08010104   0x00000246   Code   RO         6574    i.f_open            ff.o
    0x0801034a   0x0801034a   0x00000242   Code   RO         6576    i.f_printf          ff.o
    0x0801058c   0x0801058c   0x000000aa   Code   RO         6583    i.f_sync            ff.o
    0x08010636   0x08010636   0x00000218   Code   RO         6586    i.f_write           ff.o
    0x0801084e   0x0801084e   0x00000018   Code   RO         9830    i.fabs              m_wv.l(fabs.o)
    0x08010866   0x08010866   0x00000002   PAD
    0x08010868   0x08010868   0x00000060   Code   RO         7054    i.ff_convert        cc936.o
    0x080108c8   0x080108c8   0x00000020   Code   RO         6990    i.ff_cre_syncobj    syscall.o
    0x080108e8   0x080108e8   0x0000000a   Code   RO         6991    i.ff_del_syncobj    syscall.o
    0x080108f2   0x080108f2   0x00000004   Code   RO         6992    i.ff_memalloc       syscall.o
    0x080108f6   0x080108f6   0x00000004   Code   RO         6993    i.ff_memfree        syscall.o
    0x080108fa   0x080108fa   0x00000004   Code   RO         6994    i.ff_rel_grant      syscall.o
    0x080108fe   0x080108fe   0x00000014   Code   RO         6995    i.ff_req_grant      syscall.o
    0x08010912   0x08010912   0x00000002   PAD
    0x08010914   0x08010914   0x000000b8   Code   RO         7055    i.ff_wtoupper       cc936.o
    0x080109cc   0x080109cc   0x000002ec   Code   RO         6587    i.find_volume       ff.o
    0x08010cb8   0x08010cb8   0x00000086   Code   RO         6588    i.follow_path       ff.o
    0x08010d3e   0x08010d3e   0x00000002   PAD
    0x08010d40   0x08010d40   0x0000001c   Code   RO         8550    i.fputc             printf.o
    0x08010d5c   0x08010d5c   0x000000a6   Code   RO         6589    i.gen_numname       ff.o
    0x08010e02   0x08010e02   0x00000002   PAD
    0x08010e04   0x08010e04   0x0000000c   Code   RO          466    i.getRunTimeCounterValue  freertos.o
    0x08010e10   0x08010e10   0x000000c4   Code   RO         6590    i.get_fat           ff.o
    0x08010ed4   0x08010ed4   0x00000004   Code   RO         6456    i.get_fattime       fatfs.o
    0x08010ed8   0x08010ed8   0x00000054   Code   RO         6592    i.get_ldnumber      ff.o
    0x08010f2c   0x08010f2c   0x000007d4   Code   RO         9370    i.guidence_plane    guidence_plane.o
    0x08011700   0x08011700   0x00000010   Code   RO         8009    i.inHandlerMode     cmsis_os.o
    0x08011710   0x08011710   0x00000094   Code   RO         6593    i.inc_lock          ff.o
    0x080117a4   0x080117a4   0x000000e0   Code   RO         9410    i.judge_curve_change  judge_curve_change.o
    0x08011884   0x08011884   0x00000034   Code   RO         9422    i.latlon_to_meter   latlon_to_meter.o
    0x080118b8   0x080118b8   0x00000026   Code   RO         6594    i.ld_clust          ff.o
    0x080118de   0x080118de   0x00000016   Code   RO         6595    i.ld_dword          ff.o
    0x080118f4   0x080118f4   0x0000000a   Code   RO         6596    i.ld_word           ff.o
    0x080118fe   0x080118fe   0x00000016   Code   RO         6597    i.lock_fs           ff.o
    0x08011914   0x08011914   0x0000023c   Code   RO           35    i.main              main.o
    0x08011b50   0x08011b50   0x0000000c   Code   RO         8011    i.makeFreeRtosPriority  cmsis_os.o
    0x08011b5c   0x08011b5c   0x00000018   Code   RO         6598    i.mem_cmp           ff.o
    0x08011b74   0x08011b74   0x00000012   Code   RO         6599    i.mem_cpy           ff.o
    0x08011b86   0x08011b86   0x0000000c   Code   RO         6600    i.mem_set           ff.o
    0x08011b92   0x08011b92   0x00000034   Code   RO         6601    i.move_window       ff.o
    0x08011bc6   0x08011bc6   0x00000010   Code   RO         8013    i.osDelay           cmsis_os.o
    0x08011bd6   0x08011bd6   0x00000012   Code   RO         8015    i.osKernelRunning   cmsis_os.o
    0x08011be8   0x08011be8   0x00000018   Code   RO         8017    i.osKernelSysTick   cmsis_os.o
    0x08011c00   0x08011c00   0x0000002a   Code   RO         8025    i.osMessageCreate   cmsis_os.o
    0x08011c2a   0x08011c2a   0x00000002   PAD
    0x08011c2c   0x08011c2c   0x000000ac   Code   RO         8027    i.osMessageGet      cmsis_os.o
    0x08011cd8   0x08011cd8   0x00000064   Code   RO         8029    i.osMessagePut      cmsis_os.o
    0x08011d3c   0x08011d3c   0x00000058   Code   RO         8042    i.osSemaphoreCreate  cmsis_os.o
    0x08011d94   0x08011d94   0x00000018   Code   RO         8043    i.osSemaphoreDelete  cmsis_os.o
    0x08011dac   0x08011dac   0x00000050   Code   RO         8045    i.osSemaphoreRelease  cmsis_os.o
    0x08011dfc   0x08011dfc   0x00000068   Code   RO         8046    i.osSemaphoreWait   cmsis_os.o
    0x08011e64   0x08011e64   0x0000005c   Code   RO         8050    i.osThreadCreate    cmsis_os.o
    0x08011ec0   0x08011ec0   0x000000f0   Code   RO         9470    i.point_curve_gap   point_curve_gap.o
    0x08011fb0   0x08011fb0   0x0000012c   Code   RO         9482    i.point_line_gap    point_line_gap.o
    0x080120dc   0x080120dc   0x00000078   Code   RO         7622    i.prvAddCurrentTaskToDelayedList  tasks.o
    0x08012154   0x08012154   0x0000008c   Code   RO         7623    i.prvAddNewTaskToReadyList  tasks.o
    0x080121e0   0x080121e0   0x00000040   Code   RO         7624    i.prvCheckTasksWaitingTermination  tasks.o
    0x08012220   0x08012220   0x00000024   Code   RO         7239    i.prvCopyDataFromQueue  queue.o
    0x08012244   0x08012244   0x0000006e   Code   RO         7240    i.prvCopyDataToQueue  queue.o
    0x080122b2   0x080122b2   0x00000040   Code   RO         7625    i.prvDeleteTCB      tasks.o
    0x080122f2   0x080122f2   0x00000014   Code   RO         7241    i.prvGetDisinheritPriorityAfterTimeout  queue.o
    0x08012306   0x08012306   0x00000002   PAD
    0x08012308   0x08012308   0x00000050   Code   RO         8378    i.prvHeapInit       heap_4.o
    0x08012358   0x08012358   0x00000028   Code   RO         7626    i.prvIdleTask       tasks.o
    0x08012380   0x08012380   0x00000022   Code   RO         7243    i.prvInitialiseNewQueue  queue.o
    0x080123a2   0x080123a2   0x00000098   Code   RO         7627    i.prvInitialiseNewTask  tasks.o
    0x0801243a   0x0801243a   0x00000002   PAD
    0x0801243c   0x0801243c   0x00000060   Code   RO         7628    i.prvInitialiseTaskLists  tasks.o
    0x0801249c   0x0801249c   0x00000060   Code   RO         8379    i.prvInsertBlockIntoFreeList  heap_4.o
    0x080124fc   0x080124fc   0x0000001a   Code   RO         7244    i.prvIsQueueEmpty   queue.o
    0x08012516   0x08012516   0x0000001e   Code   RO         7245    i.prvIsQueueFull    queue.o
    0x08012534   0x08012534   0x00000024   Code   RO         7630    i.prvResetNextTaskUnblockTime  tasks.o
    0x08012558   0x08012558   0x00000030   Code   RO         8447    i.prvTaskExitError  port.o
    0x08012588   0x08012588   0x00000018   Code   RO         7092    i.prvTestWaitCondition  event_groups.o
    0x080125a0   0x080125a0   0x00000068   Code   RO         7246    i.prvUnlockQueue    queue.o
    0x08012608   0x08012608   0x00000102   Code   RO         6603    i.put_fat           ff.o
    0x0801270a   0x0801270a   0x00000002   PAD
    0x0801270c   0x0801270c   0x00000074   Code   RO         6604    i.put_lfn           ff.o
    0x08012780   0x08012780   0x00000048   Code   RO         6605    i.putc_bfd          ff.o
    0x080127c8   0x080127c8   0x0000002a   Code   RO         6606    i.putc_flush        ff.o
    0x080127f2   0x080127f2   0x0000000a   Code   RO         6607    i.putc_init         ff.o
    0x080127fc   0x080127fc   0x000000e8   Code   RO         8380    i.pvPortMalloc      heap_4.o
    0x080128e4   0x080128e4   0x00000018   Code   RO         7634    i.pvTaskIncrementMutexHeldCount  tasks.o
    0x080128fc   0x080128fc   0x0000002c   Code   RO         8448    i.pxPortInitialiseStack  port.o
    0x08012928   0x08012928   0x0000007e   Code   RO         6608    i.remove_chain      ff.o
    0x080129a6   0x080129a6   0x00000002   PAD
    0x080129a8   0x080129a8   0x0000002c   Code   RO         9494    i.rtIsInf           rt_nonfinite.o
    0x080129d4   0x080129d4   0x00000012   Code   RO         9496    i.rtIsNaN           rt_nonfinite.o
    0x080129e6   0x080129e6   0x00000002   PAD
    0x080129e8   0x080129e8   0x000000d0   Code   RO         9388    i.rt_atan2d_snf     guidence_plane_rtwutil.o
    0x08012ab8   0x08012ab8   0x0000006a   Code   RO         9750    i.sqrt              m_wv.l(sqrt.o)
    0x08012b22   0x08012b22   0x00000028   Code   RO         6609    i.st_clust          ff.o
    0x08012b4a   0x08012b4a   0x00000014   Code   RO         6610    i.st_dword          ff.o
    0x08012b5e   0x08012b5e   0x0000000a   Code   RO         6611    i.st_word           ff.o
    0x08012b68   0x08012b68   0x0000001a   Code   RO         6612    i.sum_sfn           ff.o
    0x08012b82   0x08012b82   0x00000002   PAD
    0x08012b84   0x08012b84   0x0000008c   Code   RO         6613    i.sync_fs           ff.o
    0x08012c10   0x08012c10   0x00000056   Code   RO         6614    i.sync_window       ff.o
    0x08012c66   0x08012c66   0x00000018   Code   RO         6615    i.unlock_fs         ff.o
    0x08012c7e   0x08012c7e   0x00000026   Code   RO         7199    i.uxListRemove      list.o
    0x08012ca4   0x08012ca4   0x00000018   Code   RO         7642    i.uxTaskResetEventItemValue  tasks.o
    0x08012cbc   0x08012cbc   0x00000018   Code   RO          467    i.vApplicationGetIdleTaskMemory  freertos.o
    0x08012cd4   0x08012cd4   0x00000016   Code   RO         7200    i.vListInitialise   list.o
    0x08012cea   0x08012cea   0x00000006   Code   RO         7201    i.vListInitialiseItem  list.o
    0x08012cf0   0x08012cf0   0x0000003a   Code   RO         7202    i.vListInsert       list.o
    0x08012d2a   0x08012d2a   0x00000018   Code   RO         7203    i.vListInsertEnd    list.o
    0x08012d42   0x08012d42   0x00000002   PAD
    0x08012d44   0x08012d44   0x00000040   Code   RO         8450    i.vPortEnterCritical  port.o
    0x08012d84   0x08012d84   0x0000002c   Code   RO         8451    i.vPortExitCritical  port.o
    0x08012db0   0x08012db0   0x00000064   Code   RO         8381    i.vPortFree         heap_4.o
    0x08012e14   0x08012e14   0x00000024   Code   RO         8452    i.vPortSetupTimerInterrupt  port.o
    0x08012e38   0x08012e38   0x00000054   Code   RO         8453    i.vPortValidateInterruptPriority  port.o
    0x08012e8c   0x08012e8c   0x00000032   Code   RO         7253    i.vQueueDelete      queue.o
    0x08012ebe   0x08012ebe   0x00000002   PAD
    0x08012ec0   0x08012ec0   0x00000028   Code   RO         7255    i.vQueueUnregisterQueue  queue.o
    0x08012ee8   0x08012ee8   0x00000050   Code   RO         7643    i.vTaskDelay        tasks.o
    0x08012f38   0x08012f38   0x00000010   Code   RO         7648    i.vTaskInternalSetTimeOutState  tasks.o
    0x08012f48   0x08012f48   0x0000000c   Code   RO         7650    i.vTaskMissedYield  tasks.o
    0x08012f54   0x08012f54   0x00000034   Code   RO         7652    i.vTaskPlaceOnEventList  tasks.o
    0x08012f88   0x08012f88   0x0000005c   Code   RO         7653    i.vTaskPlaceOnUnorderedEventList  tasks.o
    0x08012fe4   0x08012fe4   0x000000a8   Code   RO         7654    i.vTaskPriorityDisinheritAfterTimeout  tasks.o
    0x0801308c   0x0801308c   0x00000074   Code   RO         7656    i.vTaskRemoveFromUnorderedEventList  tasks.o
    0x08013100   0x08013100   0x0000008c   Code   RO         7660    i.vTaskStartScheduler  tasks.o
    0x0801318c   0x0801318c   0x000000c0   Code   RO         7661    i.vTaskSuspend      tasks.o
    0x0801324c   0x0801324c   0x00000010   Code   RO         7662    i.vTaskSuspendAll   tasks.o
    0x0801325c   0x0801325c   0x00000078   Code   RO         7663    i.vTaskSwitchContext  tasks.o
    0x080132d4   0x080132d4   0x0000004e   Code   RO         6616    i.validate          ff.o
    0x08013322   0x08013322   0x00000044   Code   RO         7098    i.xEventGroupClearBits  event_groups.o
    0x08013366   0x08013366   0x0000001c   Code   RO         7099    i.xEventGroupCreate  event_groups.o
    0x08013382   0x08013382   0x000000a6   Code   RO         7102    i.xEventGroupSetBits  event_groups.o
    0x08013428   0x08013428   0x0000010c   Code   RO         7104    i.xEventGroupWaitBits  event_groups.o
    0x08013534   0x08013534   0x00000104   Code   RO         8454    i.xPortStartScheduler  port.o
    0x08013638   0x08013638   0x0000003c   Code   RO         7256    i.xQueueCreateCountingSemaphore  queue.o
    0x08013674   0x08013674   0x00000042   Code   RO         7257    i.xQueueCreateCountingSemaphoreStatic  queue.o
    0x080136b6   0x080136b6   0x00000044   Code   RO         7260    i.xQueueGenericCreate  queue.o
    0x080136fa   0x080136fa   0x00000070   Code   RO         7261    i.xQueueGenericCreateStatic  queue.o
    0x0801376a   0x0801376a   0x00000002   PAD
    0x0801376c   0x0801376c   0x00000090   Code   RO         7262    i.xQueueGenericReset  queue.o
    0x080137fc   0x080137fc   0x00000170   Code   RO         7263    i.xQueueGenericSend  queue.o
    0x0801396c   0x0801396c   0x000000be   Code   RO         7264    i.xQueueGenericSendFromISR  queue.o
    0x08013a2a   0x08013a2a   0x000000a0   Code   RO         7265    i.xQueueGiveFromISR  queue.o
    0x08013aca   0x08013aca   0x00000002   PAD
    0x08013acc   0x08013acc   0x00000148   Code   RO         7270    i.xQueueReceive     queue.o
    0x08013c14   0x08013c14   0x0000009a   Code   RO         7271    i.xQueueReceiveFromISR  queue.o
    0x08013cae   0x08013cae   0x00000002   PAD
    0x08013cb0   0x08013cb0   0x00000184   Code   RO         7272    i.xQueueSemaphoreTake  queue.o
    0x08013e34   0x08013e34   0x00000080   Code   RO         7665    i.xTaskCheckForTimeOut  tasks.o
    0x08013eb4   0x08013eb4   0x0000006c   Code   RO         7666    i.xTaskCreate       tasks.o
    0x08013f20   0x08013f20   0x00000060   Code   RO         7667    i.xTaskCreateStatic  tasks.o
    0x08013f80   0x08013f80   0x0000001c   Code   RO         7671    i.xTaskGetSchedulerState  tasks.o
    0x08013f9c   0x08013f9c   0x0000000c   Code   RO         7672    i.xTaskGetTickCount  tasks.o
    0x08013fa8   0x08013fa8   0x00000010   Code   RO         7673    i.xTaskGetTickCountFromISR  tasks.o
    0x08013fb8   0x08013fb8   0x000000d4   Code   RO         7674    i.xTaskIncrementTick  tasks.o
    0x0801408c   0x0801408c   0x0000009c   Code   RO         7677    i.xTaskPriorityDisinherit  tasks.o
    0x08014128   0x08014128   0x00000094   Code   RO         7678    i.xTaskPriorityInherit  tasks.o
    0x080141bc   0x080141bc   0x00000078   Code   RO         7679    i.xTaskRemoveFromEventList  tasks.o
    0x08014234   0x08014234   0x000000cc   Code   RO         7680    i.xTaskResumeAll    tasks.o
    0x08014300   0x08014300   0x0000002c   Code   RO         9919    locale$$code        c_w.l(lc_numeric_c.o)
    0x0801432c   0x0801432c   0x00000010   Code   RO         9921    x$fpl$dcheck1       fz_wv.l(dcheck1.o)
    0x0801433c   0x0801433c   0x0000000a   Code   RO        10003    x$fpl$fpinit        fz_wv.l(fpinit.o)
    0x08014346   0x08014346   0x00000004   Code   RO         9664    x$fpl$printf1       fz_wv.l(printf1.o)
    0x0801434a   0x0801434a   0x00000064   Code   RO         9991    x$fpl$retnan        fz_wv.l(retnan.o)
    0x080143ae   0x080143ae   0x0000005c   Code   RO         9808    x$fpl$scalbn        fz_wv.l(scalbn.o)
    0x0801440a   0x0801440a   0x00000030   Code   RO        10005    x$fpl$trapveneer    fz_wv.l(trapv.o)
    0x0801443a   0x0801443a   0x00000000   Code   RO         9810    x$fpl$usenofp       fz_wv.l(usenofp.o)
    0x0801443a   0x0801443a   0x00000002   PAD
    0x0801443c   0x0801443c   0x0000001c   Data   RO           46    .constdata          main.o
    0x08014458   0x08014458   0x00000008   Data   RO         1947    .constdata          stm32h7xx_hal_dma.o
    0x08014460   0x08014460   0x00000018   Data   RO         5722    .constdata          stm32h7xx_hal_uart.o
    0x08014478   0x08014478   0x00000010   Data   RO         6088    .constdata          stm32h7xx_hal_uart_ex.o
    0x08014488   0x08014488   0x00000010   Data   RO         6193    .constdata          system_stm32h7xx.o
    0x08014498   0x08014498   0x00000014   Data   RO         6352    .constdata          sd_diskio.o
    0x080144ac   0x080144ac   0x00000010   Data   RO         6353    .constdata          sd_diskio.o
    0x080144bc   0x080144bc   0x0000002a   Data   RO         6618    .constdata          ff.o
    0x080144e6   0x080144e6   0x0002abb6   Data   RO         7056    .constdata          cc936.o
    0x0803f09c   0x0803f09c   0x00000010   Data   RO         8990    .constdata          control.o
    0x0803f0ac   0x0803f0ac   0x00000011   Data   RO         9625    .constdata          c_w.l(__printf_flags_wp.o)
    0x0803f0bd   0x0803f0bd   0x00000003   PAD
    0x0803f0c0   0x0803f0c0   0x00000050   Data   RO         9669    .constdata          m_wv.l(asin.o)
    0x0803f110   0x0803f110   0x00000098   Data   RO         9683    .constdata          m_wv.l(atan.o)
    0x0803f1a8   0x0803f1a8   0x00000088   Data   RO         9721    .constdata          m_wv.l(pow.o)
    0x0803f230   0x0803f230   0x00000030   Data   RO         9812    .constdata          m_wv.l(cos_i.o)
    0x0803f260   0x0803f260   0x00000008   Data   RO         9838    .constdata          m_wv.l(qnan.o)
    0x0803f268   0x0803f268   0x000000c8   Data   RO         9841    .constdata          m_wv.l(rred.o)
    0x0803f330   0x0803f330   0x00000028   Data   RO         9845    .constdata          m_wv.l(sin_i.o)
    0x0803f358   0x0803f358   0x00000060   Data   RO         9851    .constdata          m_wv.l(tan_i.o)
    0x0803f3b8   0x0803f3b8   0x00000094   Data   RO         9890    .constdata          c_w.l(bigflt0.o)
    0x0803f44c   0x0803f44c   0x0000000c   Data   RO           47    .conststring        main.o
    0x0803f458   0x0803f458   0x000000b2   Data   RO         8605    .conststring        taskinit.o
    0x0803f50a   0x0803f50a   0x00000002   PAD
    0x0803f50c   0x0803f50c   0x00000252   Data   RO         8991    .conststring        control.o
    0x0803f75e   0x0803f75e   0x00000002   PAD
    0x0803f760   0x0803f760   0x00000020   Data   RO        10070    Region$$Table       anon$$obj.o
    0x0803f780   0x0803f780   0x0000001c   Data   RO         9918    locale$$data        c_w.l(lc_numeric_c.o)


    Execution Region RW_IRAM1 (Exec base: 0x20000000, Load base: 0x0803f79c, Size: 0x00000000, Max: 0x00020000, ABSOLUTE)

    **** No section assigned to this execution region ****


    Execution Region RW_IRAM2 (Exec base: 0x24000000, Load base: 0x0803f79c, Size: 0x00009ba0, Max: 0x00080000, ABSOLUTE, COMPRESSED[0x0000004c])

    Exec Addr    Load Addr    Size         Type   Attr      Idx    E Section Name        Object

    0x24000000   COMPRESSED   0x00000008   Data   RW           48    .data               main.o
    0x24000008   COMPRESSED   0x0000000c   Data   RW         2838    .data               stm32h7xx_hal.o
    0x24000014   COMPRESSED   0x00000008   Data   RW         6194    .data               system_stm32h7xx.o
    0x2400001c   COMPRESSED   0x00000008   Data   RW         6354    .data               sd_diskio.o
    0x24000024   COMPRESSED   0x00000005   Data   RW         6459    .data               fatfs.o
    0x24000029   COMPRESSED   0x00000003   PAD
    0x2400002c   COMPRESSED   0x00000008   Data   RW         6619    .data               ff.o
    0x24000034   COMPRESSED   0x00000044   Data   RW         7683    .data               tasks.o
    0x24000078   COMPRESSED   0x00000020   Data   RW         8387    .data               heap_4.o
    0x24000098   COMPRESSED   0x0000000c   Data   RW         8455    .data               port.o
    0x240000a4   COMPRESSED   0x00000004   Data   RW         8551    .data               printf.o
    0x240000a8   COMPRESSED   0x00000004   Data   RW         8552    .data               printf.o
    0x240000ac   COMPRESSED   0x00000070   Data   RW         8606    .data               taskinit.o
    0x2400011c   COMPRESSED   0x00000004   Data   RW         8716    .data               imu.o
    0x24000120   COMPRESSED   0x00000004   Data   RW         8717    .data               imu.o
    0x24000124   COMPRESSED   0x00000040   Data   RW         8774    .data               receiver.o
    0x24000164   COMPRESSED   0x00000004   Data   RW         8775    .data               receiver.o
    0x24000168   COMPRESSED   0x00000004   Data   RW         8776    .data               receiver.o
    0x2400016c   COMPRESSED   0x00000004   Data   RW         8822    .data               teleport.o
    0x24000170   COMPRESSED   0x00000001   Data   RW         8823    .data               teleport.o
    0x24000171   COMPRESSED   0x00000003   PAD
    0x24000174   COMPRESSED   0x00000004   Data   RW         8824    .data               teleport.o
    0x24000178   COMPRESSED   0x00000004   Data   RW         8825    .data               teleport.o
    0x2400017c   COMPRESSED   0x00000002   Data   RW         8826    .data               teleport.o
    0x2400017e   COMPRESSED   0x00000002   PAD
    0x24000180   COMPRESSED   0x00000004   Data   RW         8827    .data               teleport.o
    0x24000184   COMPRESSED   0x00000004   Data   RW         8877    .data               gnss.o
    0x24000188   COMPRESSED   0x00000004   Data   RW         8878    .data               gnss.o
    0x2400018c   COMPRESSED   0x00000004   Data   RW         8879    .data               gnss.o
    0x24000190   COMPRESSED   0x00000068   Data   RW         8992    .data               control.o
    0x240001f8   COMPRESSED   0x00000001   Data   RW         8993    .data               control.o
    0x240001f9   COMPRESSED   0x00000001   Data   RW         9050    .data               tf.o
    0x240001fa   COMPRESSED   0x00000006   PAD
    0x24000200   COMPRESSED   0x00000080   Data   RW         9110    .data               navigation.o
    0x24000280   COMPRESSED   0x00000008   Data   RW         9325    .data               guide.o
    0x24000288   COMPRESSED   0x00000008   Data   RW         9326    .data               guide.o
    0x24000290   COMPRESSED   0x00000008   Data   RW         9327    .data               guide.o
    0x24000298   COMPRESSED   0x00000008   Data   RW         9328    .data               guide.o
    0x240002a0   COMPRESSED   0x00000008   Data   RW         9329    .data               guide.o
    0x240002a8   COMPRESSED   0x00000008   Data   RW         9330    .data               guide.o
    0x240002b0   COMPRESSED   0x00000008   Data   RW         9331    .data               guide.o
    0x240002b8   COMPRESSED   0x00000008   Data   RW         9332    .data               guide.o
    0x240002c0   COMPRESSED   0x00000008   Data   RW         9333    .data               guide.o
    0x240002c8   COMPRESSED   0x00000028   Data   RW         9499    .data               rt_nonfinite.o
    0x240002f0        -       0x000008ac   Zero   RW           36    .bss                main.o
    0x24000b9c        -       0x00000078   Zero   RW           37    .bss                main.o
    0x24000c14        -       0x00000078   Zero   RW           38    .bss                main.o
    0x24000c8c        -       0x00000078   Zero   RW           39    .bss                main.o
    0x24000d04        -       0x00000078   Zero   RW           40    .bss                main.o
    0x24000d7c        -       0x00000078   Zero   RW           41    .bss                main.o
    0x24000df4        -       0x00000078   Zero   RW           42    .bss                main.o
    0x24000e6c        -       0x00000078   Zero   RW           43    .bss                main.o
    0x24000ee4        -       0x00000078   Zero   RW           44    .bss                main.o
    0x24000f5c        -       0x00000200   Zero   RW           45    .bss                main.o
    0x2400115c        -       0x00000184   Zero   RW          468    .bss                freertos.o
    0x240012e0        -       0x0000004c   Zero   RW          801    .bss                stm32h7xx_hal_timebase_tim.o
    0x2400132c        -       0x00000238   Zero   RW         6457    .bss                fatfs.o
    0x24001564        -       0x00000230   Zero   RW         6458    .bss                fatfs.o
    0x24001794        -       0x00000020   Zero   RW         6617    .bss                ff.o
    0x240017b4        -       0x0000000c   Zero   RW         6944    .bss                ff_gen_drv.o
    0x240017c0        -       0x00000040   Zero   RW         7273    .bss                queue.o
    0x24001800        -       0x000002e4   Zero   RW         7682    .bss                tasks.o
    0x24001ae4        -       0x00003c00   Zero   RW         8386    .bss                heap_4.o
    0x240056e4        -       0x0000003c   Zero   RW         8713    .bss                imu.o
    0x24005720        -       0x0000003c   Zero   RW         8714    .bss                imu.o
    0x2400575c   COMPRESSED   0x00000004   PAD
    0x24005760        -       0x000000d0   Zero   RW         8715    .bss                imu.o
    0x24005830        -       0x00000019   Zero   RW         8771    .bss                receiver.o
    0x24005849        -       0x00000019   Zero   RW         8772    .bss                receiver.o
    0x24005862        -       0x00000020   Zero   RW         8773    .bss                receiver.o
    0x24005882   COMPRESSED   0x00000006   PAD
    0x24005888        -       0x00000280   Zero   RW         8820    .bss                teleport.o
    0x24005b08        -       0x00000400   Zero   RW         8821    .bss                teleport.o
    0x24005f08        -       0x00000400   Zero   RW         8874    .bss                gnss.o
    0x24006308        -       0x00000400   Zero   RW         8875    .bss                gnss.o
    0x24006708        -       0x00000100   Zero   RW         8876    .bss                gnss.o
    0x24006808        -       0x00000032   Zero   RW         9048    .bss                tf.o
    0x2400683a        -       0x00000200   Zero   RW         9049    .bss                tf.o
    0x24006a3a   COMPRESSED   0x00000006   PAD
    0x24006a40        -       0x000000d0   Zero   RW         9109    .bss                navigation.o
    0x24006b10        -       0x00000030   Zero   RW         9324    .bss                guide.o
    0x24006b40        -       0x00000060   Zero   RW         9928    .bss                c_w.l(libspace.o)
    0x24006ba0        -       0x00001000   Zero   RW            2    HEAP                startup_stm32h743xx.o
    0x24007ba0        -       0x00002000   Zero   RW            1    STACK               startup_stm32h743xx.o


==============================================================================

Image component sizes


      Code (inc. data)   RO Data    RW Data    ZI Data      Debug   Object Name

       178         22          0          0          0       5033   bsp_driver_sd.o
       280         26     175030          0          0       3007   cc936.o
       788         18          0          0          0      34738   cmsis_os.o
      2284        422        610        105          0       5856   control.o
        88         34          0          0          0        643   control_roll.o
        60          6          0          0          0        476   delay.o
       160         26          0          0          0       3705   diskio.o
       554          6          0          0          0      25758   event_groups.o
        32         12          0          5       1128       1552   fatfs.o
        24          4          0          0          0        549   fatfs_platform.o
      8808        178         42          8         32      53136   ff.o
        78          4          0          0         12       1575   ff_gen_drv.o
        56         20          0          0        388       2289   freertos.o
      1296         84          0         12       2304       8216   gnss.o
         0          0          0         72         48       1038   guide.o
      2004         82          0          0          0       3269   guidence_plane.o
       208         28          0          0          0       1008   guidence_plane_rtwutil.o
       508         32          0         32      15360       7539   heap_4.o
       884         84          0          8        328       3518   imu.o
       224         10          0          0          0        821   judge_curve_change.o
        52         18          0          0          0        682   latlon_to_meter.o
       148          0          0          0          0       3582   list.o
      3456        270         40          8       3692    1404580   main.o
      1688        112          0        128        208       4337   navigation.o
       312         32          0          0          0       1390   norm.o
       176         34          0          0          0        844   path_follow.o
       240         26          0          0          0        850   point_curve_gap.o
       300         32          0          0          0        857   point_line_gap.o
       814         92          0         12          0      11841   port.o
        30          6          0          8          0       2798   printf.o
      2488         28          0          0         64      25889   queue.o
       816         90          0         72         82       3110   receiver.o
        62          6          0         40          0       1447   rt_nonfinite.o
       578         40         36          8          0      13881   sd_diskio.o
        64         26        664          0      12288        820   startup_stm32h743xx.o
       148         36          0         12          0      22565   stm32h7xx_hal.o
      2994        226          0          0          0      76402   stm32h7xx_hal_adc.o
       160         12          0          0          0      38710   stm32h7xx_hal_cortex.o
      5992        246          8          0          0      12257   stm32h7xx_hal_dma.o
       592         50          0          0          0       3508   stm32h7xx_hal_gpio.o
       192          6          0          0          0       3323   stm32h7xx_hal_i2c.o
       172          0          0          0          0       2027   stm32h7xx_hal_i2c_ex.o
      2568        234          0          0          0       8181   stm32h7xx_hal_msp.o
        84          6          0          0          0        769   stm32h7xx_hal_pwr_ex.o
      2706        128          0          0          0       8605   stm32h7xx_hal_rcc.o
      4776        172          0          0          0      10375   stm32h7xx_hal_rcc_ex.o
      3346         66          0          0          0      18616   stm32h7xx_hal_sd.o
       380         14          0          0          0       1671   stm32h7xx_hal_spi.o
      2828        306          0          0          0      19670   stm32h7xx_hal_tim.o
       170         30          0          0          0       3136   stm32h7xx_hal_tim_ex.o
       132         22          0          0         76       1516   stm32h7xx_hal_timebase_tim.o
      3676        172         24          0          0      39694   stm32h7xx_hal_uart.o
       290          6         16          0          0       5354   stm32h7xx_hal_uart_ex.o
      1204        242          0          0          0      12013   stm32h7xx_it.o
      1790         72          0          0          0      23890   stm32h7xx_ll_sdmmc.o
         0          0          0          0          0        392   stream_buffer.o
        74          0          0          0          0       4571   syscall.o
       220         40         16          8          0       1434   system_stm32h7xx.o
      2236       1022        178        112          0       8361   taskinit.o
      2992        258          0         68        740      33340   tasks.o
        56         10          0         19       1664       2117   teleport.o
       268        152          0          1        562       8794   tf.o

    ----------------------------------------------------------------------
     69878       5438     176700        752      38992    2011925   Object Totals
         0          0         32          0          0          0   (incl. Generated)
        94          0          4         14         16          0   (incl. Padding)

    ----------------------------------------------------------------------

      Code (inc. data)   RO Data    RW Data    ZI Data      Debug   Library Member Name

        90          0          0          0          0          0   __dczerorl2.o
         8          0          0          0          0         68   __main.o
       312          4         17          0          0         92   __printf_flags_wp.o
        14          0          0          0          0         68   __printf_wp.o
         0          0          0          0          0          0   __rtentry.o
        12          0          0          0          0          0   __rtentry2.o
         6          0          0          0          0          0   __rtentry4.o
        52          8          0          0          0          0   __scatter.o
        28          0          0          0          0          0   __scatter_zi.o
        44          0          0          0          0        108   _printf_char.o
        48          6          0          0          0         96   _printf_char_common.o
        36          4          0          0          0         80   _printf_char_file.o
         6          0          0          0          0          0   _printf_d.o
       120         16          0          0          0         92   _printf_dec.o
         6          0          0          0          0          0   _printf_f.o
      1054          0          0          0          0        216   _printf_fp_dec.o
       128         16          0          0          0         84   _printf_fp_infnan.o
       178          0          0          0          0         88   _printf_intcommon.o
         0          0          0          0          0          0   _printf_percent.o
         4          0          0          0          0          0   _printf_percent_end.o
         6          0          0          0          0          0   _printf_s.o
        82          0          0          0          0         80   _printf_str.o
         6          0          0          0          0          0   _printf_u.o
        22          0          0          0          0        100   _rserrno.o
        10          0          0          0          0         68   _sputc.o
        16          0          0          0          0         68   aeabi_memset.o
       228          4        148          0          0         96   bigflt0.o
      1936        128          0          0          0        672   btod.o
        18          0          0          0          0         80   exit.o
         8          0          0          0          0         68   ferror.o
         6          0          0          0          0        152   heapauxi.o
        44         10         28          0          0         76   lc_numeric_c.o
         2          0          0          0          0          0   libinit.o
        22          0          0          0          0          0   libinit2.o
         2          0          0          0          0          0   libshutdown.o
         2          0          0          0          0          0   libshutdown2.o
         8          4          0          0         96         68   libspace.o
       138          0          0          0          0         80   lludiv10.o
       238          0          0          0          0        100   lludivv7m.o
        24          4          0          0          0         84   noretval__2printf.o
        40          6          0          0          0         84   noretval__2sprintf.o
         8          4          0          0          0         68   rt_errno_addr_intlibspace.o
         8          4          0          0          0         68   rt_locale_intlibspace.o
        68          0          0          0          0         68   rt_memclr.o
        78          0          0          0          0         80   rt_memclr_w.o
       138          0          0          0          0         68   rt_memcpy_v6.o
       100          0          0          0          0         80   rt_memcpy_w.o
         2          0          0          0          0          0   rtexit.o
        10          0          0          0          0          0   rtexit2.o
       104          0          0          0          0         68   strcmpv7m_pel.o
        62          0          0          0          0         76   strlen.o
        36          0          0          0          0         80   strstr.o
        74          0          0          0          0         80   sys_stackheap_outer.o
         2          0          0          0          0         68   use_no_semi.o
         2          0          0          0          0         68   use_no_semi_2.o
        16          4          0          0          0        116   dcheck1.o
        10          0          0          0          0        116   fpinit.o
         4          0          0          0          0        116   printf1.o
       100          0          0          0          0        116   retnan.o
        92          0          0          0          0        116   scalbn.o
        48          0          0          0          0        116   trapv.o
         0          0          0          0          0          0   usenofp.o
       520         88         80          0          0        252   asin.o
       528        110        152          0          0        348   atan.o
       448         68          0          0          0        180   atan2.o
       176         18          0          0          0        156   cos.o
       224         42         48          0          0        184   cos_i.o
       116         60          0          0          0        696   dunder.o
        24          0          0          0          0        124   fabs.o
        48          0          0          0          0        124   fpclassify.o
       112          0          0          0          0        116   poly.o
      2296        304        136          0          0        320   pow.o
         0          0          8          0          0          0   qnan.o
       784        138        200          0          0        172   rred.o
       176         18          0          0          0        160   sin.o
       168         24         40          0          0        196   sin_i.o
       208          0          0          0          0        280   sqrt.o
       128         20          0          0          0        144   tan.o
       520         86         96          0          0        196   tan_i.o

    ----------------------------------------------------------------------
     12462       1198        956          0         96       8084   Library Totals
        20          0          3          0          0          0   (incl. Padding)

    ----------------------------------------------------------------------

      Code (inc. data)   RO Data    RW Data    ZI Data      Debug   Library Name

      5696        218        193          0         96       3740   c_w.l
       270          4          0          0          0        696   fz_wv.l
      6476        976        760          0          0       3648   m_wv.l

    ----------------------------------------------------------------------
     12462       1198        956          0         96       8084   Library Totals

    ----------------------------------------------------------------------

==============================================================================


      Code (inc. data)   RO Data    RW Data    ZI Data      Debug   

     82340       6636     177656        752      39088    1971877   Grand Totals
     82340       6636     177656         76      39088    1971877   ELF Image Totals (compressed)
     82340       6636     177656         76          0          0   ROM Totals

==============================================================================

    Total RO  Size (Code + RO Data)               259996 ( 253.90kB)
    Total RW  Size (RW Data + ZI Data)             39840 (  38.91kB)
    Total ROM Size (Code + RO Data + RW Data)     260072 ( 253.98kB)

==============================================================================

