<html>
<body>
<pre>
<h1>µVision Build Log</h1>
<h2>Tool Versions:</h2>
IDE-Version: ¦ÌVision V5.25.3.0
Copyright (C) 2018 ARM Ltd and ARM Germany GmbH. All rights reserved.
License Information: lei yu, npu, LIC=EPPLD-8FCW6-TLQCD-88GZV-W4ZUH-5RS8X
 
Tool Versions:
Toolchain:       MDK-ARM Professional  Version: 5.30.0.0
Toolchain Path:  D:\ProgramFile\Keil5\ARM\ARMCC\Bin
C Compiler:      Armcc.exe V5.06 update 6 (build 750)
Assembler:       Armasm.exe V5.06 update 6 (build 750)
Linker/Locator:  ArmLink.exe V5.06 update 6 (build 750)
Library Manager: ArmAr.exe V5.06 update 6 (build 750)
Hex Converter:   FromElf.exe V5.06 update 6 (build 750)
CPU DLL:         SARMCM3.DLL V5.30.0.0
Dialog DLL:      DCM.DLL V1.17.3.0
Target DLL:      STLink\ST-LINKIII-KEIL_SWO.dll V3.0.7.0
Dialog DLL:      TCM.DLL V1.42.0.0
 
<h2>Project:</h2>
C:\Users\13728\Desktop\FMU\Project\FMU.uvprojx
Project File Date:  12/10/2022

<h2>Output:</h2>
*** Using Compiler 'V5.06 update 6 (build 750)', folder: 'D:\ProgramFile\Keil5\ARM\ARMCC\Bin'
Build target 'Target 1'
compiling lora.c...
compiling spi.c...
compiling atgm336h.c...
compiling adxl357.c...
compiling bmm150.c...
compiling usart.c...
compiling bmi088.c...
compiling bmp388.c...
compiling main.c...
compiling control.c...
compiling w25q.c...
compiling command.c...
..\Solution\command\command.c(11): warning:  #167-D: argument of type "uint8_t *" is incompatible with parameter of type "const char *"
    if(strcmp(buffer,"BMI_START") == 0) {Command_State = BMI_START;Sample_Start();}
..\Solution\command\command.c(12): warning:  #167-D: argument of type "uint8_t *" is incompatible with parameter of type "const char *"
    else if(strcmp(buffer,"MagnetismOffset_INIT") == 0) {Command_State = MagnetismOffset_INIT;MagnetismOffset_Init();}
..\Solution\command\command.c(13): warning:  #167-D: argument of type "uint8_t *" is incompatible with parameter of type "const char *"
    else if(strcmp(buffer,"MagnetismOffset_STOP") == 0) {Command_State = MagnetismOffset_STOP;}
..\Solution\command\command.c(14): warning:  #167-D: argument of type "uint8_t *" is incompatible with parameter of type "const char *"
    else if(strcmp(buffer,"Sample_STOP") == 0) Sample_Stop();
..\Solution\command\command.c(15): warning:  #167-D: argument of type "uint8_t *" is incompatible with parameter of type "const char *"
    else if(strcmp(buffer,"W25Q_DataConsult") == 0) W25Q_DataConsult();
..\Solution\command\command.c(16): warning:  #167-D: argument of type "uint8_t *" is incompatible with parameter of type "const char *"
    else if(strcmp(buffer,"W25Q_DataClear") == 0) W25Q_DataClear();
..\Solution\command\command.c(17): warning:  #167-D: argument of type "uint8_t *" is incompatible with parameter of type "const char *"
    else if(strcmp(buffer,"W25Q_ChipErase") == 0) {LED_EN;W25Q_ChipErase();LED_DIS;}
..\Solution\command\command.c(18): warning:  #167-D: argument of type "uint8_t *" is incompatible with parameter of type "const char *"
    else if(strcmp(buffer,"AttitudeSolution_TEST") == 0) {Command_State = AttitudeSolution_TEST;AttitudeSolution_Ttst();}
..\Solution\command\command.c(19): warning:  #167-D: argument of type "uint8_t *" is incompatible with parameter of type "const char *"
    else if(strcmp(buffer,"AccelerationSolution_TEST") == 0) {Command_State = AccelerationSolution_TEST;AccelerationSolution_Test();}
..\Solution\command\command.c(20): warning:  #167-D: argument of type "uint8_t *" is incompatible with parameter of type "const char *"
    else if(strcmp(buffer,"VelocitySolution_TEST") == 0) {Command_State = VelocitySolution_TEST;VelocitySolution_Test();}
..\Solution\command\command.c(21): warning:  #167-D: argument of type "uint8_t *" is incompatible with parameter of type "const char *"
    else if(strcmp(buffer,"PositionSolution_TEST") == 0) {Command_State = PositionSolution_TEST;PositionSolution_Test();}
..\Solution\command\command.c(22): warning:  #167-D: argument of type "uint8_t *" is incompatible with parameter of type "const char *"
    else if(strcmp(buffer,"IMUOffset_INIT") == 0) {Command_State = IMUUpOffset;IMUOffset_Init();}
..\Solution\command\command.c(23): warning:  #167-D: argument of type "uint8_t *" is incompatible with parameter of type "const char *"
    else if(strcmp(buffer,"IMUBackOffset") == 0) {Command_State = IMUBackOffset;}
..\Solution\command\command.c(24): warning:  #167-D: argument of type "uint8_t *" is incompatible with parameter of type "const char *"
    else if(strcmp(buffer,"FMUOffset_DEINIT") == 0) FMUOffset_DeInit();
..\Solution\command\command.c(25): warning:  #167-D: argument of type "uint8_t *" is incompatible with parameter of type "const char *"
    else if(strcmp(buffer,"Data_STORAGE") == 0) {Command_State = Data_STORAGE;DataStorage_Init();}
..\Solution\command\command.c(26): warning:  #167-D: argument of type "uint8_t *" is incompatible with parameter of type "const char *"
    else if(strcmp(buffer,"Data_READ") == 0) {Command_State = Data_READ;DataRead(0x10000);}
..\Solution\command\command.c(27): warning:  #167-D: argument of type "uint8_t *" is incompatible with parameter of type "const char *"
    else if(strcmp(buffer,"Height_TEST") == 0) {Command_State = Height_TEST;Height_Test();}
..\Solution\command\command.c(28): warning:  #167-D: argument of type "uint8_t *" is incompatible with parameter of type "const char *"
    else if(strcmp(buffer,"Position_INIT") == 0) Position_Init();
..\Solution\command\command.c(29): warning:  #167-D: argument of type "uint8_t *" is incompatible with parameter of type "const char *"
    else if(strcmp(buffer,"Position_DEINIT") == 0) Position_DeInit();
..\Solution\command\command.c(30): warning:  #167-D: argument of type "uint8_t *" is incompatible with parameter of type "const char *"
    else if(strcmp(buffer,"Control_START") == 0) {Command_State = Control_START;Control_Start();}
..\Solution\command\command.c(31): warning:  #167-D: argument of type "uint8_t *" is incompatible with parameter of type "const char *"
    else if(strcmp(buffer,"Control_EMERGENCY") == 0) Control_Emergency();
..\Solution\command\command.c(32): warning:  #167-D: argument of type "uint8_t *" is incompatible with parameter of type "const char *"
    else if(strcmp(buffer,"MotorCal_START") == 0) MotorCal_Start();
..\Solution\command\command.c(33): warning:  #167-D: argument of type "uint8_t *" is incompatible with parameter of type "const char *"
    else if(strcmp(buffer,"MotorCal_STOP") == 0) MotorCal_Stop();
..\Solution\command\command.c(145): warning:  #513-D: a value of type "uint8_t *" cannot be assigned to an entity of type "uint32_t *"
    addr = W25Q_buffer;
..\Solution\command\command.c(170): warning:  #513-D: a value of type "uint8_t *" cannot be assigned to an entity of type "uint32_t *"
      res = W25Q_buffer;
..\Solution\command\command.c(227): warning:  #513-D: a value of type "uint8_t *" cannot be assigned to an entity of type "uint32_t *"
      number = W25Q_buffer;
..\Solution\command\command.c(232): warning:  #513-D: a value of type "uint8_t *" cannot be assigned to an entity of type "double *"
        tran = W25Q_buffer;
..\Solution\command\command.c(220): warning:  #177-D: variable "data"  was declared but never referenced
    double *tran,data[16];
..\Solution\command\command.c(317): warning:  #144-D: a value of type "double *" cannot be used to initialize an entity of type "uint8_t *"
    uint8_t *tran = data;
..\Solution\command\command.c(334): warning:  #513-D: a value of type "double *" cannot be assigned to an entity of type "uint8_t *"
    tran = data;
..\Solution\command\command.c(426): warning:  #513-D: a value of type "double *" cannot be assigned to an entity of type "uint8_t *"
    tran = data;
..\Solution\command\command.c(468): warning:  #513-D: a value of type "double *" cannot be assigned to an entity of type "uint8_t *"
    tran = data;
..\Solution\command\command.c(498): warning:  #513-D: a value of type "uint8_t *" cannot be assigned to an entity of type "double *"
    tran = W25Q_buffer;
..\Solution\command\command.c: 33 warnings, 0 errors
compiling computation.c...
linking...
Program Size: Code=54744 RO-data=1740 RW-data=328 ZI-data=7072  
FromELF: creating hex file...
".\Objects\FMU.axf" - 0 Error(s), 33 Warning(s).

<h2>Software Packages used:</h2>

Package Vendor: Keil
                http://www.keil.com/pack/Keil.STM32F4xx_DFP.2.13.0.pack
                Keil.STM32F4xx_DFP.2.13.0
                STMicroelectronics STM32F4 Series Device Support, Drivers and Examples

<h2>Collection of Component include folders:</h2>
  .\RTE\_Target_1
  D:\ProgramFile\Keil5\Keil\STM32F4xx_DFP\2.13.0\Drivers\CMSIS\Device\ST\STM32F4xx\Include

<h2>Collection of Component Files used:</h2>
Build Time Elapsed:  00:00:06
</pre>
</body>
</html>
