<html>
<body>
<pre>
<h1>µVision Build Log</h1>
<h2>Tool Versions:</h2>
IDE-Version: ¦ÌVision V5.25.3.0
Copyright (C) 2018 ARM Ltd and ARM Germany GmbH. All rights reserved.
License Information: lei yu, npu, LIC=EPPLD-8FCW6-TLQCD-88GZV-W4ZUH-5RS8X
 
Tool Versions:
Toolchain:       MDK-ARM Professional  Version: 5.30.0.0
Toolchain Path:  D:\ProgramFile\Keil5\ARM\ARMCC\Bin
C Compiler:      Armcc.exe V5.06 update 6 (build 750)
Assembler:       Armasm.exe V5.06 update 6 (build 750)
Linker/Locator:  ArmLink.exe V5.06 update 6 (build 750)
Library Manager: ArmAr.exe V5.06 update 6 (build 750)
Hex Converter:   FromElf.exe V5.06 update 6 (build 750)
CPU DLL:         SARMCM3.DLL V5.30.0.0
Dialog DLL:      DCM.DLL V1.17.3.0
Target DLL:      STLink\ST-LINKIII-KEIL_SWO.dll V3.0.7.0
Dialog DLL:      TCM.DLL V1.42.0.0
 
<h2>Project:</h2>
C:\Users\13728\Desktop\FMU-main\Project\FMU.uvprojx
Project File Date:  08/17/2023

<h2>Output:</h2>
*** Using Compiler 'V5.06 update 6 (build 750)', folder: 'D:\ProgramFile\Keil5\ARM\ARMCC\Bin'
Rebuild target 'Target 1'
compiling stm32f4xx_crc.c...
compiling stm32f4xx_adc.c...
compiling stm32f4xx_cryp_des.c...
compiling misc.c...
compiling stm32f4xx_cryp_tdes.c...
compiling stm32f4xx_cryp.c...
compiling stm32f4xx_can.c...
compiling stm32f4xx_cryp_aes.c...
compiling stm32f4xx_exti.c...
compiling stm32f4xx_dac.c...
compiling stm32f4xx_dbgmcu.c...
compiling stm32f4xx_dcmi.c...
compiling stm32f4xx_dma2d.c...
compiling stm32f4xx_dma.c...
compiling stm32f4xx_flash.c...
compiling stm32f4xx_flash_ramfunc.c...
compiling stm32f4xx_fsmc.c...
compiling stm32f4xx_hash_sha1.c...
compiling stm32f4xx_hash.c...
compiling stm32f4xx_hash_md5.c...
compiling stm32f4xx_iwdg.c...
compiling stm32f4xx_gpio.c...
compiling stm32f4xx_ltdc.c...
compiling stm32f4xx_i2c.c...
compiling stm32f4xx_pwr.c...
compiling stm32f4xx_syscfg.c...
compiling stm32f4xx_spi.c...
compiling stm32f4xx_sai.c...
compiling stm32f4xx_rng.c...
compiling stm32f4xx_sdio.c...
compiling stm32f4xx_rcc.c...
assembling startup_stm32f40_41xxx.s...
compiling stm32f4xx_rtc.c...
compiling iic.c...
compiling stm32f4xx_wwdg.c...
compiling stm32f4xx_tim.c...
compiling stm32f4xx_usart.c...
compiling spi.c...
compiling dma.c...
compiling usart.c...
compiling bmm150.c...
compiling buzzer.c...
compiling serve.c...
compiling led.c...
compiling adxl357.c...
compiling voltage.c...
compiling fuse.c...
compiling atgm336h.c...
compiling bmp388.c...
compiling bmi088.c...
compiling stm32f4xx_it.c...
compiling sys.c...
compiling system_stm32f4xx.c...
compiling w25q.c...
compiling lora.c...
compiling delay.c...
compiling main.c...
compiling command.c...
..\Solution\command\command.c(14): warning:  #167-D: argument of type "uint8_t *" is incompatible with parameter of type "const char *"
    if(strcmp(buffer,"BMI_TEST") == 0) {Command_State = BMI_TEST;Sample_Start();}
..\Solution\command\command.c(15): warning:  #167-D: argument of type "uint8_t *" is incompatible with parameter of type "const char *"
    else if(strcmp(buffer,"ADXL_TEST") == 0) {Command_State = ADXL_TEST;Sample_Start();}
..\Solution\command\command.c(16): warning:  #167-D: argument of type "uint8_t *" is incompatible with parameter of type "const char *"
    else if(strcmp(buffer,"BMM_TEST") == 0) {Command_State = BMM_TEST;Sample_Start();}
..\Solution\command\command.c(17): warning:  #167-D: argument of type "uint8_t *" is incompatible with parameter of type "const char *"
    else if(strcmp(buffer,"MagnetismOffset_INIT") == 0) {Command_State = MagnetismOffset_INIT;}
..\Solution\command\command.c(18): warning:  #167-D: argument of type "uint8_t *" is incompatible with parameter of type "const char *"
    else if(strcmp(buffer,"MagnetismOffset_STOP") == 0) {Command_State = MagnetismOffset_STOP;}
..\Solution\command\command.c(19): warning:  #167-D: argument of type "uint8_t *" is incompatible with parameter of type "const char *"
    else if(strcmp(buffer,"Sample_STOP") == 0) Sample_Stop();
..\Solution\command\command.c(20): warning:  #167-D: argument of type "uint8_t *" is incompatible with parameter of type "const char *"
    else if(strcmp(buffer,"W25Q_DataConsult") == 0) W25Q_DataConsult();
..\Solution\command\command.c(21): warning:  #167-D: argument of type "uint8_t *" is incompatible with parameter of type "const char *"
    else if(strcmp(buffer,"W25Q_DataClear") == 0) W25Q_DataClear();
..\Solution\command\command.c(22): warning:  #167-D: argument of type "uint8_t *" is incompatible with parameter of type "const char *"
    else if(strcmp(buffer,"W25Q_ChipErase") == 0) {LED_EN;W25Q_ChipErase();LED_DIS;}
..\Solution\command\command.c(23): warning:  #167-D: argument of type "uint8_t *" is incompatible with parameter of type "const char *"
    else if(strcmp(buffer,"Q_INIT") == 0) {Q_Init();}
..\Solution\command\command.c(24): warning:  #167-D: argument of type "uint8_t *" is incompatible with parameter of type "const char *"
    else if(strcmp(buffer,"AttitudeSolution_TEST") == 0) {Command_State = AttitudeSolution_TEST;AttitudeSolution_Ttst();}
..\Solution\command\command.c(25): warning:  #167-D: argument of type "uint8_t *" is incompatible with parameter of type "const char *"
    else if(strcmp(buffer,"AttitudeCompensation_TEST") == 0) {Command_State = AttitudeCompensation_TEST;AttitudeSolution_Ttst();}
..\Solution\command\command.c(26): warning:  #167-D: argument of type "uint8_t *" is incompatible with parameter of type "const char *"
    else if(strcmp(buffer,"AccelerationSolution_TEST") == 0) {Command_State = AccelerationSolution_TEST;AccelerationSolution_Test();}
..\Solution\command\command.c(27): warning:  #167-D: argument of type "uint8_t *" is incompatible with parameter of type "const char *"
    else if(strcmp(buffer,"VelocitySolution_TEST") == 0) {Command_State = VelocitySolution_TEST;VelocitySolution_Test();}
..\Solution\command\command.c(28): warning:  #167-D: argument of type "uint8_t *" is incompatible with parameter of type "const char *"
    else if(strcmp(buffer,"PositionSolution_TEST") == 0) {Command_State = PositionSolution_TEST;PositionSolution_Test();}
..\Solution\command\command.c(29): warning:  #167-D: argument of type "uint8_t *" is incompatible with parameter of type "const char *"
    else if(strcmp(buffer,"IMUOffset_INIT") == 0) {Command_State = IMUUpOffset;}
..\Solution\command\command.c(30): warning:  #167-D: argument of type "uint8_t *" is incompatible with parameter of type "const char *"
    else if(strcmp(buffer,"IMUBackOffset") == 0) {Command_State = IMUBackOffset;}
..\Solution\command\command.c(31): warning:  #167-D: argument of type "uint8_t *" is incompatible with parameter of type "const char *"
    else if(strcmp(buffer,"FMUOffset_DEINIT") == 0) FMUOffset_DeInit();
..\Solution\command\command.c(32): warning:  #167-D: argument of type "uint8_t *" is incompatible with parameter of type "const char *"
    else if(strcmp(buffer,"Data_STORAGE") == 0) {Command_State = Data_STORAGE;DataStorage_Init();}
..\Solution\command\command.c(33): warning:  #167-D: argument of type "uint8_t *" is incompatible with parameter of type "const char *"
    else if(strcmp(buffer,"Data_READ") == 0) {Command_State = Data_READ;DataRead(0x10000);}
..\Solution\command\command.c(34): warning:  #167-D: argument of type "uint8_t *" is incompatible with parameter of type "const char *"
    else if(strcmp(buffer,"Height_TEST") == 0) {Command_State = Height_TEST;Height_Test();}
..\Solution\command\command.c(35): warning:  #167-D: argument of type "uint8_t *" is incompatible with parameter of type "const char *"
    else if(strcmp(buffer,"Position_INIT") == 0) Position_Init();
..\Solution\command\command.c(36): warning:  #167-D: argument of type "uint8_t *" is incompatible with parameter of type "const char *"
    else if(strcmp(buffer,"Position_DEINIT") == 0) Position_DeInit();
..\Solution\command\command.c(37): warning:  #167-D: argument of type "uint8_t *" is incompatible with parameter of type "const char *"
    else if(strcmp(buffer,"ParafoilControl_START") == 0) {Command_State = ParafoilControl_START;ParafoilControl_Start();}
..\Solution\command\command.c(38): warning:  #167-D: argument of type "uint8_t *" is incompatible with parameter of type "const char *"
    else if(strcmp(buffer,"ParafoilControl_STOP") == 0) ParafoilControl_Stop();
..\Solution\command\command.c(39): warning:  #167-D: argument of type "uint8_t *" is incompatible with parameter of type "const char *"
    else if(strcmp(buffer,"MotorCal_START") == 0) MotorCal_Start();
..\Solution\command\command.c(40): warning:  #167-D: argument of type "uint8_t *" is incompatible with parameter of type "const char *"
    else if(strcmp(buffer,"MotorCal_STOP") == 0) MotorCal_Stop();
..\Solution\command\command.c(41): warning:  #167-D: argument of type "uint8_t *" is incompatible with parameter of type "const char *"
    else if(strcmp(buffer,"FixdWingControl_TEST") == 0) {Command_State = FixdWingControl_TEST;FixdWingControl_Start();}
..\Solution\command\command.c(149): warning:  #513-D: a value of type "uint8_t *" cannot be assigned to an entity of type "uint32_t *"
    addr = W25Q_buffer;
..\Solution\command\command.c(173): warning:  #513-D: a value of type "uint8_t *" cannot be assigned to an entity of type "uint32_t *"
      res = W25Q_buffer;
..\Solution\command\command.c(200): warning:  #513-D: a value of type "uint8_t *" cannot be assigned to an entity of type "uint32_t *"
      number = W25Q_buffer;
..\Solution\command\command.c(205): warning:  #513-D: a value of type "uint8_t *" cannot be assigned to an entity of type "double *"
        tran = W25Q_buffer;
..\Solution\command\command.c(193): warning:  #177-D: variable "data"  was declared but never referenced
    double *tran,data[16];
..\Solution\command\command.c(226): warning:  #144-D: a value of type "double *" cannot be used to initialize an entity of type "uint8_t *"
    uint8_t *tran = data;
..\Solution\command\command.c(259): warning:  #513-D: a value of type "double *" cannot be assigned to an entity of type "uint8_t *"
    tran = data;
..\Solution\command\command.c(349): warning:  #513-D: a value of type "double *" cannot be assigned to an entity of type "uint8_t *"
    tran = data;
..\Solution\command\command.c(397): warning:  #513-D: a value of type "double *" cannot be assigned to an entity of type "uint8_t *"
    tran = data;
..\Solution\command\command.c(427): warning:  #513-D: a value of type "uint8_t *" cannot be assigned to an entity of type "double *"
    tran = W25Q_buffer;
..\Solution\command\command.c: 38 warnings, 0 errors
compiling control.c...
..\Solution\control\control.c(84): warning:  #1035-D: single-precision operand implicitly converted to double-precision
      serve_yaw = Kp_yaw*(AngleDifference(yaw_init,MotionData.yaw)*57.3)+Kd_yaw*MotionData.gyr_z;
..\Solution\control\control.c: 1 warning, 0 errors
compiling computation.c...
linking...
Program Size: Code=55648 RO-data=1768 RW-data=288 ZI-data=8024  
FromELF: creating hex file...
".\Objects\FMU.axf" - 0 Error(s), 39 Warning(s).

<h2>Software Packages used:</h2>

Package Vendor: Keil
                http://www.keil.com/pack/Keil.STM32F4xx_DFP.2.13.0.pack
                Keil.STM32F4xx_DFP.2.13.0
                STMicroelectronics STM32F4 Series Device Support, Drivers and Examples

<h2>Collection of Component include folders:</h2>
  .\RTE\_Target_1
  D:\ProgramFile\Keil5\Keil\STM32F4xx_DFP\2.13.0\Drivers\CMSIS\Device\ST\STM32F4xx\Include

<h2>Collection of Component Files used:</h2>
Build Time Elapsed:  00:00:17
</pre>
</body>
</html>
